Archive member included because of file (symbol)

./mbed/TARGET_LPC1768/TOOLCHAIN_GCC_ARM/libmbed.a(i2c_api.o)
                              grove_drivers/Grove_Example/GroveExample.o (i2c_init)
./mbed/TARGET_LPC1768/TOOLCHAIN_GCC_ARM/libmbed.a(serial_api.o)
                              grove_drivers/suli2.o (serial_getc)
./mbed/TARGET_LPC1768/TOOLCHAIN_GCC_ARM/libmbed.a(us_ticker.o)
                              grove_drivers/suli2.o (us_ticker_read)
./mbed/TARGET_LPC1768/TOOLCHAIN_GCC_ARM/libmbed.a(FilePath.o)
                              mbed/TARGET_LPC1768/TOOLCHAIN_GCC_ARM/retarget.o (mbed::FilePath::FilePath(char const*))
./mbed/TARGET_LPC1768/TOOLCHAIN_GCC_ARM/libmbed.a(FileSystemLike.o)
                              mbed/TARGET_LPC1768/TOOLCHAIN_GCC_ARM/retarget.o (mbed::FileSystemLike::opendir())
./mbed/TARGET_LPC1768/TOOLCHAIN_GCC_ARM/libmbed.a(Stream.o)
                              main.o (mbed::Stream::~Stream())
./mbed/TARGET_LPC1768/TOOLCHAIN_GCC_ARM/libmbed.a(Serial.o)
                              main.o (mbed::Serial::Serial(PinName, PinName, char const*))
./mbed/TARGET_LPC1768/TOOLCHAIN_GCC_ARM/libmbed.a(assert.o)
                              mbed/TARGET_LPC1768/TOOLCHAIN_GCC_ARM/board.o (mbed_assert_internal)
./mbed/TARGET_LPC1768/TOOLCHAIN_GCC_ARM/libmbed.a(error.o)
                              mbed/TARGET_LPC1768/TOOLCHAIN_GCC_ARM/retarget.o (error)
./mbed/TARGET_LPC1768/TOOLCHAIN_GCC_ARM/libmbed.a(mbed_interface.o)
                              mbed/TARGET_LPC1768/TOOLCHAIN_GCC_ARM/retarget.o (mbed_interface_connected)
./mbed/TARGET_LPC1768/TOOLCHAIN_GCC_ARM/libmbed.a(gpio.o)
                              ./mbed/TARGET_LPC1768/TOOLCHAIN_GCC_ARM/libmbed.a(serial_api.o) (gpio_init_in)
./mbed/TARGET_LPC1768/TOOLCHAIN_GCC_ARM/libmbed.a(pinmap_common.o)
                              ./mbed/TARGET_LPC1768/TOOLCHAIN_GCC_ARM/libmbed.a(i2c_api.o) (pinmap_pinout)
./mbed/TARGET_LPC1768/TOOLCHAIN_GCC_ARM/libmbed.a(semihost_api.o)
                              mbed/TARGET_LPC1768/TOOLCHAIN_GCC_ARM/retarget.o (semihost_exit)
./mbed/TARGET_LPC1768/TOOLCHAIN_GCC_ARM/libmbed.a(us_ticker_api.o)
                              ./mbed/TARGET_LPC1768/TOOLCHAIN_GCC_ARM/libmbed.a(us_ticker.o) (us_ticker_irq_handler)
./mbed/TARGET_LPC1768/TOOLCHAIN_GCC_ARM/libmbed.a(wait_api.o)
                              main.o (wait_ms)
./mbed/TARGET_LPC1768/TOOLCHAIN_GCC_ARM/libmbed.a(gpio_api.o)
                              ./mbed/TARGET_LPC1768/TOOLCHAIN_GCC_ARM/libmbed.a(gpio.o) (gpio_init)
./mbed/TARGET_LPC1768/TOOLCHAIN_GCC_ARM/libmbed.a(pinmap.o)
                              ./mbed/TARGET_LPC1768/TOOLCHAIN_GCC_ARM/libmbed.a(pinmap_common.o) (pin_function)
./mbed/TARGET_LPC1768/TOOLCHAIN_GCC_ARM/libmbed.a(FileBase.o)
                              ./mbed/TARGET_LPC1768/TOOLCHAIN_GCC_ARM/libmbed.a(FileSystemLike.o) (mbed::FileBase::~FileBase())
./mbed/TARGET_LPC1768/TOOLCHAIN_GCC_ARM/libmbed.a(FileLike.o)
                              ./mbed/TARGET_LPC1768/TOOLCHAIN_GCC_ARM/libmbed.a(Stream.o) (mbed::FileLike::~FileLike())
./mbed/TARGET_LPC1768/TOOLCHAIN_GCC_ARM/libmbed.a(SerialBase.o)
                              ./mbed/TARGET_LPC1768/TOOLCHAIN_GCC_ARM/libmbed.a(Serial.o) (mbed::SerialBase::SerialBase(PinName, PinName))
./mbed/TARGET_LPC1768/TOOLCHAIN_GCC_ARM/libmbed.a(FunctionPointer.o)
                              ./mbed/TARGET_LPC1768/TOOLCHAIN_GCC_ARM/libmbed.a(SerialBase.o) (mbed::FunctionPointer::FunctionPointer(void (*)()))
/Developer/Tools/gcc-arm-none-eabi-4_9-2015q1/bin/../lib/gcc/arm-none-eabi/4.9.3/../../../../arm-none-eabi/lib/armv7-m/libstdc++_nano.a(atexit_arm.o)
                              main.o (__aeabi_atexit)
/Developer/Tools/gcc-arm-none-eabi-4_9-2015q1/bin/../lib/gcc/arm-none-eabi/4.9.3/../../../../arm-none-eabi/lib/armv7-m/libstdc++_nano.a(del_op.o)
                              main.o (operator delete(void*))
/Developer/Tools/gcc-arm-none-eabi-4_9-2015q1/bin/../lib/gcc/arm-none-eabi/4.9.3/../../../../arm-none-eabi/lib/armv7-m/libstdc++_nano.a(new_op.o)
                              ./mbed/TARGET_LPC1768/TOOLCHAIN_GCC_ARM/libmbed.a(FileSystemLike.o) (operator new(unsigned int))
/Developer/Tools/gcc-arm-none-eabi-4_9-2015q1/bin/../lib/gcc/arm-none-eabi/4.9.3/../../../../arm-none-eabi/lib/armv7-m/libstdc++_nano.a(new_handler.o)
                              /Developer/Tools/gcc-arm-none-eabi-4_9-2015q1/bin/../lib/gcc/arm-none-eabi/4.9.3/../../../../arm-none-eabi/lib/armv7-m/libstdc++_nano.a(new_op.o) (std::get_new_handler())
/Developer/Tools/gcc-arm-none-eabi-4_9-2015q1/bin/../lib/gcc/arm-none-eabi/4.9.3/../../../../arm-none-eabi/lib/armv7-m/libc_nano.a(lib_a-abort.o)
                              /Developer/Tools/gcc-arm-none-eabi-4_9-2015q1/bin/../lib/gcc/arm-none-eabi/4.9.3/../../../../arm-none-eabi/lib/armv7-m/libstdc++_nano.a(new_op.o) (abort)
[...]
Memory Configuration

Name             Origin             Length             Attributes
FLASH            0x0000000000000000 0x0000000000080000 xr
RAM              0x00000000100000c8 0x0000000000007f38 xrw
USB_RAM          0x000000002007c000 0x0000000000004000 xrw
ETH_RAM          0x0000000020080000 0x0000000000004000 xrw
*default*        0x0000000000000000 0xffffffffffffffff

Linker script and memory map

LOAD /Developer/Tools/gcc-arm-none-eabi-4_9-2015q1/bin/../lib/gcc/arm-none-eabi/4.9.3/armv7-m/crti.o
LOAD /Developer/Tools/gcc-arm-none-eabi-4_9-2015q1/bin/../lib/gcc/arm-none-eabi/4.9.3/armv7-m/crtbegin.o
LOAD /Developer/Tools/gcc-arm-none-eabi-4_9-2015q1/bin/../lib/gcc/arm-none-eabi/4.9.3/../../../../arm-none-eabi/lib/armv7-m/crt0.o
LOAD main.o
LOAD grove_drivers/suli2.o
LOAD grove_rpc_server/rpc_server.o
LOAD grove_rpc_server/rpc_server_registration.o
LOAD grove_rpc_server/rpc_stream.o
LOAD grove_drivers/Grove_Example/GroveExample.o
LOAD grove_drivers/Grove_Example/GroveExample_Generated.o
LOAD mbed/TARGET_LPC1768/TOOLCHAIN_GCC_ARM/cmsis_nvic.o
LOAD mbed/TARGET_LPC1768/TOOLCHAIN_GCC_ARM/system_LPC17xx.o
LOAD mbed/TARGET_LPC1768/TOOLCHAIN_GCC_ARM/board.o
LOAD mbed/TARGET_LPC1768/TOOLCHAIN_GCC_ARM/retarget.o
LOAD mbed/TARGET_LPC1768/TOOLCHAIN_GCC_ARM/startup_LPC17xx.o
LOAD ./mbed/TARGET_LPC1768/TOOLCHAIN_GCC_ARM/libmbed.a
LOAD /Developer/Tools/gcc-arm-none-eabi-4_9-2015q1/bin/../lib/gcc/arm-none-eabi/4.9.3/../../../../arm-none-eabi/lib/armv7-m/libstdc++_nano.a
LOAD /Developer/Tools/gcc-arm-none-eabi-4_9-2015q1/bin/../lib/gcc/arm-none-eabi/4.9.3/../../../../arm-none-eabi/lib/armv7-m/libsupc++_nano.a
LOAD /Developer/Tools/gcc-arm-none-eabi-4_9-2015q1/bin/../lib/gcc/arm-none-eabi/4.9.3/../../../../arm-none-eabi/lib/armv7-m/libm.a
LOAD /Developer/Tools/gcc-arm-none-eabi-4_9-2015q1/bin/../lib/gcc/arm-none-eabi/4.9.3/../../../../arm-none-eabi/lib/armv7-m/libc_nano.a
LOAD /Developer/Tools/gcc-arm-none-eabi-4_9-2015q1/bin/../lib/gcc/arm-none-eabi/4.9.3/armv7-m/libgcc.a
LOAD /Developer/Tools/gcc-arm-none-eabi-4_9-2015q1/bin/../lib/gcc/arm-none-eabi/4.9.3/../../../../arm-none-eabi/lib/armv7-m/libnosys.a
LOAD ./mbed/TARGET_LPC1768/TOOLCHAIN_GCC_ARM/libmbed.a
LOAD /Developer/Tools/gcc-arm-none-eabi-4_9-2015q1/bin/../lib/gcc/arm-none-eabi/4.9.3/../../../../arm-none-eabi/lib/armv7-m/libstdc++_nano.a
LOAD /Developer/Tools/gcc-arm-none-eabi-4_9-2015q1/bin/../lib/gcc/arm-none-eabi/4.9.3/../../../../arm-none-eabi/lib/armv7-m/libsupc++_nano.a
LOAD /Developer/Tools/gcc-arm-none-eabi-4_9-2015q1/bin/../lib/gcc/arm-none-eabi/4.9.3/../../../../arm-none-eabi/lib/armv7-m/libm.a
LOAD /Developer/Tools/gcc-arm-none-eabi-4_9-2015q1/bin/../lib/gcc/arm-none-eabi/4.9.3/../../../../arm-none-eabi/lib/armv7-m/libc_nano.a
LOAD /Developer/Tools/gcc-arm-none-eabi-4_9-2015q1/bin/../lib/gcc/arm-none-eabi/4.9.3/armv7-m/libgcc.a
LOAD /Developer/Tools/gcc-arm-none-eabi-4_9-2015q1/bin/../lib/gcc/arm-none-eabi/4.9.3/../../../../arm-none-eabi/lib/armv7-m/libnosys.a
START GROUP
LOAD /Developer/Tools/gcc-arm-none-eabi-4_9-2015q1/bin/../lib/gcc/arm-none-eabi/4.9.3/armv7-m/libgcc.a
LOAD /Developer/Tools/gcc-arm-none-eabi-4_9-2015q1/bin/../lib/gcc/arm-none-eabi/4.9.3/../../../../arm-none-eabi/lib/armv7-m/libc_nano.a
END GROUP
START GROUP
LOAD /Developer/Tools/gcc-arm-none-eabi-4_9-2015q1/bin/../lib/gcc/arm-none-eabi/4.9.3/armv7-m/libgcc.a
LOAD /Developer/Tools/gcc-arm-none-eabi-4_9-2015q1/bin/../lib/gcc/arm-none-eabi/4.9.3/../../../../arm-none-eabi/lib/armv7-m/libc_nano.a
END GROUP
LOAD /Developer/Tools/gcc-arm-none-eabi-4_9-2015q1/bin/../lib/gcc/arm-none-eabi/4.9.3/armv7-m/crtend.o
LOAD /Developer/Tools/gcc-arm-none-eabi-4_9-2015q1/bin/../lib/gcc/arm-none-eabi/4.9.3/armv7-m/crtn.o

.text           0x0000000000000000     0x8a30
 *(.isr_vector)
 .isr_vector    0x0000000000000000       0xcc mbed/TARGET_LPC1768/TOOLCHAIN_GCC_ARM/startup_LPC17xx.o
                0x0000000000000000                __isr_vector
 *(.text*)
 .text          0x00000000000000cc       0x5c /Developer/Tools/gcc-arm-none-eabi-4_9-2015q1/bin/../lib/gcc/arm-none-eabi/4.9.3/armv7-m/crtbegin.o
 .text          0x0000000000000128       0x74 /Developer/Tools/gcc-arm-none-eabi-4_9-2015q1/bin/../lib/gcc/arm-none-eabi/4.9.3/../../../../arm-none-eabi/lib/armv7-m/crt0.o
                0x0000000000000128                _mainCRTStartup
                0x0000000000000128                _start
 .text._ZN4mbed10SerialBaseD2Ev
                0x000000000000019c        0x2 main.o
                0x000000000000019c                mbed::SerialBase::~SerialBase()
                0x000000000000019c                mbed::SerialBase::~SerialBase()
 *fill*         0x000000000000019e        0x2 
 .text._ZN4mbed6SerialD2Ev
                0x00000000000001a0       0x24 main.o
                0x00000000000001a0                mbed::Serial::~Serial()
                0x00000000000001a0                mbed::Serial::~Serial()
 .text._ZN4mbed6SerialD1Ev
                0x00000000000001c4       0x10 main.o
                0x00000000000001c4                non-virtual thunk to mbed::Serial::~Serial()
                0x00000000000001cc                non-virtual thunk to mbed::Serial::~Serial()
 .text._ZN4mbed10SerialBaseD0Ev
                0x00000000000001d4        0xc main.o
                0x00000000000001d4                mbed::SerialBase::~SerialBase()
 .text.startup.main
                0x00000000000001e0       0x30 main.o
                0x00000000000001e0                main
 .text._ZN4mbed6SerialD0Ev
                0x0000000000000210       0x1e main.o
                0x0000000000000210                mbed::Serial::~Serial()
                0x0000000000000222                non-virtual thunk to mbed::Serial::~Serial()
                0x0000000000000228                non-virtual thunk to mbed::Serial::~Serial()
 *fill*         0x000000000000022e        0x2 
 .text.startup._GLOBAL__sub_I_pc
                0x0000000000000230       0x34 main.o
 .text._Z15rpc_server_initv
                0x0000000000000264       0x28 grove_rpc_server/rpc_server.o
                0x0000000000000264                rpc_server_init()
 .text._Z26rpc_server_register_methodPcS_12method_dir_tPFvPhES1_
                0x000000000000028c       0x38 grove_rpc_server/rpc_server.o
                0x000000000000028c                rpc_server_register_method(char*, char*, method_dir_t, void (*)(unsigned char*), unsigned char*)
 .text._Z15__find_resourcePcS_
                0x00000000000002c4       0x30 grove_rpc_server/rpc_server.o
                0x00000000000002c4                __find_resource(char*, char*)
 .text._Z13__convert_argPhPPci
                0x00000000000002f4       0x94 grove_rpc_server/rpc_server.o
                0x00000000000002f4                __convert_arg(unsigned char*, char**, int)
 .text._Z15rpc_server_loopv
                0x0000000000000388      0x270 grove_rpc_server/rpc_server.o
                0x0000000000000388                rpc_server_loop()
 .text._Z29rpc_server_register_resourcesv
                0x00000000000005f8       0xbc grove_rpc_server/rpc_server_registration.o
                0x00000000000005f8                rpc_server_register_resources()
 .text._Z11stream_initv
                0x00000000000006b4        0x2 grove_rpc_server/rpc_stream.o
                0x00000000000006b4                stream_init()
 *fill*         0x00000000000006b6        0x2 
 .text._Z11stream_readv
                0x00000000000006b8       0x10 grove_rpc_server/rpc_stream.o
                0x00000000000006b8                stream_read()
 .text._Z12stream_writec
                0x00000000000006c8       0x10 grove_rpc_server/rpc_stream.o
                0x00000000000006c8                stream_write(char)
 .text._Z19stream_write_stringPci
                0x00000000000006d8       0x1c grove_rpc_server/rpc_stream.o
                0x00000000000006d8                stream_write_string(char*, int)
 .text._Z12writer_print6type_tPKv
                0x00000000000006f4       0x94 grove_rpc_server/rpc_stream.o
                0x00000000000006f4                writer_print(type_t, void const*)
 .text._Z23grove_example_read_tempPi
                0x0000000000000788        0x8 grove_drivers/Grove_Example/GroveExample.o
                0x0000000000000788                grove_example_read_temp(int*)
 .text._Z30grove_example_read_uint8_valuePh
                0x0000000000000790        0x8 grove_drivers/Grove_Example/GroveExample.o
                0x0000000000000790                grove_example_read_uint8_value(unsigned char*)
 .text._Z27grove_example_read_humidityPf
                0x0000000000000798        0xc grove_drivers/Grove_Example/GroveExample.o
                0x0000000000000798                grove_example_read_humidity(float*)
 .text._Z22grove_example_read_accPfS_S_
                0x00000000000007a4       0x1c grove_drivers/Grove_Example/GroveExample.o
                0x00000000000007a4                grove_example_read_acc(float*, float*, float*)
 .text._Z26grove_example_read_compassPfS_S_Pi
                0x00000000000007c0       0x24 grove_drivers/Grove_Example/GroveExample.o
                0x00000000000007c0                grove_example_read_compass(float*, float*, float*, int*)
 .text._Z28grove_example_write_acc_modeh
                0x00000000000007e4       0x20 grove_drivers/Grove_Example/GroveExample.o
                0x00000000000007e4                grove_example_write_acc_mode(unsigned char)
 .text._Z31grove_example_write_float_valuef
                0x0000000000000804        0x4 grove_drivers/Grove_Example/GroveExample.o
                0x0000000000000804                grove_example_write_float_value(float)
 .text._Z25__grove_example_read_tempPh
                0x0000000000000808       0x24 grove_drivers/Grove_Example/GroveExample_Generated.o
                0x0000000000000808                __grove_example_read_temp(unsigned char*)
 .text._Z32__grove_example_read_uint8_valuePh
                0x000000000000082c       0x28 grove_drivers/Grove_Example/GroveExample_Generated.o
                0x000000000000082c                __grove_example_read_uint8_value(unsigned char*)
 .text._Z29__grove_example_read_humidityPh
                0x0000000000000854       0x24 grove_drivers/Grove_Example/GroveExample_Generated.o
                0x0000000000000854                __grove_example_read_humidity(unsigned char*)
 .text._Z24__grove_example_read_accPh
                0x0000000000000878       0x38 grove_drivers/Grove_Example/GroveExample_Generated.o
                0x0000000000000878                __grove_example_read_acc(unsigned char*)
 .text._Z28__grove_example_read_compassPh
                0x00000000000008b0       0x40 grove_drivers/Grove_Example/GroveExample_Generated.o
                0x00000000000008b0                __grove_example_read_compass(unsigned char*)
 .text._Z30__grove_example_write_acc_modePh
                0x00000000000008f0       0x24 grove_drivers/Grove_Example/GroveExample_Generated.o
                0x00000000000008f0                __grove_example_write_acc_mode(unsigned char*)
 .text._Z33__grove_example_write_float_valuePh
                0x0000000000000914       0x24 grove_drivers/Grove_Example/GroveExample_Generated.o
                0x0000000000000914                __grove_example_write_float_value(unsigned char*)
 .text.NVIC_SetVector
                0x0000000000000938       0x3c mbed/TARGET_LPC1768/TOOLCHAIN_GCC_ARM/cmsis_nvic.o
                0x0000000000000938                NVIC_SetVector
 .text.SystemInit
                0x0000000000000974       0xb8 mbed/TARGET_LPC1768/TOOLCHAIN_GCC_ARM/system_LPC17xx.o
                0x0000000000000974                SystemInit
 .text.mbed_die
                0x0000000000000a2c      0x10c mbed/TARGET_LPC1768/TOOLCHAIN_GCC_ARM/board.o
                0x0000000000000a2c                mbed_die
 .text._ZN4mbed10FileHandle4flenEv
                0x0000000000000b38       0x34 mbed/TARGET_LPC1768/TOOLCHAIN_GCC_ARM/retarget.o
                0x0000000000000b38                mbed::FileHandle::flen()
 .text._ZN4mbed10FileHandleD2Ev
                0x0000000000000b6c       0x2c mbed/TARGET_LPC1768/TOOLCHAIN_GCC_ARM/retarget.o
                0x0000000000000b6c                mbed::FileHandle::~FileHandle()
                0x0000000000000b6c                mbed::FileHandle::~FileHandle()
 .text._ZN4mbed10FileHandleD0Ev
                0x0000000000000b98       0x34 mbed/TARGET_LPC1768/TOOLCHAIN_GCC_ARM/retarget.o
                0x0000000000000b98                mbed::FileHandle::~FileHandle()
 .text._ZL11init_serialv.part.0
                0x0000000000000bcc       0x18 mbed/TARGET_LPC1768/TOOLCHAIN_GCC_ARM/retarget.o
 .text._open    0x0000000000000be4       0xf8 mbed/TARGET_LPC1768/TOOLCHAIN_GCC_ARM/retarget.o
                0x0000000000000be4                _open
 .text._close   0x0000000000000cdc       0x2c mbed/TARGET_LPC1768/TOOLCHAIN_GCC_ARM/retarget.o
                0x0000000000000cdc                _close
 .text._write   0x0000000000000d08       0x50 mbed/TARGET_LPC1768/TOOLCHAIN_GCC_ARM/retarget.o
                0x0000000000000d08                _write
 .text._read    0x0000000000000d58       0x4c mbed/TARGET_LPC1768/TOOLCHAIN_GCC_ARM/retarget.o
                0x0000000000000d58                _read
 .text._isatty  0x0000000000000da4       0x28 mbed/TARGET_LPC1768/TOOLCHAIN_GCC_ARM/retarget.o
                0x0000000000000da4                _isatty
 .text._lseek   0x0000000000000dcc       0x28 mbed/TARGET_LPC1768/TOOLCHAIN_GCC_ARM/retarget.o
                0x0000000000000dcc                _lseek
 .text._fstat   0x0000000000000df4       0x20 mbed/TARGET_LPC1768/TOOLCHAIN_GCC_ARM/retarget.o
                0x0000000000000df4                _fstat
 .text.__cxa_pure_virtual
                0x0000000000000e14        0x8 mbed/TARGET_LPC1768/TOOLCHAIN_GCC_ARM/retarget.o
                0x0000000000000e14                __cxa_pure_virtual
 .text.mbed_main
                0x0000000000000e1c        0x4 mbed/TARGET_LPC1768/TOOLCHAIN_GCC_ARM/retarget.o
                0x0000000000000e1c                mbed_main
 .text.mbed_sdk_init
                0x0000000000000e20        0x4 mbed/TARGET_LPC1768/TOOLCHAIN_GCC_ARM/retarget.o
                0x0000000000000e20                mbed_sdk_init
 .text.__wrap_main
                0x0000000000000e24       0x14 mbed/TARGET_LPC1768/TOOLCHAIN_GCC_ARM/retarget.o
                0x0000000000000e24                __wrap_main
 .text._sbrk    0x0000000000000e38       0x28 mbed/TARGET_LPC1768/TOOLCHAIN_GCC_ARM/retarget.o
                0x0000000000000e38                _sbrk
 .text._exit    0x0000000000000e60       0x30 mbed/TARGET_LPC1768/TOOLCHAIN_GCC_ARM/retarget.o
                0x0000000000000e60                _exit
 .text._ZN4mbed26mbed_set_unbuffered_streamEP7__sFILE
                0x0000000000000e90        0x8 mbed/TARGET_LPC1768/TOOLCHAIN_GCC_ARM/retarget.o
                0x0000000000000e90                mbed::mbed_set_unbuffered_stream(__sFILE*)
 .text._ZN4mbed9mbed_getcEP7__sFILE
                0x0000000000000e98        0x4 mbed/TARGET_LPC1768/TOOLCHAIN_GCC_ARM/retarget.o
                0x0000000000000e98                mbed::mbed_getc(__sFILE*)
 .text          0x0000000000000e9c       0x44 mbed/TARGET_LPC1768/TOOLCHAIN_GCC_ARM/startup_LPC17xx.o
                0x0000000000000e9c                Reset_Handler
                0x0000000000000ecc                NMI_Handler
                0x0000000000000ece                HardFault_Handler
                0x0000000000000ed0                MemManage_Handler
                0x0000000000000ed2                BusFault_Handler
                0x0000000000000ed4                UsageFault_Handler
                0x0000000000000ed6                SVC_Handler
                0x0000000000000ed8                DebugMon_Handler
                0x0000000000000eda                PendSV_Handler
                0x0000000000000edc                SysTick_Handler
                0x0000000000000ede                TIMER3_IRQHandler
                0x0000000000000ede                UART0_IRQHandler
                0x0000000000000ede                PLL0_IRQHandler
                0x0000000000000ede                CAN_IRQHandler
                0x0000000000000ede                PLL1_IRQHandler
                0x0000000000000ede                SSP0_IRQHandler
                0x0000000000000ede                I2S_IRQHandler
                0x0000000000000ede                I2C2_IRQHandler
                0x0000000000000ede                RTC_IRQHandler
                0x0000000000000ede                TIMER0_IRQHandler
                0x0000000000000ede                SPI_IRQHandler
                0x0000000000000ede                EINT1_IRQHandler
                0x0000000000000ede                TIMER1_IRQHandler
                0x0000000000000ede                UART2_IRQHandler
                0x0000000000000ede                Default_Handler
                0x0000000000000ede                ADC_IRQHandler
                0x0000000000000ede                SSP1_IRQHandler
                0x0000000000000ede                USB_IRQHandler
                0x0000000000000ede                BOD_IRQHandler
                0x0000000000000ede                WDT_IRQHandler
                0x0000000000000ede                QEI_IRQHandler
                0x0000000000000ede                EINT0_IRQHandler
                0x0000000000000ede                DEF_IRQHandler
                0x0000000000000ede                DMA_IRQHandler
                0x0000000000000ede                UART3_IRQHandler
                0x0000000000000ede                MCPWM_IRQHandler
                0x0000000000000ede                TIMER2_IRQHandler
                0x0000000000000ede                ENET_IRQHandler
                0x0000000000000ede                RIT_IRQHandler
                0x0000000000000ede                I2C0_IRQHandler
                0x0000000000000ede                USBActivity_IRQHandler
                0x0000000000000ede                PWM1_IRQHandler
                0x0000000000000ede                I2C1_IRQHandler
                0x0000000000000ede                EINT2_IRQHandler
                0x0000000000000ede                UART1_IRQHandler
                0x0000000000000ede                EINT3_IRQHandler
                0x0000000000000ede                CANActivity_IRQHandler
 .text.i2c_write
                0x0000000000000ee0       0xe4 ./mbed/TARGET_LPC1768/TOOLCHAIN_GCC_ARM/libmbed.a(i2c_api.o)
                0x0000000000000ee0                i2c_write
 .text.uart2_irq
                0x0000000000000fc4       0x64 ./mbed/TARGET_LPC1768/TOOLCHAIN_GCC_ARM/libmbed.a(serial_api.o)
                0x0000000000000fc4                uart2_irq
 .text.serial_irq_set_internal
                0x0000000000001028       0xcc ./mbed/TARGET_LPC1768/TOOLCHAIN_GCC_ARM/libmbed.a(serial_api.o)
 .text.uart0_irq
                0x00000000000010f4       0x64 ./mbed/TARGET_LPC1768/TOOLCHAIN_GCC_ARM/libmbed.a(serial_api.o)
                0x00000000000010f4                uart0_irq
 .text.uart3_irq
                0x0000000000001158       0x6c ./mbed/TARGET_LPC1768/TOOLCHAIN_GCC_ARM/libmbed.a(serial_api.o)
                0x0000000000001158                uart3_irq
 .text.uart1_irq
                0x00000000000011c4       0x64 ./mbed/TARGET_LPC1768/TOOLCHAIN_GCC_ARM/libmbed.a(serial_api.o)
                0x00000000000011c4                uart1_irq
 .text.serial_baud
                0x0000000000001228      0x244 ./mbed/TARGET_LPC1768/TOOLCHAIN_GCC_ARM/libmbed.a(serial_api.o)
                0x0000000000001228                serial_baud
 .text.serial_format
                0x000000000000146c       0x78 ./mbed/TARGET_LPC1768/TOOLCHAIN_GCC_ARM/libmbed.a(serial_api.o)
                0x000000000000146c                serial_format
 .text.serial_irq_handler
                0x00000000000014e4       0x20 ./mbed/TARGET_LPC1768/TOOLCHAIN_GCC_ARM/libmbed.a(serial_api.o)
                0x00000000000014e4                serial_irq_handler
 .text.serial_getc
                0x0000000000001504       0x38 ./mbed/TARGET_LPC1768/TOOLCHAIN_GCC_ARM/libmbed.a(serial_api.o)
                0x0000000000001504                serial_getc
 .text.serial_writable
                0x000000000000153c       0x74 ./mbed/TARGET_LPC1768/TOOLCHAIN_GCC_ARM/libmbed.a(serial_api.o)
                0x000000000000153c                serial_writable
 .text.serial_putc
                0x00000000000015b0       0x34 ./mbed/TARGET_LPC1768/TOOLCHAIN_GCC_ARM/libmbed.a(serial_api.o)
                0x00000000000015b0                serial_putc
 .text.serial_set_flow_control
                0x00000000000015e4      0x12c ./mbed/TARGET_LPC1768/TOOLCHAIN_GCC_ARM/libmbed.a(serial_api.o)
                0x00000000000015e4                serial_set_flow_control
 .text.serial_init
                0x0000000000001710      0x1bc ./mbed/TARGET_LPC1768/TOOLCHAIN_GCC_ARM/libmbed.a(serial_api.o)
                0x0000000000001710                serial_init
 .text.us_ticker_init
                0x00000000000018cc       0x68 ./mbed/TARGET_LPC1768/TOOLCHAIN_GCC_ARM/libmbed.a(us_ticker.o)
                0x00000000000018cc                us_ticker_init
 .text.us_ticker_read
                0x0000000000001934       0x1c ./mbed/TARGET_LPC1768/TOOLCHAIN_GCC_ARM/libmbed.a(us_ticker.o)
                0x0000000000001934                us_ticker_read
 .text.us_ticker_set_interrupt
                0x0000000000001950       0x14 ./mbed/TARGET_LPC1768/TOOLCHAIN_GCC_ARM/libmbed.a(us_ticker.o)
                0x0000000000001950                us_ticker_set_interrupt
 .text.us_ticker_disable_interrupt
                0x0000000000001964       0x10 ./mbed/TARGET_LPC1768/TOOLCHAIN_GCC_ARM/libmbed.a(us_ticker.o)
                0x0000000000001964                us_ticker_disable_interrupt
 .text.us_ticker_clear_interrupt
                0x0000000000001974        0xc ./mbed/TARGET_LPC1768/TOOLCHAIN_GCC_ARM/libmbed.a(us_ticker.o)
                0x0000000000001974                us_ticker_clear_interrupt
 .text._ZN4mbed8FilePathC2EPKc
                0x0000000000001980       0x58 ./mbed/TARGET_LPC1768/TOOLCHAIN_GCC_ARM/libmbed.a(FilePath.o)
                0x0000000000001980                mbed::FilePath::FilePath(char const*)
                0x0000000000001980                mbed::FilePath::FilePath(char const*)
 .text._ZN4mbed8FilePath8fileNameEv
                0x00000000000019d8        0x4 ./mbed/TARGET_LPC1768/TOOLCHAIN_GCC_ARM/libmbed.a(FilePath.o)
                0x00000000000019d8                mbed::FilePath::fileName()
 .text._ZN4mbed8FilePath10fileSystemEv
                0x00000000000019dc       0x18 ./mbed/TARGET_LPC1768/TOOLCHAIN_GCC_ARM/libmbed.a(FilePath.o)
                0x00000000000019dc                mbed::FilePath::fileSystem()
 .text._ZN4mbed8FilePath6isFileEv
                0x00000000000019f4       0x14 ./mbed/TARGET_LPC1768/TOOLCHAIN_GCC_ARM/libmbed.a(FilePath.o)
                0x00000000000019f4                mbed::FilePath::isFile()
 .text._ZN4mbed8FilePath4fileEv
                0x0000000000001a08       0x1c ./mbed/TARGET_LPC1768/TOOLCHAIN_GCC_ARM/libmbed.a(FilePath.o)
                0x0000000000001a08                mbed::FilePath::file()
 .text._ZN4mbed8FilePath6existsEv
                0x0000000000001a24        0xc ./mbed/TARGET_LPC1768/TOOLCHAIN_GCC_ARM/libmbed.a(FilePath.o)
                0x0000000000001a24                mbed::FilePath::exists()
 .text._ZN4mbed6Stream5closeEv
                0x0000000000001a30        0x4 ./mbed/TARGET_LPC1768/TOOLCHAIN_GCC_ARM/libmbed.a(Stream.o)
                0x0000000000001a30                mbed::Stream::close()
 .text._ZN4mbed6Stream5writeEPKvj
                0x0000000000001a34       0x30 ./mbed/TARGET_LPC1768/TOOLCHAIN_GCC_ARM/libmbed.a(Stream.o)
                0x0000000000001a34                mbed::Stream::write(void const*, unsigned int)
 .text._ZN4mbed6Stream4readEPvj
                0x0000000000001a64       0x30 ./mbed/TARGET_LPC1768/TOOLCHAIN_GCC_ARM/libmbed.a(Stream.o)
                0x0000000000001a64                mbed::Stream::read(void*, unsigned int)
 .text._ZN4mbed6Stream5lseekEli
                0x0000000000001a94        0x4 ./mbed/TARGET_LPC1768/TOOLCHAIN_GCC_ARM/libmbed.a(Stream.o)
                0x0000000000001a94                mbed::Stream::lseek(long, int)
 .text._ZN4mbed6Stream6isattyEv
                0x0000000000001a98        0x4 ./mbed/TARGET_LPC1768/TOOLCHAIN_GCC_ARM/libmbed.a(Stream.o)
                0x0000000000001a98                mbed::Stream::isatty()
 .text._ZN4mbed6Stream5fsyncEv
                0x0000000000001a9c        0x4 ./mbed/TARGET_LPC1768/TOOLCHAIN_GCC_ARM/libmbed.a(Stream.o)
                0x0000000000001a9c                mbed::Stream::fsync()
 .text._ZN4mbed6Stream4flenEv
                0x0000000000001aa0        0x4 ./mbed/TARGET_LPC1768/TOOLCHAIN_GCC_ARM/libmbed.a(Stream.o)
                0x0000000000001aa0                mbed::Stream::flen()
 .text._ZN4mbed6StreamD2Ev
                0x0000000000001aa4       0x24 ./mbed/TARGET_LPC1768/TOOLCHAIN_GCC_ARM/libmbed.a(Stream.o)
                0x0000000000001aa4                mbed::Stream::~Stream()
                0x0000000000001aa4                mbed::Stream::~Stream()
 .text._ZThn4_N4mbed6StreamD1Ev
                0x0000000000001ac8        0x8 ./mbed/TARGET_LPC1768/TOOLCHAIN_GCC_ARM/libmbed.a(Stream.o)
                0x0000000000001ac8                non-virtual thunk to mbed::Stream::~Stream()
 .text._ZN4mbed6StreamD0Ev
                0x0000000000001ad0       0x14 ./mbed/TARGET_LPC1768/TOOLCHAIN_GCC_ARM/libmbed.a(Stream.o)
                0x0000000000001ad0                mbed::Stream::~Stream()
 .text._ZThn4_N4mbed6StreamD0Ev
                0x0000000000001ae4        0x8 ./mbed/TARGET_LPC1768/TOOLCHAIN_GCC_ARM/libmbed.a(Stream.o)
                0x0000000000001ae4                non-virtual thunk to mbed::Stream::~Stream()
 .text._ZN4mbed6StreamC2EPKc
                0x0000000000001aec       0x44 ./mbed/TARGET_LPC1768/TOOLCHAIN_GCC_ARM/libmbed.a(Stream.o)
                0x0000000000001aec                mbed::Stream::Stream(char const*)
                0x0000000000001aec                mbed::Stream::Stream(char const*)
 .text._ZN4mbed6Stream4putcEi
                0x0000000000001b30       0x18 ./mbed/TARGET_LPC1768/TOOLCHAIN_GCC_ARM/libmbed.a(Stream.o)
                0x0000000000001b30                mbed::Stream::putc(int)
 .text._ZN4mbed6Stream4getcEv
                0x0000000000001b48       0x14 ./mbed/TARGET_LPC1768/TOOLCHAIN_GCC_ARM/libmbed.a(Stream.o)
                0x0000000000001b48                mbed::Stream::getc()
 .text._ZN4mbed6Stream6printfEPKcz
                0x0000000000001b5c       0x2c ./mbed/TARGET_LPC1768/TOOLCHAIN_GCC_ARM/libmbed.a(Stream.o)
                0x0000000000001b5c                mbed::Stream::printf(char const*, ...)
 .text._ZN4mbed6Serial5_getcEv
                0x0000000000001b88        0x4 ./mbed/TARGET_LPC1768/TOOLCHAIN_GCC_ARM/libmbed.a(Serial.o)
                0x0000000000001b88                mbed::Serial::_getc()
 .text._ZThn72_N4mbed6Serial5_getcEv
                0x0000000000001b8c        0x8 ./mbed/TARGET_LPC1768/TOOLCHAIN_GCC_ARM/libmbed.a(Serial.o)
                0x0000000000001b8c                non-virtual thunk to mbed::Serial::_getc()
 .text._ZN4mbed6Serial5_putcEi
                0x0000000000001b94        0x4 ./mbed/TARGET_LPC1768/TOOLCHAIN_GCC_ARM/libmbed.a(Serial.o)
                0x0000000000001b94                mbed::Serial::_putc(int)
 .text._ZThn72_N4mbed6Serial5_putcEi
                0x0000000000001b98        0x8 ./mbed/TARGET_LPC1768/TOOLCHAIN_GCC_ARM/libmbed.a(Serial.o)
                0x0000000000001b98                non-virtual thunk to mbed::Serial::_putc(int)
 .text._ZN4mbed6SerialC2E7PinNameS1_PKc
                0x0000000000001ba0       0x30 ./mbed/TARGET_LPC1768/TOOLCHAIN_GCC_ARM/libmbed.a(Serial.o)
                0x0000000000001ba0                mbed::Serial::Serial(PinName, PinName, char const*)
                0x0000000000001ba0                mbed::Serial::Serial(PinName, PinName, char const*)
 .text.mbed_assert_internal
                0x0000000000001bd0       0x2c ./mbed/TARGET_LPC1768/TOOLCHAIN_GCC_ARM/libmbed.a(assert.o)
                0x0000000000001bd0                mbed_assert_internal
 .text.error    0x0000000000001bfc       0x24 ./mbed/TARGET_LPC1768/TOOLCHAIN_GCC_ARM/libmbed.a(error.o)
                0x0000000000001bfc                error
 .text.mbed_interface_connected
                0x0000000000001c20        0x4 ./mbed/TARGET_LPC1768/TOOLCHAIN_GCC_ARM/libmbed.a(mbed_interface.o)
                0x0000000000001c20                mbed_interface_connected
 .text.gpio_init_in
                0x0000000000001c24       0x24 ./mbed/TARGET_LPC1768/TOOLCHAIN_GCC_ARM/libmbed.a(gpio.o)
                0x0000000000001c24                gpio_init_in
 .text.gpio_init_out
                0x0000000000001c48       0x44 ./mbed/TARGET_LPC1768/TOOLCHAIN_GCC_ARM/libmbed.a(gpio.o)
                0x0000000000001c48                gpio_init_out
 .text.gpio_init_out_ex
                0x0000000000001c8c       0x54 ./mbed/TARGET_LPC1768/TOOLCHAIN_GCC_ARM/libmbed.a(gpio.o)
                0x0000000000001c8c                gpio_init_out_ex
 .text.pinmap_pinout
                0x0000000000001ce0       0x40 ./mbed/TARGET_LPC1768/TOOLCHAIN_GCC_ARM/libmbed.a(pinmap_common.o)
                0x0000000000001ce0                pinmap_pinout
 .text.pinmap_merge
                0x0000000000001d20       0x24 ./mbed/TARGET_LPC1768/TOOLCHAIN_GCC_ARM/libmbed.a(pinmap_common.o)
                0x0000000000001d20                pinmap_merge
 .text.pinmap_find_peripheral
                0x0000000000001d44       0x1c ./mbed/TARGET_LPC1768/TOOLCHAIN_GCC_ARM/libmbed.a(pinmap_common.o)
                0x0000000000001d44                pinmap_find_peripheral
 .text.pinmap_peripheral
                0x0000000000001d60       0x34 ./mbed/TARGET_LPC1768/TOOLCHAIN_GCC_ARM/libmbed.a(pinmap_common.o)
                0x0000000000001d60                pinmap_peripheral
 .text.semihost_exit
                0x0000000000001d94       0x18 ./mbed/TARGET_LPC1768/TOOLCHAIN_GCC_ARM/libmbed.a(semihost_api.o)
                0x0000000000001d94                semihost_exit
 .text.semihost_connected
                0x0000000000001dac       0x10 ./mbed/TARGET_LPC1768/TOOLCHAIN_GCC_ARM/libmbed.a(semihost_api.o)
                0x0000000000001dac                semihost_connected
 .text.us_ticker_irq_handler
                0x0000000000001dbc       0x48 ./mbed/TARGET_LPC1768/TOOLCHAIN_GCC_ARM/libmbed.a(us_ticker_api.o)
                0x0000000000001dbc                us_ticker_irq_handler
 .text.wait_us  0x0000000000001e04       0x18 ./mbed/TARGET_LPC1768/TOOLCHAIN_GCC_ARM/libmbed.a(wait_api.o)
                0x0000000000001e04                wait_us
 .text.wait_ms  0x0000000000001e1c        0xc ./mbed/TARGET_LPC1768/TOOLCHAIN_GCC_ARM/libmbed.a(wait_api.o)
                0x0000000000001e1c                wait_ms
 .text.gpio_set
                0x0000000000001e28       0x30 ./mbed/TARGET_LPC1768/TOOLCHAIN_GCC_ARM/libmbed.a(gpio_api.o)
                0x0000000000001e28                gpio_set
 .text.gpio_init
                0x0000000000001e58       0x30 ./mbed/TARGET_LPC1768/TOOLCHAIN_GCC_ARM/libmbed.a(gpio_api.o)
                0x0000000000001e58                gpio_init
 .text.gpio_mode
                0x0000000000001e88        0x8 ./mbed/TARGET_LPC1768/TOOLCHAIN_GCC_ARM/libmbed.a(gpio_api.o)
                0x0000000000001e88                gpio_mode
 .text.gpio_dir
                0x0000000000001e90       0x44 ./mbed/TARGET_LPC1768/TOOLCHAIN_GCC_ARM/libmbed.a(gpio_api.o)
                0x0000000000001e90                gpio_dir
 .text.pin_function
                0x0000000000001ed4       0x50 ./mbed/TARGET_LPC1768/TOOLCHAIN_GCC_ARM/libmbed.a(pinmap.o)
                0x0000000000001ed4                pin_function
 .text.pin_mode
                0x0000000000001f24       0x78 ./mbed/TARGET_LPC1768/TOOLCHAIN_GCC_ARM/libmbed.a(pinmap.o)
                0x0000000000001f24                pin_mode
 .text._ZN4mbed8FileBaseD2Ev
                0x0000000000001f9c       0x30 ./mbed/TARGET_LPC1768/TOOLCHAIN_GCC_ARM/libmbed.a(FileBase.o)
                0x0000000000001f9c                mbed::FileBase::~FileBase()
                0x0000000000001f9c                mbed::FileBase::~FileBase()
 .text._ZN4mbed8FileBaseD0Ev
                0x0000000000001fcc       0x3c ./mbed/TARGET_LPC1768/TOOLCHAIN_GCC_ARM/libmbed.a(FileBase.o)
                0x0000000000001fcc                mbed::FileBase::~FileBase()
 .text._ZN4mbed8FileBaseC2EPKcNS_8PathTypeE
                0x0000000000002008       0x28 ./mbed/TARGET_LPC1768/TOOLCHAIN_GCC_ARM/libmbed.a(FileBase.o)
                0x0000000000002008                mbed::FileBase::FileBase(char const*, mbed::PathType)
                0x0000000000002008                mbed::FileBase::FileBase(char const*, mbed::PathType)
 .text._ZN4mbed8FileBase6lookupEPKcj
                0x0000000000002030       0x3c ./mbed/TARGET_LPC1768/TOOLCHAIN_GCC_ARM/libmbed.a(FileBase.o)
                0x0000000000002030                mbed::FileBase::lookup(char const*, unsigned int)
 .text._ZN4mbed8FileBase11getPathTypeEv
                0x000000000000206c        0x4 ./mbed/TARGET_LPC1768/TOOLCHAIN_GCC_ARM/libmbed.a(FileBase.o)
                0x000000000000206c                mbed::FileBase::getPathType()
 .text._ZN4mbed8FileLikeD2Ev
                0x0000000000002070       0x24 ./mbed/TARGET_LPC1768/TOOLCHAIN_GCC_ARM/libmbed.a(FileLike.o)
                0x0000000000002070                mbed::FileLike::~FileLike()
                0x0000000000002070                mbed::FileLike::~FileLike()
 .text._ZThn4_N4mbed8FileLikeD1Ev
                0x0000000000002094        0x8 ./mbed/TARGET_LPC1768/TOOLCHAIN_GCC_ARM/libmbed.a(FileLike.o)
                0x0000000000002094                non-virtual thunk to mbed::FileLike::~FileLike()
 .text._ZN4mbed8FileLikeD0Ev
                0x000000000000209c       0x2c ./mbed/TARGET_LPC1768/TOOLCHAIN_GCC_ARM/libmbed.a(FileLike.o)
                0x000000000000209c                mbed::FileLike::~FileLike()
 .text._ZThn4_N4mbed8FileLikeD0Ev
                0x00000000000020c8        0x8 ./mbed/TARGET_LPC1768/TOOLCHAIN_GCC_ARM/libmbed.a(FileLike.o)
                0x00000000000020c8                non-virtual thunk to mbed::FileLike::~FileLike()
 .text._ZN4mbed8FileLikeC2EPKc
                0x00000000000020d0       0x28 ./mbed/TARGET_LPC1768/TOOLCHAIN_GCC_ARM/libmbed.a(FileLike.o)
                0x00000000000020d0                mbed::FileLike::FileLike(char const*)
                0x00000000000020d0                mbed::FileLike::FileLike(char const*)
 .text._ZN4mbed10SerialBase12_irq_handlerEm9SerialIrq
                0x00000000000020f8       0x10 ./mbed/TARGET_LPC1768/TOOLCHAIN_GCC_ARM/libmbed.a(SerialBase.o)
                0x00000000000020f8                mbed::SerialBase::_irq_handler(unsigned long, SerialIrq)
 .text._ZN4mbed10SerialBaseC2E7PinNameS1_
                0x0000000000002108       0x4c ./mbed/TARGET_LPC1768/TOOLCHAIN_GCC_ARM/libmbed.a(SerialBase.o)
                0x0000000000002108                mbed::SerialBase::SerialBase(PinName, PinName)
                0x0000000000002108                mbed::SerialBase::SerialBase(PinName, PinName)
 .text._ZN4mbed10SerialBase10_base_getcEv
                0x0000000000002154        0x8 ./mbed/TARGET_LPC1768/TOOLCHAIN_GCC_ARM/libmbed.a(SerialBase.o)
                0x0000000000002154                mbed::SerialBase::_base_getc()
 .text._ZN4mbed10SerialBase10_base_putcEi
                0x000000000000215c       0x10 ./mbed/TARGET_LPC1768/TOOLCHAIN_GCC_ARM/libmbed.a(SerialBase.o)
                0x000000000000215c                mbed::SerialBase::_base_putc(int)
 .text._ZN4mbed15FunctionPointerC2EPFvvE
                0x000000000000216c        0xc ./mbed/TARGET_LPC1768/TOOLCHAIN_GCC_ARM/libmbed.a(FunctionPointer.o)
                0x000000000000216c                mbed::FunctionPointer::FunctionPointer(void (*)())
                0x000000000000216c                mbed::FunctionPointer::FunctionPointer(void (*)())
 .text._ZN4mbed15FunctionPointer4callEv
                0x0000000000002178       0x18 ./mbed/TARGET_LPC1768/TOOLCHAIN_GCC_ARM/libmbed.a(FunctionPointer.o)
                0x0000000000002178                mbed::FunctionPointer::call()
 .text.__aeabi_atexit
                0x0000000000002190        0xa /Developer/Tools/gcc-arm-none-eabi-4_9-2015q1/bin/../lib/gcc/arm-none-eabi/4.9.3/../../../../arm-none-eabi/lib/armv7-m/libstdc++_nano.a(atexit_arm.o)
                0x0000000000002190                __aeabi_atexit
 .text._ZdlPv   0x000000000000219a        0x4 /Developer/Tools/gcc-arm-none-eabi-4_9-2015q1/bin/../lib/gcc/arm-none-eabi/4.9.3/../../../../arm-none-eabi/lib/armv7-m/libstdc++_nano.a(del_op.o)
                0x000000000000219a                operator delete(void*)
 .text.abs      0x000000000000219e        0x8 /Developer/Tools/gcc-arm-none-eabi-4_9-2015q1/bin/../lib/gcc/arm-none-eabi/4.9.3/../../../../arm-none-eabi/lib/armv7-m/libc_nano.a(lib_a-abs.o)
                0x000000000000219e                abs
 .text.atof     0x00000000000021a6        0x6 /Developer/Tools/gcc-arm-none-eabi-4_9-2015q1/bin/../lib/gcc/arm-none-eabi/4.9.3/../../../../arm-none-eabi/lib/armv7-m/libc_nano.a(lib_a-atof.o)
                0x00000000000021a6                atof
 .text.atoi     0x00000000000021ac        0x8 /Developer/Tools/gcc-arm-none-eabi-4_9-2015q1/bin/../lib/gcc/arm-none-eabi/4.9.3/../../../../arm-none-eabi/lib/armv7-m/libc_nano.a(lib_a-atoi.o)
                0x00000000000021ac                atoi
 .text.atol     0x00000000000021b4        0x8 /Developer/Tools/gcc-arm-none-eabi-4_9-2015q1/bin/../lib/gcc/arm-none-eabi/4.9.3/../../../../arm-none-eabi/lib/armv7-m/libc_nano.a(lib_a-atol.o)
                0x00000000000021b4                atol
 .text.__cxa_atexit
                0x00000000000021bc       0x1c /Developer/Tools/gcc-arm-none-eabi-4_9-2015q1/bin/../lib/gcc/arm-none-eabi/4.9.3/../../../../arm-none-eabi/lib/armv7-m/libc_nano.a(lib_a-cxa_atexit.o)
                0x00000000000021bc                __cxa_atexit
 .text.__errno  0x00000000000021d8        0xc /Developer/Tools/gcc-arm-none-eabi-4_9-2015q1/bin/../lib/gcc/arm-none-eabi/4.9.3/../../../../arm-none-eabi/lib/armv7-m/libc_nano.a(lib_a-errno.o)
                0x00000000000021d8                __errno
 .text.exit     0x00000000000021e4       0x28 /Developer/Tools/gcc-arm-none-eabi-4_9-2015q1/bin/../lib/gcc/arm-none-eabi/4.9.3/../../../../arm-none-eabi/lib/armv7-m/libc_nano.a(lib_a-exit.o)
                0x00000000000021e4                exit
 .text._fclose_r
                0x000000000000220c       0xa4 /Developer/Tools/gcc-arm-none-eabi-4_9-2015q1/bin/../lib/gcc/arm-none-eabi/4.9.3/../../../../arm-none-eabi/lib/armv7-m/libc_nano.a(lib_a-fclose.o)
                0x000000000000220c                _fclose_r
 .text.fclose   0x00000000000022b0       0x10 /Developer/Tools/gcc-arm-none-eabi-4_9-2015q1/bin/../lib/gcc/arm-none-eabi/4.9.3/../../../../arm-none-eabi/lib/armv7-m/libc_nano.a(lib_a-fclose.o)
                0x00000000000022b0                fclose
 .text.__sflush_r
                0x00000000000022c0      0x106 /Developer/Tools/gcc-arm-none-eabi-4_9-2015q1/bin/../lib/gcc/arm-none-eabi/4.9.3/../../../../arm-none-eabi/lib/armv7-m/libc_nano.a(lib_a-fflush.o)
                0x00000000000022c0                __sflush_r
 *fill*         0x00000000000023c6        0x2 
 .text._fflush_r
                0x00000000000023c8       0x54 /Developer/Tools/gcc-arm-none-eabi-4_9-2015q1/bin/../lib/gcc/arm-none-eabi/4.9.3/../../../../arm-none-eabi/lib/armv7-m/libc_nano.a(lib_a-fflush.o)
                0x00000000000023c8                _fflush_r
 .text.fflush   0x000000000000241c       0x24 /Developer/Tools/gcc-arm-none-eabi-4_9-2015q1/bin/../lib/gcc/arm-none-eabi/4.9.3/../../../../arm-none-eabi/lib/armv7-m/libc_nano.a(lib_a-fflush.o)
                0x000000000000241c                fflush
 .text._fgetc_r
                0x0000000000002440       0x58 /Developer/Tools/gcc-arm-none-eabi-4_9-2015q1/bin/../lib/gcc/arm-none-eabi/4.9.3/../../../../arm-none-eabi/lib/armv7-m/libc_nano.a(lib_a-fgetc.o)
                0x0000000000002440                _fgetc_r
 .text.fgetc    0x0000000000002498       0x10 /Developer/Tools/gcc-arm-none-eabi-4_9-2015q1/bin/../lib/gcc/arm-none-eabi/4.9.3/../../../../arm-none-eabi/lib/armv7-m/libc_nano.a(lib_a-fgetc.o)
                0x0000000000002498                fgetc
 .text._cleanup_r
                0x00000000000024a8        0xc /Developer/Tools/gcc-arm-none-eabi-4_9-2015q1/bin/../lib/gcc/arm-none-eabi/4.9.3/../../../../arm-none-eabi/lib/armv7-m/libc_nano.a(lib_a-findfp.o)
                0x00000000000024a8                _cleanup_r
 .text.std.isra.0
                0x00000000000024b4       0x48 /Developer/Tools/gcc-arm-none-eabi-4_9-2015q1/bin/../lib/gcc/arm-none-eabi/4.9.3/../../../../arm-none-eabi/lib/armv7-m/libc_nano.a(lib_a-findfp.o)
 .text.__sfmoreglue
                0x00000000000024fc       0x2c /Developer/Tools/gcc-arm-none-eabi-4_9-2015q1/bin/../lib/gcc/arm-none-eabi/4.9.3/../../../../arm-none-eabi/lib/armv7-m/libc_nano.a(lib_a-findfp.o)
                0x00000000000024fc                __sfmoreglue
 .text.__sinit  0x0000000000002528       0x60 /Developer/Tools/gcc-arm-none-eabi-4_9-2015q1/bin/../lib/gcc/arm-none-eabi/4.9.3/../../../../arm-none-eabi/lib/armv7-m/libc_nano.a(lib_a-findfp.o)
                0x0000000000002528                __sinit
 .text.__sfp    0x0000000000002588       0x74 /Developer/Tools/gcc-arm-none-eabi-4_9-2015q1/bin/../lib/gcc/arm-none-eabi/4.9.3/../../../../arm-none-eabi/lib/armv7-m/libc_nano.a(lib_a-findfp.o)
                0x0000000000002588                __sfp
 .text.__sfp_lock_acquire
                0x00000000000025fc        0x2 /Developer/Tools/gcc-arm-none-eabi-4_9-2015q1/bin/../lib/gcc/arm-none-eabi/4.9.3/../../../../arm-none-eabi/lib/armv7-m/libc_nano.a(lib_a-findfp.o)
                0x00000000000025fc                __sfp_lock_acquire
 .text.__sfp_lock_release
                0x00000000000025fe        0x2 /Developer/Tools/gcc-arm-none-eabi-4_9-2015q1/bin/../lib/gcc/arm-none-eabi/4.9.3/../../../../arm-none-eabi/lib/armv7-m/libc_nano.a(lib_a-findfp.o)
                0x00000000000025fe                __sfp_lock_release
 .text._fopen_r
                0x0000000000002600       0x80 /Developer/Tools/gcc-arm-none-eabi-4_9-2015q1/bin/../lib/gcc/arm-none-eabi/4.9.3/../../../../arm-none-eabi/lib/armv7-m/libc_nano.a(lib_a-fopen.o)
                0x0000000000002600                _fopen_r
 .text.fopen    0x0000000000002680       0x14 /Developer/Tools/gcc-arm-none-eabi-4_9-2015q1/bin/../lib/gcc/arm-none-eabi/4.9.3/../../../../arm-none-eabi/lib/armv7-m/libc_nano.a(lib_a-fopen.o)
                0x0000000000002680                fopen
 .text.fprintf  0x0000000000002694       0x24 /Developer/Tools/gcc-arm-none-eabi-4_9-2015q1/bin/../lib/gcc/arm-none-eabi/4.9.3/../../../../arm-none-eabi/lib/armv7-m/libc_nano.a(lib_a-fprintf.o)
                0x0000000000002694                fprintf
                0x0000000000002694                fiprintf
 .text._fputc_r
                0x00000000000026b8       0x48 /Developer/Tools/gcc-arm-none-eabi-4_9-2015q1/bin/../lib/gcc/arm-none-eabi/4.9.3/../../../../arm-none-eabi/lib/armv7-m/libc_nano.a(lib_a-fputc.o)
                0x00000000000026b8                _fputc_r
 .text.fputc    0x0000000000002700       0x14 /Developer/Tools/gcc-arm-none-eabi-4_9-2015q1/bin/../lib/gcc/arm-none-eabi/4.9.3/../../../../arm-none-eabi/lib/armv7-m/libc_nano.a(lib_a-fputc.o)
                0x0000000000002700                fputc
 .text._fseek_r
                0x0000000000002714        0x4 /Developer/Tools/gcc-arm-none-eabi-4_9-2015q1/bin/../lib/gcc/arm-none-eabi/4.9.3/../../../../arm-none-eabi/lib/armv7-m/libc_nano.a(lib_a-fseek.o)
                0x0000000000002714                _fseek_r
 .text._fseeko_r
                0x0000000000002718      0x118 /Developer/Tools/gcc-arm-none-eabi-4_9-2015q1/bin/../lib/gcc/arm-none-eabi/4.9.3/../../../../arm-none-eabi/lib/armv7-m/libc_nano.a(lib_a-fseeko.o)
                0x0000000000002718                _fseeko_r
 .text._fwalk   0x0000000000002830       0x38 /Developer/Tools/gcc-arm-none-eabi-4_9-2015q1/bin/../lib/gcc/arm-none-eabi/4.9.3/../../../../arm-none-eabi/lib/armv7-m/libc_nano.a(lib_a-fwalk.o)
                0x0000000000002830                _fwalk
 .text._fwalk_reent
                0x0000000000002868       0x3c /Developer/Tools/gcc-arm-none-eabi-4_9-2015q1/bin/../lib/gcc/arm-none-eabi/4.9.3/../../../../arm-none-eabi/lib/armv7-m/libc_nano.a(lib_a-fwalk.o)
                0x0000000000002868                _fwalk_reent
 .text.__libc_init_array
                0x00000000000028a4       0x4c /Developer/Tools/gcc-arm-none-eabi-4_9-2015q1/bin/../lib/gcc/arm-none-eabi/4.9.3/../../../../arm-none-eabi/lib/armv7-m/libc_nano.a(lib_a-init.o)
                0x00000000000028a4                __libc_init_array
 .text.__smakebuf_r
                0x00000000000028f0       0x98 /Developer/Tools/gcc-arm-none-eabi-4_9-2015q1/bin/../lib/gcc/arm-none-eabi/4.9.3/../../../../arm-none-eabi/lib/armv7-m/libc_nano.a(lib_a-makebuf.o)
                0x00000000000028f0                __smakebuf_r
 .text.malloc   0x0000000000002988       0x10 /Developer/Tools/gcc-arm-none-eabi-4_9-2015q1/bin/../lib/gcc/arm-none-eabi/4.9.3/../../../../arm-none-eabi/lib/armv7-m/libc_nano.a(lib_a-malloc.o)
                0x0000000000002988                malloc
 .text.free     0x0000000000002998       0x10 /Developer/Tools/gcc-arm-none-eabi-4_9-2015q1/bin/../lib/gcc/arm-none-eabi/4.9.3/../../../../arm-none-eabi/lib/armv7-m/libc_nano.a(lib_a-malloc.o)
                0x0000000000002998                free
 .text.memchr   0x00000000000029a8       0x1c /Developer/Tools/gcc-arm-none-eabi-4_9-2015q1/bin/../lib/gcc/arm-none-eabi/4.9.3/../../../../arm-none-eabi/lib/armv7-m/libc_nano.a(lib_a-memchr.o)
                0x00000000000029a8                memchr
 .text.memcpy   0x00000000000029c4       0x16 /Developer/Tools/gcc-arm-none-eabi-4_9-2015q1/bin/../lib/gcc/arm-none-eabi/4.9.3/../../../../arm-none-eabi/lib/armv7-m/libc_nano.a(lib_a-memcpy.o)
                0x00000000000029c4                memcpy
 .text.memset   0x00000000000029da       0x10 /Developer/Tools/gcc-arm-none-eabi-4_9-2015q1/bin/../lib/gcc/arm-none-eabi/4.9.3/../../../../arm-none-eabi/lib/armv7-m/libc_nano.a(lib_a-memset.o)
                0x00000000000029da                memset
 *fill*         0x00000000000029ea        0x2 
 .text._free_r  0x00000000000029ec       0x88 /Developer/Tools/gcc-arm-none-eabi-4_9-2015q1/bin/../lib/gcc/arm-none-eabi/4.9.3/../../../../arm-none-eabi/lib/armv7-m/libc_nano.a(lib_a-nano-freer.o)
                0x00000000000029ec                _free_r
 .text._malloc_r
                0x0000000000002a74       0xac /Developer/Tools/gcc-arm-none-eabi-4_9-2015q1/bin/../lib/gcc/arm-none-eabi/4.9.3/../../../../arm-none-eabi/lib/armv7-m/libc_nano.a(lib_a-nano-mallocr.o)
                0x0000000000002a74                _malloc_r
 .text.__sfputc_r
                0x0000000000002b20       0x2c /Developer/Tools/gcc-arm-none-eabi-4_9-2015q1/bin/../lib/gcc/arm-none-eabi/4.9.3/../../../../arm-none-eabi/lib/armv7-m/libc_nano.a(lib_a-nano-vfprintf.o)
 .text.__sfputs_r
                0x0000000000002b4c       0x24 /Developer/Tools/gcc-arm-none-eabi-4_9-2015q1/bin/../lib/gcc/arm-none-eabi/4.9.3/../../../../arm-none-eabi/lib/armv7-m/libc_nano.a(lib_a-nano-vfprintf.o)
                0x0000000000002b4c                __sfputs_r
 .text._vfprintf_r
                0x0000000000002b70      0x210 /Developer/Tools/gcc-arm-none-eabi-4_9-2015q1/bin/../lib/gcc/arm-none-eabi/4.9.3/../../../../arm-none-eabi/lib/armv7-m/libc_nano.a(lib_a-nano-vfprintf.o)
                0x0000000000002b70                _vfiprintf_r
                0x0000000000002b70                _vfprintf_r
 .text.vfprintf
                0x0000000000002d80       0x1c /Developer/Tools/gcc-arm-none-eabi-4_9-2015q1/bin/../lib/gcc/arm-none-eabi/4.9.3/../../../../arm-none-eabi/lib/armv7-m/libc_nano.a(lib_a-nano-vfprintf.o)
                0x0000000000002d80                vfiprintf
                0x0000000000002d80                vfprintf
 .text.__cvt    0x0000000000002d9c       0xbc /Developer/Tools/gcc-arm-none-eabi-4_9-2015q1/bin/../lib/gcc/arm-none-eabi/4.9.3/../../../../arm-none-eabi/lib/armv7-m/libc_nano.a(lib_a-nano-vfprintf_float.o)
                0x0000000000002d9c                __cvt
 .text.__exponent
                0x0000000000002e58       0x62 /Developer/Tools/gcc-arm-none-eabi-4_9-2015q1/bin/../lib/gcc/arm-none-eabi/4.9.3/../../../../arm-none-eabi/lib/armv7-m/libc_nano.a(lib_a-nano-vfprintf_float.o)
                0x0000000000002e58                __exponent
 *fill*         0x0000000000002eba        0x2 
 .text._printf_float
                0x0000000000002ebc      0x48c /Developer/Tools/gcc-arm-none-eabi-4_9-2015q1/bin/../lib/gcc/arm-none-eabi/4.9.3/../../../../arm-none-eabi/lib/armv7-m/libc_nano.a(lib_a-nano-vfprintf_float.o)
                0x0000000000002ebc                _printf_float
 .text._printf_common
                0x0000000000003348       0xea /Developer/Tools/gcc-arm-none-eabi-4_9-2015q1/bin/../lib/gcc/arm-none-eabi/4.9.3/../../../../arm-none-eabi/lib/armv7-m/libc_nano.a(lib_a-nano-vfprintf_i.o)
                0x0000000000003348                _printf_common
 *fill*         0x0000000000003432        0x2 
 .text._printf_i
                0x0000000000003434      0x240 /Developer/Tools/gcc-arm-none-eabi-4_9-2015q1/bin/../lib/gcc/arm-none-eabi/4.9.3/../../../../arm-none-eabi/lib/armv7-m/libc_nano.a(lib_a-nano-vfprintf_i.o)
                0x0000000000003434                _printf_i
 .text._scanf_float
                0x0000000000003674      0x3cc /Developer/Tools/gcc-arm-none-eabi-4_9-2015q1/bin/../lib/gcc/arm-none-eabi/4.9.3/../../../../arm-none-eabi/lib/armv7-m/libc_nano.a(lib_a-nano-vfscanf_float.o)
                0x0000000000003674                _scanf_float
 .text._scanf_chars
                0x0000000000003a40       0xbc /Developer/Tools/gcc-arm-none-eabi-4_9-2015q1/bin/../lib/gcc/arm-none-eabi/4.9.3/../../../../arm-none-eabi/lib/armv7-m/libc_nano.a(lib_a-nano-vfscanf_i.o)
                0x0000000000003a40                _scanf_chars
 .text._scanf_i
                0x0000000000003afc      0x1e4 /Developer/Tools/gcc-arm-none-eabi-4_9-2015q1/bin/../lib/gcc/arm-none-eabi/4.9.3/../../../../arm-none-eabi/lib/armv7-m/libc_nano.a(lib_a-nano-vfscanf_i.o)
                0x0000000000003afc                _scanf_i
 .text._open_r  0x0000000000003ce0       0x24 /Developer/Tools/gcc-arm-none-eabi-4_9-2015q1/bin/../lib/gcc/arm-none-eabi/4.9.3/../../../../arm-none-eabi/lib/armv7-m/libc_nano.a(lib_a-openr.o)
                0x0000000000003ce0                _open_r
 .text._putc_r  0x0000000000003d04       0x78 /Developer/Tools/gcc-arm-none-eabi-4_9-2015q1/bin/../lib/gcc/arm-none-eabi/4.9.3/../../../../arm-none-eabi/lib/armv7-m/libc_nano.a(lib_a-putc.o)
                0x0000000000003d04                _putc_r
 .text.lflush   0x0000000000003d7c       0x12 /Developer/Tools/gcc-arm-none-eabi-4_9-2015q1/bin/../lib/gcc/arm-none-eabi/4.9.3/../../../../arm-none-eabi/lib/armv7-m/libc_nano.a(lib_a-refill.o)
 *fill*         0x0000000000003d8e        0x2 
 .text.__srefill_r
                0x0000000000003d90      0x10c /Developer/Tools/gcc-arm-none-eabi-4_9-2015q1/bin/../lib/gcc/arm-none-eabi/4.9.3/../../../../arm-none-eabi/lib/armv7-m/libc_nano.a(lib_a-refill.o)
                0x0000000000003d90                __srefill_r
 .text.__srget_r
                0x0000000000003e9c       0x58 /Developer/Tools/gcc-arm-none-eabi-4_9-2015q1/bin/../lib/gcc/arm-none-eabi/4.9.3/../../../../arm-none-eabi/lib/armv7-m/libc_nano.a(lib_a-rget.o)
                0x0000000000003e9c                __srget_r
 .text.__fpclassifyd
                0x0000000000003ef4       0x50 /Developer/Tools/gcc-arm-none-eabi-4_9-2015q1/bin/../lib/gcc/arm-none-eabi/4.9.3/../../../../arm-none-eabi/lib/armv7-m/libc_nano.a(lib_a-s_fpclassify.o)
                0x0000000000003ef4                __fpclassifyd
 .text._sbrk_r  0x0000000000003f44       0x20 /Developer/Tools/gcc-arm-none-eabi-4_9-2015q1/bin/../lib/gcc/arm-none-eabi/4.9.3/../../../../arm-none-eabi/lib/armv7-m/libc_nano.a(lib_a-sbrkr.o)
                0x0000000000003f44                _sbrk_r
 .text.__sccl   0x0000000000003f64       0x62 /Developer/Tools/gcc-arm-none-eabi-4_9-2015q1/bin/../lib/gcc/arm-none-eabi/4.9.3/../../../../arm-none-eabi/lib/armv7-m/libc_nano.a(lib_a-sccl.o)
                0x0000000000003f64                __sccl
 .text.setbuf   0x0000000000003fc6       0x10 /Developer/Tools/gcc-arm-none-eabi-4_9-2015q1/bin/../lib/gcc/arm-none-eabi/4.9.3/../../../../arm-none-eabi/lib/armv7-m/libc_nano.a(lib_a-setbuf.o)
                0x0000000000003fc6                setbuf
 *fill*         0x0000000000003fd6        0x2 
 .text.setvbuf  0x0000000000003fd8      0x110 /Developer/Tools/gcc-arm-none-eabi-4_9-2015q1/bin/../lib/gcc/arm-none-eabi/4.9.3/../../../../arm-none-eabi/lib/armv7-m/libc_nano.a(lib_a-setvbuf.o)
                0x0000000000003fd8                setvbuf
 .text.nanf     0x00000000000040e8        0x8 /Developer/Tools/gcc-arm-none-eabi-4_9-2015q1/bin/../lib/gcc/arm-none-eabi/4.9.3/../../../../arm-none-eabi/lib/armv7-m/libc_nano.a(lib_a-sf_nan.o)
                0x00000000000040e8                nanf
 .text.sprintf  0x00000000000040f0       0x48 /Developer/Tools/gcc-arm-none-eabi-4_9-2015q1/bin/../lib/gcc/arm-none-eabi/4.9.3/../../../../arm-none-eabi/lib/armv7-m/libc_nano.a(lib_a-sprintf.o)
                0x00000000000040f0                sprintf
                0x00000000000040f0                siprintf
 .text.sscanf   0x0000000000004138       0x54 /Developer/Tools/gcc-arm-none-eabi-4_9-2015q1/bin/../lib/gcc/arm-none-eabi/4.9.3/../../../../arm-none-eabi/lib/armv7-m/libc_nano.a(lib_a-sscanf.o)
                0x0000000000004138                sscanf
                0x0000000000004138                siscanf
 .text.__sread  0x000000000000418c       0x22 /Developer/Tools/gcc-arm-none-eabi-4_9-2015q1/bin/../lib/gcc/arm-none-eabi/4.9.3/../../../../arm-none-eabi/lib/armv7-m/libc_nano.a(lib_a-stdio.o)
                0x000000000000418c                __sread
 .text.__seofread
                0x00000000000041ae        0x4 /Developer/Tools/gcc-arm-none-eabi-4_9-2015q1/bin/../lib/gcc/arm-none-eabi/4.9.3/../../../../arm-none-eabi/lib/armv7-m/libc_nano.a(lib_a-stdio.o)
                0x00000000000041ae                __seofread
 .text.__swrite
                0x00000000000041b2       0x38 /Developer/Tools/gcc-arm-none-eabi-4_9-2015q1/bin/../lib/gcc/arm-none-eabi/4.9.3/../../../../arm-none-eabi/lib/armv7-m/libc_nano.a(lib_a-stdio.o)
                0x00000000000041b2                __swrite
 .text.__sseek  0x00000000000041ea       0x24 /Developer/Tools/gcc-arm-none-eabi-4_9-2015q1/bin/../lib/gcc/arm-none-eabi/4.9.3/../../../../arm-none-eabi/lib/armv7-m/libc_nano.a(lib_a-stdio.o)
                0x00000000000041ea                __sseek
 .text.__sclose
                0x000000000000420e        0x8 /Developer/Tools/gcc-arm-none-eabi-4_9-2015q1/bin/../lib/gcc/arm-none-eabi/4.9.3/../../../../arm-none-eabi/lib/armv7-m/libc_nano.a(lib_a-stdio.o)
                0x000000000000420e                __sclose
 .text          0x0000000000004216       0x14 /Developer/Tools/gcc-arm-none-eabi-4_9-2015q1/bin/../lib/gcc/arm-none-eabi/4.9.3/../../../../arm-none-eabi/lib/armv7-m/libc_nano.a(lib_a-strcmp.o)
                0x0000000000004216                strcmp
 .text.strlen   0x000000000000422a       0x10 /Developer/Tools/gcc-arm-none-eabi-4_9-2015q1/bin/../lib/gcc/arm-none-eabi/4.9.3/../../../../arm-none-eabi/lib/armv7-m/libc_nano.a(lib_a-strlen.o)
                0x000000000000422a                strlen
 .text.strncmp  0x000000000000423a       0x32 /Developer/Tools/gcc-arm-none-eabi-4_9-2015q1/bin/../lib/gcc/arm-none-eabi/4.9.3/../../../../arm-none-eabi/lib/armv7-m/libc_nano.a(lib_a-strncmp.o)
                0x000000000000423a                strncmp
 .text.match    0x000000000000426c       0x26 /Developer/Tools/gcc-arm-none-eabi-4_9-2015q1/bin/../lib/gcc/arm-none-eabi/4.9.3/../../../../arm-none-eabi/lib/armv7-m/libc_nano.a(lib_a-strtod.o)
 .text.sulp     0x0000000000004292       0x42 /Developer/Tools/gcc-arm-none-eabi-4_9-2015q1/bin/../lib/gcc/arm-none-eabi/4.9.3/../../../../arm-none-eabi/lib/armv7-m/libc_nano.a(lib_a-strtod.o)
 *fill*         0x00000000000042d4        0x4 
 .text._strtod_r
                0x00000000000042d8      0xc40 /Developer/Tools/gcc-arm-none-eabi-4_9-2015q1/bin/../lib/gcc/arm-none-eabi/4.9.3/../../../../arm-none-eabi/lib/armv7-m/libc_nano.a(lib_a-strtod.o)
                0x00000000000042d8                _strtod_r
 .text.strtod   0x0000000000004f18       0x14 /Developer/Tools/gcc-arm-none-eabi-4_9-2015q1/bin/../lib/gcc/arm-none-eabi/4.9.3/../../../../arm-none-eabi/lib/armv7-m/libc_nano.a(lib_a-strtod.o)
                0x0000000000004f18                strtod
 .text._strtol_r
                0x0000000000004f2c      0x10c /Developer/Tools/gcc-arm-none-eabi-4_9-2015q1/bin/../lib/gcc/arm-none-eabi/4.9.3/../../../../arm-none-eabi/lib/armv7-m/libc_nano.a(lib_a-strtol.o)
                0x0000000000004f2c                _strtol_r
 .text.strtol   0x0000000000005038       0x1c /Developer/Tools/gcc-arm-none-eabi-4_9-2015q1/bin/../lib/gcc/arm-none-eabi/4.9.3/../../../../arm-none-eabi/lib/armv7-m/libc_nano.a(lib_a-strtol.o)
                0x0000000000005038                strtol
 .text._strtoul_r
                0x0000000000005054       0xf8 /Developer/Tools/gcc-arm-none-eabi-4_9-2015q1/bin/../lib/gcc/arm-none-eabi/4.9.3/../../../../arm-none-eabi/lib/armv7-m/libc_nano.a(lib_a-strtoul.o)
                0x0000000000005054                _strtoul_r
 .text.__submore
                0x000000000000514c       0x72 /Developer/Tools/gcc-arm-none-eabi-4_9-2015q1/bin/../lib/gcc/arm-none-eabi/4.9.3/../../../../arm-none-eabi/lib/armv7-m/libc_nano.a(lib_a-ungetc.o)
                0x000000000000514c                __submore
 *fill*         0x00000000000051be        0x2 
 .text.__swbuf_r
                0x00000000000051c0       0xa8 /Developer/Tools/gcc-arm-none-eabi-4_9-2015q1/bin/../lib/gcc/arm-none-eabi/4.9.3/../../../../arm-none-eabi/lib/armv7-m/libc_nano.a(lib_a-wbuf.o)
                0x00000000000051c0                __swbuf_r
 .text._write_r
                0x0000000000005268       0x24 /Developer/Tools/gcc-arm-none-eabi-4_9-2015q1/bin/../lib/gcc/arm-none-eabi/4.9.3/../../../../arm-none-eabi/lib/armv7-m/libc_nano.a(lib_a-writer.o)
                0x0000000000005268                _write_r
 .text.__swsetup_r
                0x000000000000528c       0xd8 /Developer/Tools/gcc-arm-none-eabi-4_9-2015q1/bin/../lib/gcc/arm-none-eabi/4.9.3/../../../../arm-none-eabi/lib/armv7-m/libc_nano.a(lib_a-wsetup.o)
                0x000000000000528c                __swsetup_r
 .text._close_r
                0x0000000000005364       0x20 /Developer/Tools/gcc-arm-none-eabi-4_9-2015q1/bin/../lib/gcc/arm-none-eabi/4.9.3/../../../../arm-none-eabi/lib/armv7-m/libc_nano.a(lib_a-closer.o)
                0x0000000000005364                _close_r
 .text.quorem   0x0000000000005384      0x114 /Developer/Tools/gcc-arm-none-eabi-4_9-2015q1/bin/../lib/gcc/arm-none-eabi/4.9.3/../../../../arm-none-eabi/lib/armv7-m/libc_nano.a(lib_a-dtoa.o)
 .text._dtoa_r  0x0000000000005498      0xb78 /Developer/Tools/gcc-arm-none-eabi-4_9-2015q1/bin/../lib/gcc/arm-none-eabi/4.9.3/../../../../arm-none-eabi/lib/armv7-m/libc_nano.a(lib_a-dtoa.o)
                0x0000000000005498                _dtoa_r
 .text.__sflags
                0x0000000000006010       0x6e /Developer/Tools/gcc-arm-none-eabi-4_9-2015q1/bin/../lib/gcc/arm-none-eabi/4.9.3/../../../../arm-none-eabi/lib/armv7-m/libc_nano.a(lib_a-flags.o)
                0x0000000000006010                __sflags
 *fill*         0x000000000000607e        0x2 
 .text._fstat_r
                0x0000000000006080       0x24 /Developer/Tools/gcc-arm-none-eabi-4_9-2015q1/bin/../lib/gcc/arm-none-eabi/4.9.3/../../../../arm-none-eabi/lib/armv7-m/libc_nano.a(lib_a-fstatr.o)
                0x0000000000006080                _fstat_r
 .text.rshift   0x00000000000060a4       0x6c /Developer/Tools/gcc-arm-none-eabi-4_9-2015q1/bin/../lib/gcc/arm-none-eabi/4.9.3/../../../../arm-none-eabi/lib/armv7-m/libc_nano.a(lib_a-gdtoa-gethex.o)
 .text.__hexdig_fun
                0x0000000000006110       0x2a /Developer/Tools/gcc-arm-none-eabi-4_9-2015q1/bin/../lib/gcc/arm-none-eabi/4.9.3/../../../../arm-none-eabi/lib/armv7-m/libc_nano.a(lib_a-gdtoa-gethex.o)
                0x0000000000006110                __hexdig_fun
 .text.__gethex
                0x000000000000613a      0x44a /Developer/Tools/gcc-arm-none-eabi-4_9-2015q1/bin/../lib/gcc/arm-none-eabi/4.9.3/../../../../arm-none-eabi/lib/armv7-m/libc_nano.a(lib_a-gdtoa-gethex.o)
                0x000000000000613a                __gethex
 .text.L_shift  0x0000000000006584       0x24 /Developer/Tools/gcc-arm-none-eabi-4_9-2015q1/bin/../lib/gcc/arm-none-eabi/4.9.3/../../../../arm-none-eabi/lib/armv7-m/libc_nano.a(lib_a-gdtoa-hexnan.o)
 .text.__hexnan
                0x00000000000065a8      0x114 /Developer/Tools/gcc-arm-none-eabi-4_9-2015q1/bin/../lib/gcc/arm-none-eabi/4.9.3/../../../../arm-none-eabi/lib/armv7-m/libc_nano.a(lib_a-gdtoa-hexnan.o)
                0x00000000000065a8                __hexnan
 .text._isatty_r
                0x00000000000066bc       0x20 /Developer/Tools/gcc-arm-none-eabi-4_9-2015q1/bin/../lib/gcc/arm-none-eabi/4.9.3/../../../../arm-none-eabi/lib/armv7-m/libc_nano.a(lib_a-isattyr.o)
                0x00000000000066bc                _isatty_r
 .text._localeconv_r
                0x00000000000066dc        0x8 /Developer/Tools/gcc-arm-none-eabi-4_9-2015q1/bin/../lib/gcc/arm-none-eabi/4.9.3/../../../../arm-none-eabi/lib/armv7-m/libc_nano.a(lib_a-locale.o)
                0x00000000000066dc                _localeconv_r
 .text._lseek_r
                0x00000000000066e4       0x24 /Developer/Tools/gcc-arm-none-eabi-4_9-2015q1/bin/../lib/gcc/arm-none-eabi/4.9.3/../../../../arm-none-eabi/lib/armv7-m/libc_nano.a(lib_a-lseekr.o)
                0x00000000000066e4                _lseek_r
 .text.memmove  0x0000000000006708       0x36 /Developer/Tools/gcc-arm-none-eabi-4_9-2015q1/bin/../lib/gcc/arm-none-eabi/4.9.3/../../../../arm-none-eabi/lib/armv7-m/libc_nano.a(lib_a-memmove.o)
                0x0000000000006708                memmove
 .text._Balloc  0x000000000000673e       0x6a /Developer/Tools/gcc-arm-none-eabi-4_9-2015q1/bin/../lib/gcc/arm-none-eabi/4.9.3/../../../../arm-none-eabi/lib/armv7-m/libc_nano.a(lib_a-mprec.o)
                0x000000000000673e                _Balloc
 .text._Bfree   0x00000000000067a8       0x2e /Developer/Tools/gcc-arm-none-eabi-4_9-2015q1/bin/../lib/gcc/arm-none-eabi/4.9.3/../../../../arm-none-eabi/lib/armv7-m/libc_nano.a(lib_a-mprec.o)
                0x00000000000067a8                _Bfree
 .text.__multadd
                0x00000000000067d6       0x7c /Developer/Tools/gcc-arm-none-eabi-4_9-2015q1/bin/../lib/gcc/arm-none-eabi/4.9.3/../../../../arm-none-eabi/lib/armv7-m/libc_nano.a(lib_a-mprec.o)
                0x00000000000067d6                __multadd
 .text.__s2b    0x0000000000006852       0x80 /Developer/Tools/gcc-arm-none-eabi-4_9-2015q1/bin/../lib/gcc/arm-none-eabi/4.9.3/../../../../arm-none-eabi/lib/armv7-m/libc_nano.a(lib_a-mprec.o)
                0x0000000000006852                __s2b
 .text.__hi0bits
                0x00000000000068d2       0x40 /Developer/Tools/gcc-arm-none-eabi-4_9-2015q1/bin/../lib/gcc/arm-none-eabi/4.9.3/../../../../arm-none-eabi/lib/armv7-m/libc_nano.a(lib_a-mprec.o)
                0x00000000000068d2                __hi0bits
 .text.__lo0bits
                0x0000000000006912       0x5a /Developer/Tools/gcc-arm-none-eabi-4_9-2015q1/bin/../lib/gcc/arm-none-eabi/4.9.3/../../../../arm-none-eabi/lib/armv7-m/libc_nano.a(lib_a-mprec.o)
                0x0000000000006912                __lo0bits
 .text.__i2b    0x000000000000696c       0x12 /Developer/Tools/gcc-arm-none-eabi-4_9-2015q1/bin/../lib/gcc/arm-none-eabi/4.9.3/../../../../arm-none-eabi/lib/armv7-m/libc_nano.a(lib_a-mprec.o)
                0x000000000000696c                __i2b
 .text.__multiply
                0x000000000000697e      0x120 /Developer/Tools/gcc-arm-none-eabi-4_9-2015q1/bin/../lib/gcc/arm-none-eabi/4.9.3/../../../../arm-none-eabi/lib/armv7-m/libc_nano.a(lib_a-mprec.o)
                0x000000000000697e                __multiply
 *fill*         0x0000000000006a9e        0x2 
 .text.__pow5mult
                0x0000000000006aa0       0x9c /Developer/Tools/gcc-arm-none-eabi-4_9-2015q1/bin/../lib/gcc/arm-none-eabi/4.9.3/../../../../arm-none-eabi/lib/armv7-m/libc_nano.a(lib_a-mprec.o)
                0x0000000000006aa0                __pow5mult
 .text.__lshift
                0x0000000000006b3c       0xa6 /Developer/Tools/gcc-arm-none-eabi-4_9-2015q1/bin/../lib/gcc/arm-none-eabi/4.9.3/../../../../arm-none-eabi/lib/armv7-m/libc_nano.a(lib_a-mprec.o)
                0x0000000000006b3c                __lshift
 .text.__mcmp   0x0000000000006be2       0x38 /Developer/Tools/gcc-arm-none-eabi-4_9-2015q1/bin/../lib/gcc/arm-none-eabi/4.9.3/../../../../arm-none-eabi/lib/armv7-m/libc_nano.a(lib_a-mprec.o)
                0x0000000000006be2                __mcmp
 .text.__mdiff  0x0000000000006c1a       0xbe /Developer/Tools/gcc-arm-none-eabi-4_9-2015q1/bin/../lib/gcc/arm-none-eabi/4.9.3/../../../../arm-none-eabi/lib/armv7-m/libc_nano.a(lib_a-mprec.o)
                0x0000000000006c1a                __mdiff
 .text.__ulp    0x0000000000006cd8       0x48 /Developer/Tools/gcc-arm-none-eabi-4_9-2015q1/bin/../lib/gcc/arm-none-eabi/4.9.3/../../../../arm-none-eabi/lib/armv7-m/libc_nano.a(lib_a-mprec.o)
                0x0000000000006cd8                __ulp
 .text.__b2d    0x0000000000006d20       0x9e /Developer/Tools/gcc-arm-none-eabi-4_9-2015q1/bin/../lib/gcc/arm-none-eabi/4.9.3/../../../../arm-none-eabi/lib/armv7-m/libc_nano.a(lib_a-mprec.o)
                0x0000000000006d20                __b2d
 .text.__d2b    0x0000000000006dbe       0xa4 /Developer/Tools/gcc-arm-none-eabi-4_9-2015q1/bin/../lib/gcc/arm-none-eabi/4.9.3/../../../../arm-none-eabi/lib/armv7-m/libc_nano.a(lib_a-mprec.o)
                0x0000000000006dbe                __d2b
 .text.__ratio  0x0000000000006e62       0x50 /Developer/Tools/gcc-arm-none-eabi-4_9-2015q1/bin/../lib/gcc/arm-none-eabi/4.9.3/../../../../arm-none-eabi/lib/armv7-m/libc_nano.a(lib_a-mprec.o)
                0x0000000000006e62                __ratio
 .text.__copybits
                0x0000000000006eb2       0x34 /Developer/Tools/gcc-arm-none-eabi-4_9-2015q1/bin/../lib/gcc/arm-none-eabi/4.9.3/../../../../arm-none-eabi/lib/armv7-m/libc_nano.a(lib_a-mprec.o)
                0x0000000000006eb2                __copybits
 .text.__any_on
                0x0000000000006ee6       0x44 /Developer/Tools/gcc-arm-none-eabi-4_9-2015q1/bin/../lib/gcc/arm-none-eabi/4.9.3/../../../../arm-none-eabi/lib/armv7-m/libc_nano.a(lib_a-mprec.o)
                0x0000000000006ee6                __any_on
 .text._calloc_r
                0x0000000000006f2a       0x1c /Developer/Tools/gcc-arm-none-eabi-4_9-2015q1/bin/../lib/gcc/arm-none-eabi/4.9.3/../../../../arm-none-eabi/lib/armv7-m/libc_nano.a(lib_a-nano-callocr.o)
                0x0000000000006f2a                _calloc_r
 .text._realloc_r
                0x0000000000006f46       0x4c /Developer/Tools/gcc-arm-none-eabi-4_9-2015q1/bin/../lib/gcc/arm-none-eabi/4.9.3/../../../../arm-none-eabi/lib/armv7-m/libc_nano.a(lib_a-nano-reallocr.o)
                0x0000000000006f46                _realloc_r
 .text.__ssputs_r
                0x0000000000006f92       0xb2 /Developer/Tools/gcc-arm-none-eabi-4_9-2015q1/bin/../lib/gcc/arm-none-eabi/4.9.3/../../../../arm-none-eabi/lib/armv7-m/libc_nano.a(lib_a-nano-svfprintf.o)
                0x0000000000006f92                __ssputs_r
 .text._svfprintf_r
                0x0000000000007044      0x1e4 /Developer/Tools/gcc-arm-none-eabi-4_9-2015q1/bin/../lib/gcc/arm-none-eabi/4.9.3/../../../../arm-none-eabi/lib/armv7-m/libc_nano.a(lib_a-nano-svfprintf.o)
                0x0000000000007044                _svfprintf_r
                0x0000000000007044                _svfiprintf_r
 .text._sungetc_r
                0x0000000000007228       0x7a /Developer/Tools/gcc-arm-none-eabi-4_9-2015q1/bin/../lib/gcc/arm-none-eabi/4.9.3/../../../../arm-none-eabi/lib/armv7-m/libc_nano.a(lib_a-nano-svfscanf.o)
                0x0000000000007228                _sungetc_r
 .text.__ssrefill_r
                0x00000000000072a2       0x3a /Developer/Tools/gcc-arm-none-eabi-4_9-2015q1/bin/../lib/gcc/arm-none-eabi/4.9.3/../../../../arm-none-eabi/lib/armv7-m/libc_nano.a(lib_a-nano-svfscanf.o)
                0x00000000000072a2                __ssrefill_r
 .text.__ssvfscanf_r
                0x00000000000072dc      0x29c /Developer/Tools/gcc-arm-none-eabi-4_9-2015q1/bin/../lib/gcc/arm-none-eabi/4.9.3/../../../../arm-none-eabi/lib/armv7-m/libc_nano.a(lib_a-nano-svfscanf.o)
                0x00000000000072dc                __ssvfscanf_r
                0x00000000000072dc                __ssvfiscanf_r
 .text._read_r  0x0000000000007578       0x24 /Developer/Tools/gcc-arm-none-eabi-4_9-2015q1/bin/../lib/gcc/arm-none-eabi/4.9.3/../../../../arm-none-eabi/lib/armv7-m/libc_nano.a(lib_a-readr.o)
                0x0000000000007578                _read_r
 .text._malloc_usable_size_r
                0x000000000000759c       0x14 /Developer/Tools/gcc-arm-none-eabi-4_9-2015q1/bin/../lib/gcc/arm-none-eabi/4.9.3/../../../../arm-none-eabi/lib/armv7-m/libc_nano.a(lib_a-nano-msizer.o)
                0x000000000000759c                _malloc_usable_size_r
 .text          0x00000000000075b0      0x370 /Developer/Tools/gcc-arm-none-eabi-4_9-2015q1/bin/../lib/gcc/arm-none-eabi/4.9.3/armv7-m/libgcc.a(_arm_addsubdf3.o)
                0x00000000000075b0                __aeabi_drsub
                0x00000000000075b8                __subdf3
                0x00000000000075b8                __aeabi_dsub
                0x00000000000075bc                __aeabi_dadd
                0x00000000000075bc                __adddf3
                0x0000000000007834                __aeabi_ui2d
                0x0000000000007834                __floatunsidf
                0x0000000000007854                __floatsidf
                0x0000000000007854                __aeabi_i2d
                0x0000000000007878                __extendsfdf2
                0x0000000000007878                __aeabi_f2d
                0x00000000000078b4                __aeabi_ul2d
                0x00000000000078b4                __floatundidf
                0x00000000000078c4                __aeabi_l2d
                0x00000000000078c4                __floatdidf
 .text          0x0000000000007920      0x424 /Developer/Tools/gcc-arm-none-eabi-4_9-2015q1/bin/../lib/gcc/arm-none-eabi/4.9.3/armv7-m/libgcc.a(_arm_muldivdf3.o)
                0x0000000000007920                __aeabi_dmul
                0x0000000000007920                __muldf3
                0x0000000000007b74                __aeabi_ddiv
                0x0000000000007b74                __divdf3
 .text          0x0000000000007d44      0x110 /Developer/Tools/gcc-arm-none-eabi-4_9-2015q1/bin/../lib/gcc/arm-none-eabi/4.9.3/armv7-m/libgcc.a(_arm_cmpdf2.o)
                0x0000000000007d44                __gtdf2
                0x0000000000007d44                __gedf2
                0x0000000000007d4c                __ltdf2
                0x0000000000007d4c                __ledf2
                0x0000000000007d54                __eqdf2
                0x0000000000007d54                __nedf2
                0x0000000000007d54                __cmpdf2
                0x0000000000007dd0                __aeabi_cdrcmple
                0x0000000000007de0                __aeabi_cdcmple
                0x0000000000007de0                __aeabi_cdcmpeq
                0x0000000000007df0                __aeabi_dcmpeq
                0x0000000000007e04                __aeabi_dcmplt
                0x0000000000007e18                __aeabi_dcmple
                0x0000000000007e2c                __aeabi_dcmpge
                0x0000000000007e40                __aeabi_dcmpgt
 .text          0x0000000000007e54       0x50 /Developer/Tools/gcc-arm-none-eabi-4_9-2015q1/bin/../lib/gcc/arm-none-eabi/4.9.3/armv7-m/libgcc.a(_arm_fixdfsi.o)
                0x0000000000007e54                __fixdfsi
                0x0000000000007e54                __aeabi_d2iz
 .text          0x0000000000007ea4       0x40 /Developer/Tools/gcc-arm-none-eabi-4_9-2015q1/bin/../lib/gcc/arm-none-eabi/4.9.3/armv7-m/libgcc.a(_arm_fixunsdfsi.o)
                0x0000000000007ea4                __fixunsdfsi
                0x0000000000007ea4                __aeabi_d2uiz
 .text          0x0000000000007ee4       0xa0 /Developer/Tools/gcc-arm-none-eabi-4_9-2015q1/bin/../lib/gcc/arm-none-eabi/4.9.3/armv7-m/libgcc.a(_arm_truncdfsf2.o)
                0x0000000000007ee4                __aeabi_d2f
                0x0000000000007ee4                __truncdfsf2
 *(.init)
 .init          0x0000000000007f84        0x4 /Developer/Tools/gcc-arm-none-eabi-4_9-2015q1/bin/../lib/gcc/arm-none-eabi/4.9.3/armv7-m/crti.o
                0x0000000000007f84                _init
 .init          0x0000000000007f88        0x8 /Developer/Tools/gcc-arm-none-eabi-4_9-2015q1/bin/../lib/gcc/arm-none-eabi/4.9.3/armv7-m/crtn.o
 *(.fini)
 .fini          0x0000000000007f90        0x4 /Developer/Tools/gcc-arm-none-eabi-4_9-2015q1/bin/../lib/gcc/arm-none-eabi/4.9.3/armv7-m/crti.o
                0x0000000000007f90                _fini
 .fini          0x0000000000007f94        0x8 /Developer/Tools/gcc-arm-none-eabi-4_9-2015q1/bin/../lib/gcc/arm-none-eabi/4.9.3/armv7-m/crtn.o
 *crtbegin.o(.ctors)
 *crtbegin?.o(.ctors)
 *(EXCLUDE_FILE(*crtend.o *crtend?.o) .ctors)
 *(SORT(.ctors.*))
 *(.ctors)
 *crtbegin.o(.dtors)
 *crtbegin?.o(.dtors)
 *(EXCLUDE_FILE(*crtend.o *crtend?.o) .dtors)
 *(SORT(.dtors.*))
 *(.dtors)
 *(.rodata*)
 .rodata.str1.1
                0x0000000000007f9c       0x11 main.o
 .rodata.str1.1
                0x0000000000007fad       0x40 grove_rpc_server/rpc_server.o
 .rodata.str1.1
                0x0000000000007fed       0x48 grove_rpc_server/rpc_server_registration.o
 .rodata.str1.1
                0x0000000000008035       0x17 grove_rpc_server/rpc_stream.o
                                         0x1b (size before relaxing)
 .rodata.str1.1
                0x000000000000804c        0xa grove_drivers/Grove_Example/GroveExample_Generated.o
 *fill*         0x0000000000008056        0x2 
 .rodata.str1.4
                0x0000000000008058       0x80 mbed/TARGET_LPC1768/TOOLCHAIN_GCC_ARM/board.o
 .rodata.__stdin_name
                0x00000000000080d8        0x8 mbed/TARGET_LPC1768/TOOLCHAIN_GCC_ARM/retarget.o
                0x00000000000080d8                __stdin_name
 .rodata.__stderr_name
                0x00000000000080e0        0x8 mbed/TARGET_LPC1768/TOOLCHAIN_GCC_ARM/retarget.o
                0x00000000000080e0                __stderr_name
 .rodata.__stdout_name
                0x00000000000080e8        0x8 mbed/TARGET_LPC1768/TOOLCHAIN_GCC_ARM/retarget.o
                0x00000000000080e8                __stdout_name
 .rodata._ZTVN4mbed10FileHandleE
                0x00000000000080f0       0x30 mbed/TARGET_LPC1768/TOOLCHAIN_GCC_ARM/retarget.o
                0x00000000000080f0                vtable for mbed::FileHandle
 .rodata.str1.4
                0x0000000000008120        0xe mbed/TARGET_LPC1768/TOOLCHAIN_GCC_ARM/retarget.o
                                         0x10 (size before relaxing)
 *fill*         0x000000000000812e        0x2 
 .rodata.PinMap_UART_RTS
                0x0000000000008130       0x24 ./mbed/TARGET_LPC1768/TOOLCHAIN_GCC_ARM/libmbed.a(serial_api.o)
 .rodata.CSWTCH.24
                0x0000000000008154       0x10 ./mbed/TARGET_LPC1768/TOOLCHAIN_GCC_ARM/libmbed.a(serial_api.o)
 .rodata.PinMap_UART_RX
                0x0000000000008164       0x6c ./mbed/TARGET_LPC1768/TOOLCHAIN_GCC_ARM/libmbed.a(serial_api.o)
 .rodata.str1.4
                0x00000000000081d0      0x1d0 ./mbed/TARGET_LPC1768/TOOLCHAIN_GCC_ARM/libmbed.a(serial_api.o)
                                        0x1e8 (size before relaxing)
 .rodata.PinMap_UART_TX
                0x00000000000083a0       0x6c ./mbed/TARGET_LPC1768/TOOLCHAIN_GCC_ARM/libmbed.a(serial_api.o)
 .rodata.PinMap_UART_CTS
                0x000000000000840c       0x24 ./mbed/TARGET_LPC1768/TOOLCHAIN_GCC_ARM/libmbed.a(serial_api.o)
 .rodata._ZTVN4mbed6StreamE
                0x0000000000008430       0x48 ./mbed/TARGET_LPC1768/TOOLCHAIN_GCC_ARM/libmbed.a(Stream.o)
                0x0000000000008430                vtable for mbed::Stream
 .rodata.str1.4
                0x0000000000008478        0x3 ./mbed/TARGET_LPC1768/TOOLCHAIN_GCC_ARM/libmbed.a(Stream.o)
                                          0x8 (size before relaxing)
 *fill*         0x000000000000847b        0x5 
 .rodata._ZTVN4mbed10SerialBaseE
                0x0000000000008480       0x10 ./mbed/TARGET_LPC1768/TOOLCHAIN_GCC_ARM/libmbed.a(Serial.o)
                0x0000000000008480                vtable for mbed::SerialBase
 .rodata._ZTVN4mbed6SerialE
                0x0000000000008490       0x60 ./mbed/TARGET_LPC1768/TOOLCHAIN_GCC_ARM/libmbed.a(Serial.o)
                0x0000000000008490                vtable for mbed::Serial
 .rodata.str1.4
                0x00000000000084f0       0x31 ./mbed/TARGET_LPC1768/TOOLCHAIN_GCC_ARM/libmbed.a(assert.o)
                                         0x34 (size before relaxing)
 .rodata.str1.4
                0x0000000000000000       0x80 ./mbed/TARGET_LPC1768/TOOLCHAIN_GCC_ARM/libmbed.a(gpio.o)
 *fill*         0x0000000000008521        0x3 
 .rodata.str1.4
                0x0000000000008524       0x66 ./mbed/TARGET_LPC1768/TOOLCHAIN_GCC_ARM/libmbed.a(pinmap_common.o)
                                         0x68 (size before relaxing)
 *fill*         0x000000000000858a        0x2 
 .rodata.str1.4
                0x000000000000858c       0x7a ./mbed/TARGET_LPC1768/TOOLCHAIN_GCC_ARM/libmbed.a(gpio_api.o)
                                         0x94 (size before relaxing)
 *fill*         0x0000000000008606        0x2 
 .rodata.str1.4
                0x0000000000008608       0x64 ./mbed/TARGET_LPC1768/TOOLCHAIN_GCC_ARM/libmbed.a(pinmap.o)
                                         0x78 (size before relaxing)
 *fill*         0x000000000000866c        0x4 
 .rodata._ZTVN4mbed8FileBaseE
                0x0000000000008670       0x10 ./mbed/TARGET_LPC1768/TOOLCHAIN_GCC_ARM/libmbed.a(FileBase.o)
                0x0000000000008670                vtable for mbed::FileBase
 .rodata._ZTVN4mbed8FileLikeE
                0x0000000000008680       0x40 ./mbed/TARGET_LPC1768/TOOLCHAIN_GCC_ARM/libmbed.a(FileLike.o)
                0x0000000000008680                vtable for mbed::FileLike
 .rodata.__sf_fake_stdin
                0x00000000000086c0       0x20 /Developer/Tools/gcc-arm-none-eabi-4_9-2015q1/bin/../lib/gcc/arm-none-eabi/4.9.3/../../../../arm-none-eabi/lib/armv7-m/libc_nano.a(lib_a-findfp.o)
                0x00000000000086c0                __sf_fake_stdin
 .rodata.__sf_fake_stdout
                0x00000000000086e0       0x20 /Developer/Tools/gcc-arm-none-eabi-4_9-2015q1/bin/../lib/gcc/arm-none-eabi/4.9.3/../../../../arm-none-eabi/lib/armv7-m/libc_nano.a(lib_a-findfp.o)
                0x00000000000086e0                __sf_fake_stdout
 .rodata.__sf_fake_stderr
                0x0000000000008700       0x20 /Developer/Tools/gcc-arm-none-eabi-4_9-2015q1/bin/../lib/gcc/arm-none-eabi/4.9.3/../../../../arm-none-eabi/lib/armv7-m/libc_nano.a(lib_a-findfp.o)
                0x0000000000008700                __sf_fake_stderr
 .rodata.str1.1
                0x0000000000008720        0x2 /Developer/Tools/gcc-arm-none-eabi-4_9-2015q1/bin/../lib/gcc/arm-none-eabi/4.9.3/../../../../arm-none-eabi/lib/armv7-m/libc_nano.a(lib_a-impure.o)
 *fill*         0x0000000000008722        0x2 
 .rodata._global_impure_ptr
                0x0000000000008724        0x4 /Developer/Tools/gcc-arm-none-eabi-4_9-2015q1/bin/../lib/gcc/arm-none-eabi/4.9.3/../../../../arm-none-eabi/lib/armv7-m/libc_nano.a(lib_a-impure.o)
                0x0000000000008724                _global_impure_ptr
 .rodata.str1.1
                0x0000000000008728       0x11 /Developer/Tools/gcc-arm-none-eabi-4_9-2015q1/bin/../lib/gcc/arm-none-eabi/4.9.3/../../../../arm-none-eabi/lib/armv7-m/libc_nano.a(lib_a-nano-vfprintf.o)
 .rodata.str1.1
                0x0000000000008739       0x10 /Developer/Tools/gcc-arm-none-eabi-4_9-2015q1/bin/../lib/gcc/arm-none-eabi/4.9.3/../../../../arm-none-eabi/lib/armv7-m/libc_nano.a(lib_a-nano-vfprintf_float.o)
                                         0x12 (size before relaxing)
 .rodata.str1.1
                0x0000000000008749       0x22 /Developer/Tools/gcc-arm-none-eabi-4_9-2015q1/bin/../lib/gcc/arm-none-eabi/4.9.3/../../../../arm-none-eabi/lib/armv7-m/libc_nano.a(lib_a-nano-vfprintf_i.o)
 .rodata.str1.1
                0x000000000000876b        0x5 /Developer/Tools/gcc-arm-none-eabi-4_9-2015q1/bin/../lib/gcc/arm-none-eabi/4.9.3/../../../../arm-none-eabi/lib/armv7-m/libc_nano.a(lib_a-nano-vfscanf_float.o)
 .rodata        0x0000000000008770        0xc /Developer/Tools/gcc-arm-none-eabi-4_9-2015q1/bin/../lib/gcc/arm-none-eabi/4.9.3/../../../../arm-none-eabi/lib/armv7-m/libc_nano.a(lib_a-nano-vfscanf_i.o)
 .rodata.str1.1
                0x000000000000877c       0x1b /Developer/Tools/gcc-arm-none-eabi-4_9-2015q1/bin/../lib/gcc/arm-none-eabi/4.9.3/../../../../arm-none-eabi/lib/armv7-m/libc_nano.a(lib_a-nano-vfscanf_i.o)
 *fill*         0x0000000000008797        0x1 
 .rodata.fpinan.5309
                0x0000000000008798       0x14 /Developer/Tools/gcc-arm-none-eabi-4_9-2015q1/bin/../lib/gcc/arm-none-eabi/4.9.3/../../../../arm-none-eabi/lib/armv7-m/libc_nano.a(lib_a-strtod.o)
 .rodata.str1.1
                0x0000000000000000       0x1b /Developer/Tools/gcc-arm-none-eabi-4_9-2015q1/bin/../lib/gcc/arm-none-eabi/4.9.3/../../../../arm-none-eabi/lib/armv7-m/libc_nano.a(lib_a-strtod.o)
                                          0xc (size before relaxing)
 *fill*         0x00000000000087ac        0x4 
 .rodata.tinytens
                0x00000000000087b0       0x28 /Developer/Tools/gcc-arm-none-eabi-4_9-2015q1/bin/../lib/gcc/arm-none-eabi/4.9.3/../../../../arm-none-eabi/lib/armv7-m/libc_nano.a(lib_a-strtod.o)
 .rodata.fpi.5273
                0x00000000000087d8       0x14 /Developer/Tools/gcc-arm-none-eabi-4_9-2015q1/bin/../lib/gcc/arm-none-eabi/4.9.3/../../../../arm-none-eabi/lib/armv7-m/libc_nano.a(lib_a-strtod.o)
 .rodata._ctype_
                0x00000000000087ec      0x101 /Developer/Tools/gcc-arm-none-eabi-4_9-2015q1/bin/../lib/gcc/arm-none-eabi/4.9.3/../../../../arm-none-eabi/lib/armv7-m/libc_nano.a(lib_a-ctype_.o)
                0x00000000000087ec                _ctype_
 .rodata.str1.1
                0x00000000000088ed        0xd /Developer/Tools/gcc-arm-none-eabi-4_9-2015q1/bin/../lib/gcc/arm-none-eabi/4.9.3/../../../../arm-none-eabi/lib/armv7-m/libc_nano.a(lib_a-dtoa.o)
                                          0xf (size before relaxing)
 .rodata.str1.1
                0x00000000000088fa        0x8 /Developer/Tools/gcc-arm-none-eabi-4_9-2015q1/bin/../lib/gcc/arm-none-eabi/4.9.3/../../../../arm-none-eabi/lib/armv7-m/libc_nano.a(lib_a-locale.o)
                                          0xb (size before relaxing)
 *fill*         0x0000000000008902        0x6 
 .rodata.__mprec_tens
                0x0000000000008908       0xc8 /Developer/Tools/gcc-arm-none-eabi-4_9-2015q1/bin/../lib/gcc/arm-none-eabi/4.9.3/../../../../arm-none-eabi/lib/armv7-m/libc_nano.a(lib_a-mprec.o)
                0x0000000000008908                __mprec_tens
 .rodata.__mprec_bigtens
                0x00000000000089d0       0x28 /Developer/Tools/gcc-arm-none-eabi-4_9-2015q1/bin/../lib/gcc/arm-none-eabi/4.9.3/../../../../arm-none-eabi/lib/armv7-m/libc_nano.a(lib_a-mprec.o)
                0x00000000000089d0                __mprec_bigtens
 .rodata.p05.5308
                0x00000000000089f8        0xc /Developer/Tools/gcc-arm-none-eabi-4_9-2015q1/bin/../lib/gcc/arm-none-eabi/4.9.3/../../../../arm-none-eabi/lib/armv7-m/libc_nano.a(lib_a-mprec.o)
 .rodata.str1.1
                0x0000000000000000       0x11 /Developer/Tools/gcc-arm-none-eabi-4_9-2015q1/bin/../lib/gcc/arm-none-eabi/4.9.3/../../../../arm-none-eabi/lib/armv7-m/libc_nano.a(lib_a-nano-svfprintf.o)
 .rodata.str1.1
                0x0000000000000000        0x4 /Developer/Tools/gcc-arm-none-eabi-4_9-2015q1/bin/../lib/gcc/arm-none-eabi/4.9.3/../../../../arm-none-eabi/lib/armv7-m/libc_nano.a(lib_a-nano-svfscanf.o)
 *(.eh_frame*)
 .eh_frame      0x0000000000008a04        0x0 /Developer/Tools/gcc-arm-none-eabi-4_9-2015q1/bin/../lib/gcc/arm-none-eabi/4.9.3/armv7-m/crtbegin.o
 .eh_frame      0x0000000000008a04       0x28 /Developer/Tools/gcc-arm-none-eabi-4_9-2015q1/bin/../lib/gcc/arm-none-eabi/4.9.3/../../../../arm-none-eabi/lib/armv7-m/libc_nano.a(lib_a-strcmp.o)
 .eh_frame      0x0000000000008a2c        0x4 /Developer/Tools/gcc-arm-none-eabi-4_9-2015q1/bin/../lib/gcc/arm-none-eabi/4.9.3/armv7-m/crtend.o

.glue_7         0x0000000000008a30        0x0
 .glue_7        0x0000000000000000        0x0 linker stubs

.glue_7t        0x0000000000008a30        0x0
 .glue_7t       0x0000000000000000        0x0 linker stubs

.vfp11_veneer   0x0000000000008a30        0x0
 .vfp11_veneer  0x0000000000000000        0x0 linker stubs

.v4_bx          0x0000000000008a30        0x0
 .v4_bx         0x0000000000000000        0x0 linker stubs

.iplt           0x0000000000008a30        0x0
 .iplt          0x0000000000000000        0x0 /Developer/Tools/gcc-arm-none-eabi-4_9-2015q1/bin/../lib/gcc/arm-none-eabi/4.9.3/armv7-m/crtbegin.o

.ARM.extab
 *(.ARM.extab* .gnu.linkonce.armextab.*)
                0x0000000000008a30                __exidx_start = .

.ARM.exidx      0x0000000000008a30        0x8
 *(.ARM.exidx* .gnu.linkonce.armexidx.*)
 .ARM.exidx     0x0000000000008a30        0x8 /Developer/Tools/gcc-arm-none-eabi-4_9-2015q1/bin/../lib/gcc/arm-none-eabi/4.9.3/../../../../arm-none-eabi/lib/armv7-m/crt0.o
                0x0000000000008a38                __exidx_end = .
                0x0000000000008a38                __etext = .

.rel.dyn        0x0000000000008a38        0x0
 .rel.iplt      0x0000000000000000        0x0 /Developer/Tools/gcc-arm-none-eabi-4_9-2015q1/bin/../lib/gcc/arm-none-eabi/4.9.3/armv7-m/crtbegin.o

.data           0x00000000100000c8       0xb8 load address 0x0000000000008a38
                0x00000000100000c8                __data_start__ = .
                0x00000000100000c8                Image$$RW_IRAM1$$Base = .
 *(vtable)
 *(.data*)
 .data          0x00000000100000c8        0x4 /Developer/Tools/gcc-arm-none-eabi-4_9-2015q1/bin/../lib/gcc/arm-none-eabi/4.9.3/armv7-m/crtbegin.o
                0x00000000100000c8                __dso_handle
 .data.SystemCoreClock
                0x00000000100000cc        0x4 mbed/TARGET_LPC1768/TOOLCHAIN_GCC_ARM/system_LPC17xx.o
                0x00000000100000cc                SystemCoreClock
 .data._ZZ5_sbrkE4heap
                0x00000000100000d0        0x4 mbed/TARGET_LPC1768/TOOLCHAIN_GCC_ARM/retarget.o
 .data.impure_data
                0x00000000100000d4       0x60 /Developer/Tools/gcc-arm-none-eabi-4_9-2015q1/bin/../lib/gcc/arm-none-eabi/4.9.3/../../../../arm-none-eabi/lib/armv7-m/libc_nano.a(lib_a-impure.o)
 .data._impure_ptr
                0x0000000010000134        0x4 /Developer/Tools/gcc-arm-none-eabi-4_9-2015q1/bin/../lib/gcc/arm-none-eabi/4.9.3/../../../../arm-none-eabi/lib/armv7-m/libc_nano.a(lib_a-impure.o)
                0x0000000010000134                _impure_ptr
 .data.__ctype_ptr__
                0x0000000010000138        0x4 /Developer/Tools/gcc-arm-none-eabi-4_9-2015q1/bin/../lib/gcc/arm-none-eabi/4.9.3/../../../../arm-none-eabi/lib/armv7-m/libc_nano.a(lib_a-ctype_.o)
                0x0000000010000138                __ctype_ptr__
 .data.lconv    0x000000001000013c       0x38 /Developer/Tools/gcc-arm-none-eabi-4_9-2015q1/bin/../lib/gcc/arm-none-eabi/4.9.3/../../../../arm-none-eabi/lib/armv7-m/libc_nano.a(lib_a-locale.o)
                0x0000000010000174                . = ALIGN (0x4)
                0x0000000010000174                PROVIDE (__preinit_array_start, .)
 *(.preinit_array)
                0x0000000010000174                PROVIDE (__preinit_array_end, .)
                0x0000000010000174                . = ALIGN (0x4)
                0x0000000010000174                PROVIDE (__init_array_start, .)
 *(SORT(.init_array.*))
 *(.init_array)
 .init_array    0x0000000010000174        0x4 /Developer/Tools/gcc-arm-none-eabi-4_9-2015q1/bin/../lib/gcc/arm-none-eabi/4.9.3/armv7-m/crtbegin.o
 .init_array    0x0000000010000178        0x4 main.o
                0x000000001000017c                PROVIDE (__init_array_end, .)
                0x000000001000017c                . = ALIGN (0x4)
                0x000000001000017c                PROVIDE (__fini_array_start, .)
 *(SORT(.fini_array.*))
 *(.fini_array)
 .fini_array    0x000000001000017c        0x4 /Developer/Tools/gcc-arm-none-eabi-4_9-2015q1/bin/../lib/gcc/arm-none-eabi/4.9.3/armv7-m/crtbegin.o
                0x0000000010000180                PROVIDE (__fini_array_end, .)
                0x0000000010000180                . = ALIGN (0x4)
                0x0000000010000180                __data_end__ = .

.jcr            0x0000000010000180        0x0 load address 0x0000000000008af0
 .jcr           0x0000000010000180        0x0 /Developer/Tools/gcc-arm-none-eabi-4_9-2015q1/bin/../lib/gcc/arm-none-eabi/4.9.3/armv7-m/crtbegin.o

.igot.plt       0x0000000010000180        0x0 load address 0x0000000000008af0
 .igot.plt      0x0000000000000000        0x0 /Developer/Tools/gcc-arm-none-eabi-4_9-2015q1/bin/../lib/gcc/arm-none-eabi/4.9.3/armv7-m/crtbegin.o

.bss            0x0000000010000180      0x320 load address 0x0000000000008af0
                0x0000000010000180                __bss_start__ = .
 *(.bss*)
 .bss           0x0000000010000180       0x1c /Developer/Tools/gcc-arm-none-eabi-4_9-2015q1/bin/../lib/gcc/arm-none-eabi/4.9.3/armv7-m/crtbegin.o
 .bss.pc        0x000000001000019c       0x60 main.o
                0x000000001000019c                pc
 .bss.p_first_resource
                0x00000000100001fc        0x4 grove_rpc_server/rpc_server.o
                0x00000000100001fc                p_first_resource
 .bss.arg_buff  0x0000000010000200       0x10 grove_rpc_server/rpc_server.o
                0x0000000010000200                arg_buff
 .bss.grove_name
                0x0000000010000210       0x21 grove_rpc_server/rpc_server.o
                0x0000000010000210                grove_name
 .bss.ch        0x0000000010000231        0x1 grove_rpc_server/rpc_server.o
                0x0000000010000231                ch
 *fill*         0x0000000010000232        0x2 
 .bss.arg_offset
                0x0000000010000234        0x4 grove_rpc_server/rpc_server.o
                0x0000000010000234                arg_offset
 .bss.arg_index
                0x0000000010000238        0x4 grove_rpc_server/rpc_server.o
                0x0000000010000238                arg_index
 .bss.p_resource
                0x000000001000023c        0x4 grove_rpc_server/rpc_server.o
                0x000000001000023c                p_resource
 .bss.offset    0x0000000010000240        0x4 grove_rpc_server/rpc_server.o
                0x0000000010000240                offset
 .bss.buff      0x0000000010000244       0x21 grove_rpc_server/rpc_server.o
                0x0000000010000244                buff
 .bss.method_name
                0x0000000010000265       0x21 grove_rpc_server/rpc_server.o
                0x0000000010000265                method_name
 *fill*         0x0000000010000286        0x2 
 .bss.p_cur_resource
                0x0000000010000288        0x4 grove_rpc_server/rpc_server.o
                0x0000000010000288                p_cur_resource
 .bss.parse_stage
                0x000000001000028c        0x4 grove_rpc_server/rpc_server.o
                0x000000001000028c                parse_stage
 .bss.i2c       0x0000000010000290        0x4 grove_drivers/Grove_Example/GroveExample.o
                0x0000000010000290                i2c
 .bss._ZL11filehandles
                0x0000000010000294      0x100 mbed/TARGET_LPC1768/TOOLCHAIN_GCC_ARM/retarget.o
 .bss.stdio_uart_inited
                0x0000000010000394        0x4 ./mbed/TARGET_LPC1768/TOOLCHAIN_GCC_ARM/libmbed.a(serial_api.o)
                0x0000000010000394                stdio_uart_inited
 .bss.irq_handler
                0x0000000010000398        0x4 ./mbed/TARGET_LPC1768/TOOLCHAIN_GCC_ARM/libmbed.a(serial_api.o)
 .bss.uart_data
                0x000000001000039c       0xe0 ./mbed/TARGET_LPC1768/TOOLCHAIN_GCC_ARM/libmbed.a(serial_api.o)
 .bss.us_ticker_inited
                0x000000001000047c        0x4 ./mbed/TARGET_LPC1768/TOOLCHAIN_GCC_ARM/libmbed.a(us_ticker.o)
                0x000000001000047c                us_ticker_inited
 .bss.head      0x0000000010000480        0x4 ./mbed/TARGET_LPC1768/TOOLCHAIN_GCC_ARM/libmbed.a(us_ticker_api.o)
 .bss.event_handler
                0x0000000010000484        0x4 ./mbed/TARGET_LPC1768/TOOLCHAIN_GCC_ARM/libmbed.a(us_ticker_api.o)
 .bss._ZN4mbed8FileBase5_headE
                0x0000000010000488        0x4 ./mbed/TARGET_LPC1768/TOOLCHAIN_GCC_ARM/libmbed.a(FileBase.o)
                0x0000000010000488                mbed::FileBase::_head
 .bss.__malloc_sbrk_start
                0x000000001000048c        0x4 /Developer/Tools/gcc-arm-none-eabi-4_9-2015q1/bin/../lib/gcc/arm-none-eabi/4.9.3/../../../../arm-none-eabi/lib/armv7-m/libc_nano.a(lib_a-nano-mallocr.o)
                0x000000001000048c                __malloc_sbrk_start
 .bss.__malloc_free_list
                0x0000000010000490        0x4 /Developer/Tools/gcc-arm-none-eabi-4_9-2015q1/bin/../lib/gcc/arm-none-eabi/4.9.3/../../../../arm-none-eabi/lib/armv7-m/libc_nano.a(lib_a-nano-mallocr.o)
                0x0000000010000490                __malloc_free_list
 *(COMMON)