ARM Linker, 5.03 [Build 76] [MDK-ARM Professional]

==============================================================================

Section Cross References

    grove_example.o(.text) refers to i2c_api.o(i.i2c_init) for i2c_init
    grove_example.o(.text) refers to i2c_api.o(i.i2c_frequency) for i2c_frequency
    grove_example.o(.text) refers to i2c_api.o(i.i2c_write) for i2c_write
    grove_example.o(.text) refers to grove_example.o(.data) for event1
    grove_example.o(.ARM.exidx) refers to grove_example.o(.text) for .text
    grove_example_class.o(.text) refers to h1_alloc.o(.text) for malloc
    grove_example_class.o(.text) refers to grove_example.o(.text) for grove_example_init(i2c_s*, int, int)
    grove_example_class.o(.ARM.exidx) refers to grove_example_class.o(.text) for .text
    rpc_server.o(.text) refers to rpc_stream.o(.text) for stream_init()
    rpc_server.o(.text) refers to rpc_server_registration.o(.text) for rpc_server_register_resources()
    rpc_server.o(.text) refers to __2printf.o(.text) for __2printf
    rpc_server.o(.text) refers to h1_alloc.o(.text) for malloc
    rpc_server.o(.text) refers to strncmp.o(.text) for strncmp
    rpc_server.o(.text) refers to atoi.o(.text) for atoi
    rpc_server.o(.text) refers to atol.o(.text) for atol
    rpc_server.o(.text) refers to atof.o(i.atof) for atof
    rpc_server.o(.text) refers to d2f.o(x$fpl$d2f) for __aeabi_d2f
    rpc_server.o(.text) refers to h1_free.o(.text) for free
    rpc_server.o(.text) refers to memcmp.o(.text) for memcmp
    rpc_server.o(.text) refers to strcmpv7m.o(.text) for strcmp
    rpc_server.o(.text) refers to rt_memcpy_v6.o(.text) for __aeabi_memcpy
    rpc_server.o(.text) refers to rpc_server.o(.data) for p_cur_resource
    rpc_server.o(.text) refers to rpc_server.o(.bss) for event
    rpc_server.o(.text) refers to strlen.o(.text) for strlen
    rpc_server.o(.ARM.exidx) refers to rpc_server.o(.text) for .text
    rpc_stream.o(.text) refers to _printf_truncate.o(.text) for _printf_truncate_unsigned
    rpc_stream.o(.text) refers to _printf_percent.o(.ARM.Collect$$_printf_percent$$00000000) for _printf_percent
    rpc_stream.o(.text) refers to _printf_u.o(.ARM.Collect$$_printf_percent$$0000000A) for _printf_u
    rpc_stream.o(.text) refers to _printf_dec.o(.text) for _printf_int_dec
    rpc_stream.o(.text) refers to _printf_d.o(.ARM.Collect$$_printf_percent$$00000009) for _printf_d
    rpc_stream.o(.text) refers to _printf_f.o(.ARM.Collect$$_printf_percent$$00000003) for _printf_f
    rpc_stream.o(.text) refers to printf1.o(x$fpl$printf1) for _printf_fp_dec
    rpc_stream.o(.text) refers to getc.o(.text) for getc
    rpc_stream.o(.text) refers to putc.o(.text) for putc
    rpc_stream.o(.text) refers to __2sprintf.o(.text) for __2sprintf
    rpc_stream.o(.text) refers to f2d.o(x$fpl$f2d) for __aeabi_f2d
    rpc_stream.o(.text) refers to strlen.o(.text) for strlen
    rpc_stream.o(.text) refers to stdio_streams.o(.bss) for __stdin
    rpc_stream.o(.text) refers to stdio_streams.o(.bss) for __stdout
    rpc_stream.o(.ARM.exidx) refers to rpc_stream.o(.text) for .text
    main.o(.text) refers to __2printf.o(.text) for __2printf
    main.o(.text) refers to rpc_server.o(.text) for rpc_server_init()
    main.o(.text) refers to user_main.o(.text) for setup()
    main.o(.ARM.exidx) refers to main.o(.text) for .text
    user_main.o(.ARM.exidx) refers to user_main.o(.text) for .text
    suli2.o(.text) refers to _printf_percent.o(.ARM.Collect$$_printf_percent$$00000000) for _printf_percent
    suli2.o(.text) refers to _printf_d.o(.ARM.Collect$$_printf_percent$$00000009) for _printf_d
    suli2.o(.text) refers to _printf_dec.o(.text) for _printf_int_dec
    suli2.o(.text) refers to _printf_pad.o(.text) for _printf_pre_padding
    suli2.o(.text) refers to _printf_f.o(.ARM.Collect$$_printf_percent$$00000003) for _printf_f
    suli2.o(.text) refers to _printf_e.o(.ARM.Collect$$_printf_percent$$00000004) for _printf_e
    suli2.o(.text) refers to _printf_g.o(.ARM.Collect$$_printf_percent$$00000005) for _printf_g
    suli2.o(.text) refers to _printf_a.o(.ARM.Collect$$_printf_percent$$00000006) for _printf_a
    suli2.o(.text) refers to printf2.o(x$fpl$printf2) for _printf_fp_hex
    suli2.o(.text) refers to printf1.o(x$fpl$printf1) for _printf_fp_dec
    suli2.o(.text) refers to assert.o(i.mbed_assert_internal) for mbed_assert_internal
    suli2.o(.text) refers to us_ticker.o(i.us_ticker_read) for us_ticker_read
    suli2.o(.text) refers to serial_api.o(i.serial_putc) for serial_putc
    suli2.o(.text) refers to __2snprintf.o(.text) for __2snprintf
    suli2.o(.text) refers to f2d.o(x$fpl$f2d) for __aeabi_f2d
    suli2.o(.text) refers to serial_api.o(i.serial_getc) for serial_getc
    suli2.o(.ARM.exidx) refers to suli2.o(.text) for .text
    grove_example_gen.o(.text) refers to grove_example_class.o(.text) for GroveExample::read_temp(int*)
[...]
    _printf_lld                              0x0000018b   Thumb Code     0  _printf_lld.o(.ARM.Collect$$_printf_percent$$0000000E)
    _printf_llu                              0x00000191   Thumb Code     0  _printf_llu.o(.ARM.Collect$$_printf_percent$$0000000F)
    _printf_llo                              0x00000197   Thumb Code     0  _printf_llo.o(.ARM.Collect$$_printf_percent$$00000010)
    _printf_llx                              0x0000019d   Thumb Code     0  _printf_llx.o(.ARM.Collect$$_printf_percent$$00000011)
    _printf_l                                0x000001a3   Thumb Code     0  _printf_l.o(.ARM.Collect$$_printf_percent$$00000012)
    _printf_c                                0x000001ad   Thumb Code     0  _printf_c.o(.ARM.Collect$$_printf_percent$$00000013)
    _printf_s                                0x000001b3   Thumb Code     0  _printf_s.o(.ARM.Collect$$_printf_percent$$00000014)
    _printf_lc                               0x000001b9   Thumb Code     0  _printf_lc.o(.ARM.Collect$$_printf_percent$$00000015)
    _printf_ls                               0x000001bf   Thumb Code     0  _printf_ls.o(.ARM.Collect$$_printf_percent$$00000016)
    _printf_percent_end                      0x000001c5   Thumb Code     0  _printf_percent_end.o(.ARM.Collect$$_printf_percent$$00000017)
    __rt_lib_init                            0x000001c9   Thumb Code     0  libinit.o(.ARM.Collect$$libinit$$00000000)
    __rt_lib_init_fp_1                       0x000001cb   Thumb Code     0  libinit2.o(.ARM.Collect$$libinit$$00000002)
    __rt_lib_init_heap_2                     0x000001cb   Thumb Code     0  libinit2.o(.ARM.Collect$$libinit$$00000003)
    __rt_lib_init_heap_1                     0x000001d3   Thumb Code     0  libinit2.o(.ARM.Collect$$libinit$$00000008)
    __rt_lib_init_lc_common                  0x000001d3   Thumb Code     0  libinit2.o(.ARM.Collect$$libinit$$0000000D)
    __rt_lib_init_rand_1                     0x000001d3   Thumb Code     0  libinit2.o(.ARM.Collect$$libinit$$0000000C)
    __rt_lib_init_user_alloc_1               0x000001d3   Thumb Code     0  libinit2.o(.ARM.Collect$$libinit$$0000000A)
    __rt_lib_init_lc_collate_1               0x000001d9   Thumb Code     0  libinit2.o(.ARM.Collect$$libinit$$0000000F)
    __rt_lib_init_lc_ctype_2                 0x000001d9   Thumb Code     0  libinit2.o(.ARM.Collect$$libinit$$00000010)
    __rt_lib_init_lc_ctype_1                 0x000001e5   Thumb Code     0  libinit2.o(.ARM.Collect$$libinit$$00000011)
    __rt_lib_init_lc_monetary_1              0x000001e5   Thumb Code     0  libinit2.o(.ARM.Collect$$libinit$$00000013)
    __rt_lib_init_lc_numeric_2               0x000001e5   Thumb Code     0  libinit2.o(.ARM.Collect$$libinit$$00000014)
    __rt_lib_init_atexit_1                   0x000001ef   Thumb Code     0  libinit2.o(.ARM.Collect$$libinit$$00000019)
    __rt_lib_init_clock_1                    0x000001ef   Thumb Code     0  libinit2.o(.ARM.Collect$$libinit$$0000001F)
    __rt_lib_init_fp_trap_1                  0x000001ef   Thumb Code     0  libinit2.o(.ARM.Collect$$libinit$$0000001D)
    __rt_lib_init_getenv_1                   0x000001ef   Thumb Code     0  libinit2.o(.ARM.Collect$$libinit$$00000021)
    __rt_lib_init_lc_numeric_1               0x000001ef   Thumb Code     0  libinit2.o(.ARM.Collect$$libinit$$00000015)
    __rt_lib_init_lc_time_1                  0x000001ef   Thumb Code     0  libinit2.o(.ARM.Collect$$libinit$$00000017)
    __rt_lib_init_signal_1                   0x000001ef   Thumb Code     0  libinit2.o(.ARM.Collect$$libinit$$0000001B)
    __rt_lib_init_stdio_2                    0x000001ef   Thumb Code     0  libinit2.o(.ARM.Collect$$libinit$$00000022)
    __rt_lib_init_alloca_1                   0x000001f3   Thumb Code     0  libinit2.o(.ARM.Collect$$libinit$$0000002C)
    __rt_lib_init_argv_1                     0x000001f3   Thumb Code     0  libinit2.o(.ARM.Collect$$libinit$$0000002A)
    __rt_lib_init_cpp_1                      0x000001f3   Thumb Code     0  libinit2.o(.ARM.Collect$$libinit$$00000030)
    __rt_lib_init_exceptions_1               0x000001f3   Thumb Code     0  libinit2.o(.ARM.Collect$$libinit$$0000002E)
    __rt_lib_init_return                     0x000001f3   Thumb Code     0  libinit2.o(.ARM.Collect$$libinit$$00000031)
    __rt_lib_init_stdio_1                    0x000001f3   Thumb Code     0  libinit2.o(.ARM.Collect$$libinit$$00000023)
    __rt_entry                               0x000001f5   Thumb Code     0  rtentry.o(.ARM.Collect$$rtentry$$00000000)
    __rt_entry_presh_1                       0x000001f5   Thumb Code     0  rtentry2.o(.ARM.Collect$$rtentry$$00000002)
    __rt_entry_sh                            0x000001f5   Thumb Code     0  rtentry4.o(.ARM.Collect$$rtentry$$00000004)
    __rt_lib_shutdown_stdio_2                0x000001f5   Thumb Code     0  libshutdown2.o(.ARM.Collect$$libshutdown$$00000003)
    __rt_entry_li                            0x000001fb   Thumb Code     0  rtentry2.o(.ARM.Collect$$rtentry$$0000000A)
    __rt_entry_postsh_1                      0x000001fb   Thumb Code     0  rtentry2.o(.ARM.Collect$$rtentry$$00000009)
    __rt_entry_main                          0x000001ff   Thumb Code     0  rtentry2.o(.ARM.Collect$$rtentry$$0000000D)
    __rt_entry_postli_1                      0x000001ff   Thumb Code     0  rtentry2.o(.ARM.Collect$$rtentry$$0000000C)
    grove_example_init(i2c_s*, int, int)     0x00000209   Thumb Code    32  grove_example.o(.text)
    _maybe_terminate_alloc                   0x00000209   Thumb Code     0  maybetermalloc1.o(.emb_text)
    grove_example_read_temp(i2c_s*, int*)    0x00000229   Thumb Code    10  grove_example.o(.text)
    grove_example_read_uint8_value(i2c_s*, unsigned char*) 0x00000233   Thumb Code    10  grove_example.o(.text)
    grove_example_read_humidity(i2c_s*, float*) 0x0000023d   Thumb Code    10  grove_example.o(.text)
    grove_example_read_acc(i2c_s*, float*, float*, float*) 0x00000247   Thumb Code    20  grove_example.o(.text)
    grove_example_read_compass(i2c_s*, float*, float*, float*, int*) 0x0000025b   Thumb Code    26  grove_example.o(.text)
    grove_example_write_acc_mode(i2c_s*, unsigned char) 0x00000275   Thumb Code    32  grove_example.o(.text)
    grove_example_write_float_value(i2c_s*, float) 0x00000295   Thumb Code     6  grove_example.o(.text)
    _grove_example_internal_function(i2c_s*, float) 0x0000029b   Thumb Code    28  grove_example.o(.text)
    grove_example_write_multi_value(i2c_s*, int, float, signed char) 0x000002b7   Thumb Code    26  grove_example.o(.text)
    grove_example_attach_event_handler(void(*)(char*, unsigned)) 0x000002d1   Thumb Code    12  grove_example.o(.text)
    GroveExample::GroveExample(int, int)     0x00000301   Thumb Code    30  grove_example_class.o(.text)
    GroveExample::GroveExample__sub_object(int, int) 0x00000301   Thumb Code     0  grove_example_class.o(.text)
    GroveExample::read_temp(int*)            0x0000031f   Thumb Code    16  grove_example_class.o(.text)
    GroveExample::read_uint8_value(unsigned char*) 0x0000032f   Thumb Code    16  grove_example_class.o(.text)
    GroveExample::read_humidity(float*)      0x0000033f   Thumb Code    16  grove_example_class.o(.text)
    GroveExample::read_acc(float*, float*, float*) 0x0000034f   Thumb Code    28  grove_example_class.o(.text)
    GroveExample::read_compass(float*, float*, float*, int*) 0x0000036b   Thumb Code    36  grove_example_class.o(.text)
    GroveExample::write_acc_mode(unsigned char) 0x0000038f   Thumb Code    16  grove_example_class.o(.text)
    GroveExample::write_float_value(float)   0x0000039f   Thumb Code    16  grove_example_class.o(.text)
    GroveExample::write_multi_value(int, float, signed char) 0x000003af   Thumb Code    28  grove_example_class.o(.text)
    GroveExample::attach_event_handler(void(*)(char*, unsigned)) 0x000003cb   Thumb Code    14  grove_example_class.o(.text)
    rpc_server_init()                        0x000003d9   Thumb Code    40  rpc_server.o(.text)
    rpc_server_register_method(char*, char*, method_dir_t, void(*)(void*, void*), void*, unsigned char*) 0x00000401   Thumb Code   112  rpc_server.o(.text)
    __find_resource(char*, char*, int)       0x00000471   Thumb Code    62  rpc_server.o(.text)
    __convert_arg(unsigned char*, char**, int) 0x000004af   Thumb Code   266  rpc_server.o(.text)
    rpc_server_event_queue_pop(event_s*)     0x000005b9   Thumb Code    50  rpc_server.o(.text)
    rpc_server_loop()                        0x000005eb   Thumb Code  1604  rpc_server.o(.text)
    rpc_server_event_report(char*, unsigned) 0x00000c2f   Thumb Code    46  rpc_server.o(.text)
    stream_init()                            0x00000cbd   Thumb Code     2  rpc_stream.o(.text)
    stream_read()                            0x00000cbf   Thumb Code    24  rpc_stream.o(.text)
    stream_write(char)                       0x00000cd7   Thumb Code    24  rpc_stream.o(.text)
    stream_write_string(char*, int)          0x00000cef   Thumb Code    28  rpc_stream.o(.text)
    writer_print(type_t, const void*, bool)  0x00000d0b   Thumb Code   194  rpc_stream.o(.text)
    response_msg_open(char*)                 0x00000dcd   Thumb Code    62  rpc_stream.o(.text)
    response_msg_close()                     0x00000e0b   Thumb Code    22  rpc_stream.o(.text)
    $Super$$main                             0x00000e71   Thumb Code    26  main.o(.text)
    setup()                                  0x00000e9d   Thumb Code     2  user_main.o(.text)
    loop()                                   0x00000e9f   Thumb Code     2  user_main.o(.text)
    __grove_example_read_temp(void*, void*)  0x00000ea1   Thumb Code    42  grove_example_gen.o(.text)
    __grove_example_read_humidity(void*, void*) 0x00000ecb   Thumb Code    42  grove_example_gen.o(.text)
    __grove_example_read_acc(void*, void*)   0x00000ef5   Thumb Code    66  grove_example_gen.o(.text)
    __grove_example_read_uint8_value(void*, void*) 0x00000f37   Thumb Code    42  grove_example_gen.o(.text)
    __grove_example_read_compass(void*, void*) 0x00000f61   Thumb Code    84  grove_example_gen.o(.text)
    __grove_example_write_multi_value(void*, void*) 0x00000fb5   Thumb Code    70  grove_example_gen.o(.text)
    __grove_example_write_acc_mode(void*, void*) 0x00000ffb   Thumb Code    54  grove_example_gen.o(.text)
    __grove_example_write_float_value(void*, void*) 0x00001031   Thumb Code    54  grove_example_gen.o(.text)
    rpc_server_register_resources()          0x00001075   Thumb Code   222  rpc_server_registration.o(.text)
    Reset_Handler                            0x000011dd   Thumb Code     8  startup_LPC17xx.o(.text)
    NMI_Handler                              0x000011e5   Thumb Code     2  startup_LPC17xx.o(.text)
    HardFault_Handler                        0x000011e7   Thumb Code     2  startup_LPC17xx.o(.text)
    MemManage_Handler                        0x000011e9   Thumb Code     2  startup_LPC17xx.o(.text)
    BusFault_Handler                         0x000011eb   Thumb Code     2  startup_LPC17xx.o(.text)
    UsageFault_Handler                       0x000011ed   Thumb Code     2  startup_LPC17xx.o(.text)
    SVC_Handler                              0x000011ef   Thumb Code     2  startup_LPC17xx.o(.text)
    DebugMon_Handler                         0x000011f1   Thumb Code     2  startup_LPC17xx.o(.text)
    PendSV_Handler                           0x000011f3   Thumb Code     2  startup_LPC17xx.o(.text)
    SysTick_Handler                          0x000011f5   Thumb Code     2  startup_LPC17xx.o(.text)
    ADC_IRQHandler                           0x000011f7   Thumb Code     0  startup_LPC17xx.o(.text)
    BOD_IRQHandler                           0x000011f7   Thumb Code     0  startup_LPC17xx.o(.text)
    CAN_IRQHandler                           0x000011f7   Thumb Code     0  startup_LPC17xx.o(.text)
    DMA_IRQHandler                           0x000011f7   Thumb Code     0  startup_LPC17xx.o(.text)
    EINT0_IRQHandler                         0x000011f7   Thumb Code     0  startup_LPC17xx.o(.text)
    EINT1_IRQHandler                         0x000011f7   Thumb Code     0  startup_LPC17xx.o(.text)
    EINT2_IRQHandler                         0x000011f7   Thumb Code     0  startup_LPC17xx.o(.text)
    EINT3_IRQHandler                         0x000011f7   Thumb Code     0  startup_LPC17xx.o(.text)
    ENET_IRQHandler                          0x000011f7   Thumb Code     0  startup_LPC17xx.o(.text)
    I2C0_IRQHandler                          0x000011f7   Thumb Code     0  startup_LPC17xx.o(.text)
    I2C1_IRQHandler                          0x000011f7   Thumb Code     0  startup_LPC17xx.o(.text)
    I2C2_IRQHandler                          0x000011f7   Thumb Code     0  startup_LPC17xx.o(.text)
    I2S_IRQHandler                           0x000011f7   Thumb Code     0  startup_LPC17xx.o(.text)
    MCPWM_IRQHandler                         0x000011f7   Thumb Code     0  startup_LPC17xx.o(.text)
    PLL0_IRQHandler                          0x000011f7   Thumb Code     0  startup_LPC17xx.o(.text)
    PLL1_IRQHandler                          0x000011f7   Thumb Code     0  startup_LPC17xx.o(.text)
    PWM1_IRQHandler                          0x000011f7   Thumb Code     0  startup_LPC17xx.o(.text)
    QEI_IRQHandler                           0x000011f7   Thumb Code     0  startup_LPC17xx.o(.text)
    RIT_IRQHandler                           0x000011f7   Thumb Code     0  startup_LPC17xx.o(.text)
    RTC_IRQHandler                           0x000011f7   Thumb Code     0  startup_LPC17xx.o(.text)
    SPI_IRQHandler                           0x000011f7   Thumb Code     0  startup_LPC17xx.o(.text)
    SSP0_IRQHandler                          0x000011f7   Thumb Code     0  startup_LPC17xx.o(.text)
    SSP1_IRQHandler                          0x000011f7   Thumb Code     0  startup_LPC17xx.o(.text)
    TIMER0_IRQHandler                        0x000011f7   Thumb Code     0  startup_LPC17xx.o(.text)
    TIMER1_IRQHandler                        0x000011f7   Thumb Code     0  startup_LPC17xx.o(.text)
    TIMER2_IRQHandler                        0x000011f7   Thumb Code     0  startup_LPC17xx.o(.text)
    TIMER3_IRQHandler                        0x000011f7   Thumb Code     0  startup_LPC17xx.o(.text)
    UART0_IRQHandler                         0x000011f7   Thumb Code     0  startup_LPC17xx.o(.text)
    UART1_IRQHandler                         0x000011f7   Thumb Code     0  startup_LPC17xx.o(.text)
    UART2_IRQHandler                         0x000011f7   Thumb Code     0  startup_LPC17xx.o(.text)
    UART3_IRQHandler                         0x000011f7   Thumb Code     0  startup_LPC17xx.o(.text)
    USB_IRQHandler                           0x000011f7   Thumb Code     0  startup_LPC17xx.o(.text)
    WDT_IRQHandler                           0x000011f7   Thumb Code     0  startup_LPC17xx.o(.text)
    malloc                                   0x00001201   Thumb Code    94  h1_alloc.o(.text)
    free                                     0x0000125f   Thumb Code    78  h1_free.o(.text)
    vfprintf                                 0x000012ad   Thumb Code    10  vfprintf.o(.text)
    __2printf                                0x000012b9   Thumb Code    20  __2printf.o(.text)
    __2fprintf                               0x000012d1   Thumb Code    20  __2fprintf.o(.text)
    __2sprintf                               0x000012e5   Thumb Code    38  __2sprintf.o(.text)
    _printf_pre_padding                      0x00001311   Thumb Code    46  _printf_pad.o(.text)
    _printf_post_padding                     0x0000133f   Thumb Code    36  _printf_pad.o(.text)
    _printf_truncate_signed                  0x00001363   Thumb Code    18  _printf_truncate.o(.text)
    _printf_truncate_unsigned                0x00001375   Thumb Code    18  _printf_truncate.o(.text)
    _printf_str                              0x00001387   Thumb Code    82  _printf_str.o(.text)
    _printf_int_dec                          0x000013d9   Thumb Code   102  _printf_dec.o(.text)
    __printf                                 0x00001451   Thumb Code   390  __printf_flags_ss_wp.o(.text)
    __0sscanf                                0x000015dd   Thumb Code    52  __0sscanf.o(.text)
    _scanf_int                               0x00001619   Thumb Code   336  _scanf_int.o(.text)
    atoi                                     0x00001769   Thumb Code    26  atoi.o(.text)
    atol                                     0x00001783   Thumb Code    26  atol.o(.text)
    _do_fflush                               0x0000179d   Thumb Code    54  fflush.o(.text)
    fflush                                   0x000017d3   Thumb Code    42  fflush.o(.text)
    getc                                     0x00001801   Thumb Code     4  getc.o(.text)
    putc                                     0x00001805   Thumb Code     4  putc.o(.text)
    memcmp                                   0x00001809   Thumb Code    88  memcmp.o(.text)
    strlen                                   0x00001861   Thumb Code    62  strlen.o(.text)
    strncmp                                  0x0000189f   Thumb Code   150  strncmp.o(.text)
    __aeabi_memcpy                           0x00001935   Thumb Code     0  rt_memcpy_v6.o(.text)
    __rt_memcpy                              0x00001935   Thumb Code   138  rt_memcpy_v6.o(.text)
    _memcpy_lastbytes                        0x0000199b   Thumb Code     0  rt_memcpy_v6.o(.text)
    __aeabi_memmove4                         0x000019bf   Thumb Code     0  rt_memmove_w.o(.text)
    __aeabi_memmove8                         0x000019bf   Thumb Code     0  rt_memmove_w.o(.text)
    __rt_memmove_w                           0x000019bf   Thumb Code   122  rt_memmove_w.o(.text)
    __memmove_aligned                        0x000019e5   Thumb Code     0  rt_memmove_w.o(.text)
    __memmove_lastfew_aligned                0x00001a1d   Thumb Code     0  rt_memmove_w.o(.text)
    __aeabi_memclr4                          0x00001a39   Thumb Code     0  rt_memclr_w.o(.text)
    __aeabi_memclr8                          0x00001a39   Thumb Code     0  rt_memclr_w.o(.text)
    __rt_memclr_w                            0x00001a39   Thumb Code    78  rt_memclr_w.o(.text)
    _memset_w                                0x00001a3d   Thumb Code     0  rt_memclr_w.o(.text)
    strcmp                                   0x00001a89   Thumb Code   128  strcmpv7m.o(.text)
    __rt_heap_descriptor                     0x00001b09   Thumb Code     8  rt_heap_descriptor.o(.text)
    __rt_new_handler_addr                    0x00001b11   Thumb Code     8  rt_new_handler_addr.o(.text)
    __aeabi_errno_addr                       0x00001b19   Thumb Code     8  rt_errno_addr.o(.text)
    __errno                                  0x00001b19   Thumb Code     0  rt_errno_addr.o(.text)
    __rt_errno_addr                          0x00001b19   Thumb Code     0  rt_errno_addr.o(.text)
    __use_no_heap                            0x00001b21   Thumb Code     2  hguard.o(.text)
    __heap$guard                             0x00001b23   Thumb Code     2  hguard.o(.text)
    _terminate_user_alloc                    0x00001b25   Thumb Code     2  init_alloc.o(.text)
    _init_user_alloc                         0x00001b27   Thumb Code     2  init_alloc.o(.text)
    __Heap_Full                              0x00001b29   Thumb Code    34  init_alloc.o(.text)
    __Heap_Broken                            0x00001b4b   Thumb Code     6  init_alloc.o(.text)
    _init_alloc                              0x00001b51   Thumb Code    94  init_alloc.o(.text)
    __Heap_Initialize                        0x00001baf   Thumb Code    10  h1_init.o(.text)
    __Heap_DescSize                          0x00001bb9   Thumb Code     4  h1_init.o(.text)
    __read_errno                             0x00001bbd   Thumb Code    10  _rserrno.o(.text)
    __set_errno                              0x00001bc7   Thumb Code    12  _rserrno.o(.text)
    _printf_int_common                       0x00001bd3   Thumb Code   184  _printf_intcommon.o(.text)
    _printf_charcount                        0x00001c8b   Thumb Code    42  _printf_charcount.o(.text)
    __lib_sel_fp_printf                      0x00001cb5   Thumb Code     2  _printf_fp_dec.o(.text)
    _printf_fp_dec_real                      0x00001e61   Thumb Code   628  _printf_fp_dec.o(.text)
    _printf_fp_hex_real                      0x000020d5   Thumb Code   760  _printf_fp_hex.o(.text)
    _printf_char_common                      0x000023df   Thumb Code    32  _printf_char_common.o(.text)
    _sputc                                   0x00002405   Thumb Code    10  _sputc.o(.text)
    _printf_cs_common                        0x0000240f   Thumb Code    20  _printf_char.o(.text)
    _printf_char                             0x00002423   Thumb Code    16  _printf_char.o(.text)
    _printf_string                           0x00002433   Thumb Code     8  _printf_char.o(.text)
    _printf_char_file                        0x0000243d   Thumb Code    32  _printf_char_file.o(.text)
    _printf_wctomb                           0x00002461   Thumb Code   182  _printf_wctomb.o(.text)
    _printf_longlong_dec                     0x0000251d   Thumb Code   104  _printf_longlong_dec.o(.text)
    _printf_longlong_oct                     0x00002595   Thumb Code    76  _printf_oct_int_ll.o(.text)
    _printf_int_oct                          0x000025e1   Thumb Code    24  _printf_oct_int_ll.o(.text)
    _printf_ll_oct                           0x000025f9   Thumb Code    12  _printf_oct_int_ll.o(.text)
    _printf_longlong_hex                     0x0000260d   Thumb Code    92  _printf_hex_int_ll_ptr.o(.text)
    _printf_int_hex                          0x00002669   Thumb Code    28  _printf_hex_int_ll_ptr.o(.text)
    _printf_ll_hex                           0x00002685   Thumb Code    12  _printf_hex_int_ll_ptr.o(.text)
    _printf_hex_ptr                          0x00002691   Thumb Code    18  _printf_hex_int_ll_ptr.o(.text)
    _chval                                   0x000026a9   Thumb Code    28  _chval.o(.text)
    __vfscanf_char                           0x000026d1   Thumb Code    24  scanf_char.o(.text)
    _sgetc                                   0x000026f1   Thumb Code    30  _sgetc.o(.text)
    _sbackspace                              0x0000270f   Thumb Code    34  _sgetc.o(.text)
    __strtod_int                             0x0000276d   Thumb Code    88  strtod.o(.text)
    strtol                                   0x000027d1   Thumb Code   112  strtol.o(.text)
    ferror                                   0x00002841   Thumb Code     8  ferror.o(.text)
    _readbuf                                 0x00002849   Thumb Code    54  filbuf.o(.text)
    _seteof                                  0x0000287f   Thumb Code    40  filbuf.o(.text)
    __filbuf                                 0x000028a7   Thumb Code   482  filbuf.o(.text)
    __filbuf_byte                            0x000028a7   Thumb Code     0  filbuf.o(.text)
    __filbuf_wide                            0x000028a7   Thumb Code     0  filbuf.o(.text)
    _fseek                                   0x00002a89   Thumb Code   242  fseek.o(.text)
    fseek                                    0x00002a89   Thumb Code     0  fseek.o(.text)
    setvbuf                                  0x00002b81   Thumb Code    70  setvbuf.o(.text)
    _seterr                                  0x00002bc9   Thumb Code    20  stdio.o(.text)
    _writebuf                                0x00002bdd   Thumb Code    84  stdio.o(.text)
    _fflush                                  0x00002c31   Thumb Code    70  stdio.o(.text)
    _deferredlazyseek                        0x00002c77   Thumb Code    60  stdio.o(.text)
    _initio                                  0x00002cb9   Thumb Code   210  initio.o(.text)
    _terminateio                             0x00002d8b   Thumb Code    56  initio.o(.text)
    __aeabi_memcpy4                          0x00002df1   Thumb Code     0  rt_memcpy_w.o(.text)
    __aeabi_memcpy8                          0x00002df1   Thumb Code     0  rt_memcpy_w.o(.text)
    __rt_memcpy_w                            0x00002df1   Thumb Code   100  rt_memcpy_w.o(.text)
    _memcpy_lastbytes_aligned                0x00002e39   Thumb Code     0  rt_memcpy_w.o(.text)
    __default_new_handler()                  0x00002e55   Thumb Code     4  arm_newhandler_noexceptions.o(.text)
    __rt_ctype_table                         0x00002e59   Thumb Code    16  rt_ctype_table.o(.text)
    __rt_locale                              0x00002e69   Thumb Code     8  rt_locale.o(.text)
    __Heap_ProvideMemory                     0x00002e71   Thumb Code    52  h1_extend.o(.text)
    _ll_udiv10                               0x00002ea5   Thumb Code   138  lludiv10.o(.text)
    isspace                                  0x00002f2f   Thumb Code    18  isspace.o(.text)
    _printf_fp_infnan                        0x00002f41   Thumb Code   112  _printf_fp_infnan.o(.text)
    _printf_lcs_common                       0x00002fc1   Thumb Code    20  _printf_wchar.o(.text)
    _printf_wchar                            0x00002fd5   Thumb Code    16  _printf_wchar.o(.text)
    _printf_wstring                          0x00002fe5   Thumb Code     8  _printf_wchar.o(.text)
    __vfscanf                                0x00002fed   Thumb Code   876  _scanf.o(.text)
    _strtoul                                 0x0000335d   Thumb Code   158  _strtoul.o(.text)
    _btod_etento                             0x000033fd   Thumb Code   222  bigflt0.o(.text)
    __flsbuf                                 0x000034e1   Thumb Code   478  flsbuf.o(.text)
    __flsbuf_byte                            0x000034e1   Thumb Code     0  flsbuf.o(.text)
    __flsbuf_wide                            0x000034e1   Thumb Code     0  flsbuf.o(.text)
    _ftell_internal                          0x000036bf   Thumb Code    70  ftell.o(.text)
    ftell                                    0x000036bf   Thumb Code     0  ftell.o(.text)
    freopen                                  0x00003705   Thumb Code   158  fopen.o(.text)
    fopen                                    0x000037a3   Thumb Code    74  fopen.o(.text)
    _fclose_internal                         0x000037f1   Thumb Code    76  fclose.o(.text)
    fclose                                   0x000037f1   Thumb Code     0  fclose.o(.text)
    _flushlinebuffered                       0x0000383d   Thumb Code    50  flushlinebuffered.o(.text)
    _wcrtomb                                 0x00003875   Thumb Code    64  _wcrtomb.o(.text)
    __sig_exit                               0x000038b5   Thumb Code    10  defsig_exit.o(.text)
    __rt_SIGRTRED                            0x000038bf   Thumb Code    14  defsig_rtred_outer.o(.text)
    __rt_SIGRTMEM                            0x000038cd   Thumb Code    14  defsig_rtmem_outer.o(.text)
    __rt_heap_escrow                         0x000038dd   Thumb Code    22  heapauxa.o(.text)
    __rt_heap_expand                         0x000038f3   Thumb Code    52  heapauxa.o(.text)
    std::terminate()                         0x0000392d   Thumb Code    26  arm_exceptions_terminate.o(.text)
    _sys_exit                                0x00003949   Thumb Code     8  sys_exit.o(.text)
    _scanf_really_real                       0x00003b4d   Thumb Code   672  scanf_fp.o(.text)
    abort                                    0x00003df9   Thumb Code    16  abort.o(.text)
    __default_signal_display                 0x00003e09   Thumb Code    50  defsig_general.o(.text)
    __rt_SIGRTRED_inner                      0x00003e3d   Thumb Code    14  defsig_rtred_inner.o(.text)
    __rt_SIGRTMEM_inner                      0x00003e71   Thumb Code    22  defsig_rtmem_inner.o(.text)
    __cxa_get_globals                        0x00003ec7   Thumb Code    62  arm_exceptions_globs.o(.text)
    _ttywrch                                 0x00003f11   Thumb Code    14  sys_wrch.o(.text)
    __I$use$semihosting                      0x00003f1f   Thumb Code     0  use_no_semi.o(.text)
    __use_no_semihosting_swi                 0x00003f1f   Thumb Code     2  use_no_semi.o(.text)
    __rt_eh_globals_addr                     0x00003f21   Thumb Code     8  rt_eh_globals_addr.o(.text)
    __semihosting_library_function           0x00003f21   Thumb Code     0  indicate_semi.o(.text)
    __rt_SIGABRT                             0x00003f29   Thumb Code    14  defsig_abrt_outer.o(.text)
    __ARM_exceptions_buffer_init             0x00003f37   Thumb Code    18  arm_exceptions_mem.o(.text)
    __ARM_exceptions_buffer_allocate         0x00003f49   Thumb Code    22  arm_exceptions_mem.o(.text)
    __ARM_exceptions_buffer_free             0x00003f5f   Thumb Code    20  arm_exceptions_mem.o(.text)
    _scanf_really_hex_real                   0x00003f75   Thumb Code   776  scanf_hexfp.o(.text)
    _scanf_really_infnan                     0x00004289   Thumb Code   298  scanf_infnan.o(.text)
    __rt_SIGABRT_inner                       0x000043c5   Thumb Code    14  defsig_abrt_inner.o(.text)
    __aeabi_llsl                             0x000043f5   Thumb Code     0  llshl.o(.text)
    _ll_shift_l                              0x000043f5   Thumb Code    38  llshl.o(.text)
    _btod_d2e                                0x0000441b   Thumb Code    62  btod.o(CL$$btod_d2e)
    _d2e_denorm_low                          0x00004459   Thumb Code    70  btod.o(CL$$btod_d2e_denorm_low)
    _d2e_norm_op1                            0x0000449f   Thumb Code    96  btod.o(CL$$btod_d2e_norm_op1)
    __btod_div_common                        0x000044ff   Thumb Code   696  btod.o(CL$$btod_div_common)
    _e2d                                     0x00004839   Thumb Code    80  btod.o(CL$$btod_e2d)
    _e2e                                     0x0000488d   Thumb Code   198  btod.o(CL$$btod_e2e)
    _btod_ediv                               0x00004953   Thumb Code    40  btod.o(CL$$btod_ediv)
    _btod_edivd                              0x0000497b   Thumb Code    40  btod.o(CL$$btod_edivd)
    _btod_emul                               0x000049a3   Thumb Code    40  btod.o(CL$$btod_emul)
    _btod_emuld                              0x000049cb   Thumb Code    40  btod.o(CL$$btod_emuld)
    __btod_mult_common                       0x000049f3   Thumb Code   580  btod.o(CL$$btod_mult_common)
    main                                     0x00004c37   Thumb Code    18  retarget.o(i.$Sub$$main)
    NVIC_SetVector                           0x00004c49   Thumb Code   102  cmsis_nvic.o(i.NVIC_SetVector)
    SystemInit                               0x00004cb5   Thumb Code   150  system_LPC17xx.o(i.SystemInit)
    mbed::FileBase::getPathType()            0x00004d55   Thumb Code     4  FileBase.o(i._ZN4mbed8FileBase11getPathTypeEv)
    mbed::FileBase::lookup(const char*, unsigned) 0x00004d59   Thumb Code    50  FileBase.o(i._ZN4mbed8FileBase6lookupEPKcj)
    mbed::FilePath::fileSystem()             0x00004d91   Thumb Code    24  FilePath.o(i._ZN4mbed8FilePath10fileSystemEv)
    mbed::FilePath::file()                   0x00004da9   Thumb Code    28  FilePath.o(i._ZN4mbed8FilePath4fileEv)
    mbed::FilePath::exists()                 0x00004dc5   Thumb Code    10  FilePath.o(i._ZN4mbed8FilePath6existsEv)
    mbed::FilePath::isFile()                 0x00004dcf   Thumb Code    24  FilePath.o(i._ZN4mbed8FilePath6isFileEv)
    mbed::FilePath::fileName()               0x00004de7   Thumb Code     4  FilePath.o(i._ZN4mbed8FilePath8fileNameEv)
    mbed::FilePath::FilePath(const char*)    0x00004deb   Thumb Code    64  FilePath.o(i._ZN4mbed8FilePathC1EPKc)
    mbed::FilePath::FilePath__sub_object(const char*) 0x00004deb   Thumb Code     0  FilePath.o(i._ZN4mbed8FilePathC1EPKc)
    operator new(unsigned)                   0x00004e2d   Thumb Code    34  new.o(i._Znwj)
    __ARM_fpclassify                         0x00004e55   Thumb Code    40  fpclassify.o(i.__ARM_fpclassify)
    __mathlib_dbl_underflow                  0x00004e7d   Thumb Code    10  dunder.o(i.__mathlib_dbl_underflow)
    __mathlib_narrow                         0x00004e8d   Thumb Code    16  narrow.o(i.__mathlib_narrow)
    __mathlib_tofloat                        0x00004e9d   Thumb Code   132  narrow.o(i.__mathlib_tofloat)
    __support_ldexp                          0x00004f25   Thumb Code    22  ldexp.o(i.__support_ldexp)
    __user_setup_stackheap                   0x00004f3d   Thumb Code    10  sys.o(i.__user_setup_stackheap)
    _is_digit                                0x00004f4d   Thumb Code    14  __printf_wp.o(i._is_digit)
    _sys_close                               0x00004f5d   Thumb Code    40  retarget.o(i._sys_close)
    _sys_flen                                0x00004f89   Thumb Code    34  retarget.o(i._sys_flen)
    _sys_istty                               0x00004fb1   Thumb Code    34  retarget.o(i._sys_istty)
    _sys_open                                0x00004fd9   Thumb Code   300  retarget.o(i._sys_open)
    _sys_read                                0x00005125   Thumb Code    70  retarget.o(i._sys_read)
    _sys_seek                                0x0000517d   Thumb Code    36  retarget.o(i._sys_seek)
    _sys_write                               0x000051a5   Thumb Code    82  retarget.o(i._sys_write)
    atof                                     0x00005209   Thumb Code    42  atof.o(i.atof)
    error                                    0x00005235   Thumb Code    20  error.o(i.error)
    exit                                     0x0000524d   Thumb Code    24  retarget.o(i.exit)
    fgetc                                    0x0000526d   Thumb Code    24  fgetc.o(i.fgetc)
    fputc                                    0x00005285   Thumb Code    26  fputc.o(i.fputc)
    frexp                                    0x000052a1   Thumb Code    80  frexp.o(i.frexp)
    gpio_dir                                 0x000052f9   Thumb Code    52  gpio_api.o(i.gpio_dir)
    gpio_init                                0x00005349   Thumb Code    56  gpio_api.o(i.gpio_init)
    gpio_init_in                             0x00005381   Thumb Code    38  gpio.o(i.gpio_init_in)
    gpio_init_out                            0x000053a9   Thumb Code    62  gpio.o(i.gpio_init_out)
    gpio_init_out_ex                         0x000053ed   Thumb Code    74  gpio.o(i.gpio_init_out_ex)
    gpio_mode                                0x0000543d   Thumb Code     6  gpio_api.o(i.gpio_mode)
    i2c_frequency                            0x00005445   Thumb Code    22  i2c_api.o(i.i2c_frequency)
    i2c_init                                 0x00005461   Thumb Code   170  i2c_api.o(i.i2c_init)
    i2c_stop                                 0x00005539   Thumb Code    52  i2c_api.o(i.i2c_stop)
    i2c_write                                0x00005571   Thumb Code   296  i2c_api.o(i.i2c_write)
    ldexp                                    0x0000569d   Thumb Code   126  ldexp.o(i.ldexp)
    mbed_assert_internal                     0x0000571d   Thumb Code    24  assert.o(i.mbed_assert_internal)
    mbed_die                                 0x0000576d   Thumb Code   242  board.o(i.mbed_die)
    mbed_main                                0x00005875   Thumb Code     2  retarget.o(i.mbed_main)
    mbed_sdk_init                            0x00005877   Thumb Code     2  retarget.o(i.mbed_sdk_init)
    pin_function                             0x00005879   Thumb Code    62  pinmap.o(i.pin_function)
    pin_mode                                 0x000058d5   Thumb Code   104  pinmap.o(i.pin_mode)
    pinmap_find_peripheral                   0x00005959   Thumb Code    30  pinmap_common.o(i.pinmap_find_peripheral)
    pinmap_merge                             0x00005979   Thumb Code    34  pinmap_common.o(i.pinmap_merge)
    pinmap_peripheral                        0x000059b1   Thumb Code    54  pinmap_common.o(i.pinmap_peripheral)
    pinmap_pinout                            0x00005a09   Thumb Code    60  pinmap_common.o(i.pinmap_pinout)
    serial_baud                              0x00005a59   Thumb Code   408  serial_api.o(i.serial_baud)
    serial_format                            0x00005c1d   Thumb Code   154  serial_api.o(i.serial_format)
    serial_getc                              0x00005cbd   Thumb Code    50  serial_api.o(i.serial_getc)
    serial_init                              0x00005cf5   Thumb Code   334  serial_api.o(i.serial_init)
    serial_putc                              0x00005f41   Thumb Code   100  serial_api.o(i.serial_putc)
    serial_set_flow_control                  0x00005fa9   Thumb Code   252  serial_api.o(i.serial_set_flow_control)
    uart0_irq                                0x000060b5   Thumb Code    14  serial_api.o(i.uart0_irq)
    uart1_irq                                0x000060c9   Thumb Code    14  serial_api.o(i.uart1_irq)
    uart2_irq                                0x000060dd   Thumb Code    14  serial_api.o(i.uart2_irq)
    uart3_irq                                0x000060f1   Thumb Code    14  serial_api.o(i.uart3_irq)
    us_ticker_clear_interrupt                0x00006169   Thumb Code     8  us_ticker.o(i.us_ticker_clear_interrupt)
    us_ticker_disable_interrupt              0x00006175   Thumb Code    12  us_ticker.o(i.us_ticker_disable_interrupt)
    us_ticker_irq_handler                    0x00006185   Thumb Code    60  us_ticker_api.o(i.us_ticker_irq_handler)
    us_ticker_read                           0x000061c5   Thumb Code    72  us_ticker.o(i.us_ticker_read)
    us_ticker_set_interrupt                  0x00006225   Thumb Code    14  us_ticker.o(i.us_ticker_set_interrupt)
    wait_ms                                  0x00006239   Thumb Code    28  wait_api.o(i.wait_ms)
    _get_lc_numeric                          0x00006255   Thumb Code    44  lc_numeric_c.o(locale$$code)
    _get_lc_ctype                            0x00006281   Thumb Code    44  lc_ctype_c.o(locale$$code)
    __aeabi_d2f                              0x000062ad   Thumb Code     0  d2f.o(x$fpl$d2f)
    _d2f                                     0x000062ad   Thumb Code    98  d2f.o(x$fpl$d2f)
    __fpl_dcheck_NaN1                        0x00006311   Thumb Code    10  dcheck1.o(x$fpl$dcheck1)
    __fpl_dcmp_Inf                           0x00006321   Thumb Code    24  dcmpi.o(x$fpl$dcmpinf)
    __aeabi_cdcmpeq                          0x00006339   Thumb Code     0  deqf.o(x$fpl$deqf)
    _dcmpeq                                  0x00006339   Thumb Code   120  deqf.o(x$fpl$deqf)
    __aeabi_cdcmple                          0x000063b1   Thumb Code     0  dleqf.o(x$fpl$dleqf)
    _dcmple                                  0x000063b1   Thumb Code   120  dleqf.o(x$fpl$dleqf)
    __fpl_dcmple_InfNaN                      0x00006413   Thumb Code     0  dleqf.o(x$fpl$dleqf)
    __fpl_dnaninf                            0x00006429   Thumb Code   156  dnaninf.o(x$fpl$dnaninf)
    __fpl_dretinf                            0x000064c5   Thumb Code    12  dretinf.o(x$fpl$dretinf)
    __aeabi_cdrcmple                         0x000064d1   Thumb Code     0  drleqf.o(x$fpl$drleqf)
    _drcmple                                 0x000064d1   Thumb Code   108  drleqf.o(x$fpl$drleqf)
    __aeabi_f2d                              0x0000653d   Thumb Code     0  f2d.o(x$fpl$f2d)
    _f2d                                     0x0000653d   Thumb Code    86  f2d.o(x$fpl$f2d)
    __fpl_fnaninf                            0x00006593   Thumb Code   140  fnaninf.o(x$fpl$fnaninf)
    __fpl_fretinf                            0x0000661f   Thumb Code    10  fretinf.o(x$fpl$fretinf)
    _printf_fp_dec                           0x00006629   Thumb Code     4  printf1.o(x$fpl$printf1)
    _printf_fp_hex                           0x0000662d   Thumb Code     4  printf2.o(x$fpl$printf2)
    __fpl_return_NaN                         0x00006631   Thumb Code   100  retnan.o(x$fpl$retnan)
    __ARM_scalbn                             0x00006695   Thumb Code    92  scalbn.o(x$fpl$scalbn)
    _scanf_real                              0x000066f1   Thumb Code     4  scanf1.o(x$fpl$scanf1)
    _scanf_hex_real                          0x000066f5   Thumb Code     4  scanf2.o(x$fpl$scanf2)
    _scanf_infnan                            0x000066f9   Thumb Code     4  scanf2.o(x$fpl$scanf2)
    __fpl_cmpreturn                          0x000066fd   Thumb Code    48  trapv.o(x$fpl$trapveneer)
    __I$use$fp                               0x0000672c   Number         0  usenofp.o(x$fpl$usenofp)
    __stdin_name                             0x0000672c   Data           7  retarget.o(.constdata)
    __stdout_name                            0x00006733   Data           8  retarget.o(.constdata)
    __stderr_name                            0x0000673b   Data           8  retarget.o(.constdata)
    Region$$Table$$Base                      0x00006e04   Number         0  anon$$obj.o(Region$$Table)
    Region$$Table$$Limit                     0x00006e24   Number         0  anon$$obj.o(Region$$Table)
    __aeabi_HUGE_VAL                         0x00006e24   Data           0  fpconst.o(c$$dinf)
    __aeabi_HUGE_VALL                        0x00006e24   Data           0  fpconst.o(c$$dinf)
    __aeabi_INFINITY                         0x00006e24   Data           0  fpconst.o(c$$dinf)
    __dInf                                   0x00006e24   Data           0  fpconst.o(c$$dinf)
    __huge_val                               0x00006e24   Data           0  fpconst.o(c$$dinf)
    __ctype                                  0x00006e55   Data           0  lc_ctype_c.o(locale$$data)
    event1                                   0x100000c8   Data           4  grove_example.o(.data)
    p_first_resource                         0x100000d4   Data           4  rpc_server.o(.data)
    p_cur_resource                           0x100000d8   Data           4  rpc_server.o(.data)
    p_event_queue_head                       0x100000dc   Data           4  rpc_server.o(.data)
    p_event_queue_tail                       0x100000e0   Data           4  rpc_server.o(.data)
    SystemCoreClock                          0x100000f8   Data           4  system_LPC17xx.o(.data)
    stdio_uart_inited                        0x100000fc   Data           4  serial_api.o(.data)
    stdio_uart                               0x10000104   Data           8  serial_api.o(.data)
    us_ticker_inited                         0x1000010c   Data           4  us_ticker.o(.data)
    mbed::FileBase::_head                    0x10000110   Data           4  FileBase.o(.data)
    __aeabi_stdin                            0x1000011c   Data           4  stdio_streams.o(.data)
    __aeabi_stdout                           0x10000120   Data           4  stdio_streams.o(.data)
    __aeabi_stderr                           0x10000124   Data           4  stdio_streams.o(.data)
    __stdin                                  0x100002d0   Data          84  stdio_streams.o(.bss)
    __stdout                                 0x10000324   Data          84  stdio_streams.o(.bss)
    __stderr                                 0x10000378   Data          84  stdio_streams.o(.bss)
    Image$$RW_IRAM1$$ZI$$Limit               0x100003f0   Number         0  rt_eh_globals_addr.o(.bss)



==============================================================================

Memory Map of the image

  Image Entry point : 0x000000c5

  Load Region LR_IROM1 (Base: 0x00000000, Size: 0x00006fbc, Max: 0x00080000, ABSOLUTE)

    Execution Region ER_IROM1 (Base: 0x00000000, Size: 0x00006f58, Max: 0x00080000, ABSOLUTE)

    Base Addr    Size         Type   Attr      Idx    E Section Name        Object

    0x00000000   0x000000c4   Data   RO          739    RESET               startup_LPC17xx.o
    0x000000c4   0x00000008   Code   RO         1214  * !!!main             c_w.l(__main.o)
    0x000000cc   0x00000034   Code   RO         1905    !!!scatter          c_w.l(__scatter.o)
    0x00000100   0x0000001a   Code   RO         1907    !!handler_copy      c_w.l(__scatter_copy.o)
    0x0000011a   0x00000002   PAD
    0x0000011c   0x0000001c   Code   RO         1909    !!handler_zi        c_w.l(__scatter_zi.o)
    0x00000138   0x00000000   Code   RO         1165    .ARM.Collect$$_printf_percent$$00000000  c_w.l(_printf_percent.o)
    0x00000138   0x00000006   Code   RO         1444    .ARM.Collect$$_printf_percent$$00000001  c_w.l(_printf_n.o)
    0x0000013e   0x00000006   Code   RO         1446    .ARM.Collect$$_printf_percent$$00000002  c_w.l(_printf_p.o)
    0x00000144   0x00000006   Code   RO         1161    .ARM.Collect$$_printf_percent$$00000003  c_w.l(_printf_f.o)
    0x0000014a   0x00000006   Code   RO         1162    .ARM.Collect$$_printf_percent$$00000004  c_w.l(_printf_e.o)
    0x00000150   0x00000006   Code   RO         1163    .ARM.Collect$$_printf_percent$$00000005  c_w.l(_printf_g.o)
    0x00000156   0x00000006   Code   RO         1164    .ARM.Collect$$_printf_percent$$00000006  c_w.l(_printf_a.o)
    0x0000015c   0x0000000a   Code   RO         1453    .ARM.Collect$$_printf_percent$$00000007  c_w.l(_printf_ll.o)
    0x00000166   0x00000006   Code   RO         1448    .ARM.Collect$$_printf_percent$$00000008  c_w.l(_printf_i.o)
    0x0000016c   0x00000006   Code   RO         1159    .ARM.Collect$$_printf_percent$$00000009  c_w.l(_printf_d.o)
    0x00000172   0x00000006   Code   RO         1160    .ARM.Collect$$_printf_percent$$0000000A  c_w.l(_printf_u.o)
    0x00000178   0x00000006   Code   RO         1447    .ARM.Collect$$_printf_percent$$0000000B  c_w.l(_printf_o.o)
    0x0000017e   0x00000006   Code   RO         1445    .ARM.Collect$$_printf_percent$$0000000C  c_w.l(_printf_x.o)
    0x00000184   0x00000006   Code   RO         1450    .ARM.Collect$$_printf_percent$$0000000D  c_w.l(_printf_lli.o)
    0x0000018a   0x00000006   Code   RO         1451    .ARM.Collect$$_printf_percent$$0000000E  c_w.l(_printf_lld.o)
    0x00000190   0x00000006   Code   RO         1452    .ARM.Collect$$_printf_percent$$0000000F  c_w.l(_printf_llu.o)
    0x00000196   0x00000006   Code   RO         1457    .ARM.Collect$$_printf_percent$$00000010  c_w.l(_printf_llo.o)
    0x0000019c   0x00000006   Code   RO         1458    .ARM.Collect$$_printf_percent$$00000011  c_w.l(_printf_llx.o)
    0x000001a2   0x0000000a   Code   RO         1454    .ARM.Collect$$_printf_percent$$00000012  c_w.l(_printf_l.o)
    0x000001ac   0x00000006   Code   RO         1443    .ARM.Collect$$_printf_percent$$00000013  c_w.l(_printf_c.o)
    0x000001b2   0x00000006   Code   RO         1158    .ARM.Collect$$_printf_percent$$00000014  c_w.l(_printf_s.o)
    0x000001b8   0x00000006   Code   RO         1455    .ARM.Collect$$_printf_percent$$00000015  c_w.l(_printf_lc.o)
    0x000001be   0x00000006   Code   RO         1456    .ARM.Collect$$_printf_percent$$00000016  c_w.l(_printf_ls.o)
    0x000001c4   0x00000004   Code   RO         1449    .ARM.Collect$$_printf_percent$$00000017  c_w.l(_printf_percent_end.o)
    0x000001c8   0x00000002   Code   RO         1793    .ARM.Collect$$libinit$$00000000  c_w.l(libinit.o)
    0x000001ca   0x00000000   Code   RO         1505    .ARM.Collect$$libinit$$00000002  c_w.l(libinit2.o)
    0x000001ca   0x00000008   Code   RO         1506    .ARM.Collect$$libinit$$00000003  c_w.l(libinit2.o)
    0x000001d2   0x00000000   Code   RO         1508    .ARM.Collect$$libinit$$00000008  c_w.l(libinit2.o)
    0x000001d2   0x00000000   Code   RO         1510    .ARM.Collect$$libinit$$0000000A  c_w.l(libinit2.o)
    0x000001d2   0x00000000   Code   RO         1512    .ARM.Collect$$libinit$$0000000C  c_w.l(libinit2.o)
    0x000001d2   0x00000006   Code   RO         1513    .ARM.Collect$$libinit$$0000000D  c_w.l(libinit2.o)
    0x000001d8   0x00000000   Code   RO         1515    .ARM.Collect$$libinit$$0000000F  c_w.l(libinit2.o)
    0x000001d8   0x0000000c   Code   RO         1516    .ARM.Collect$$libinit$$00000010  c_w.l(libinit2.o)
    0x000001e4   0x00000000   Code   RO         1517    .ARM.Collect$$libinit$$00000011  c_w.l(libinit2.o)
    0x000001e4   0x00000000   Code   RO         1519    .ARM.Collect$$libinit$$00000013  c_w.l(libinit2.o)
    0x000001e4   0x0000000a   Code   RO         1520    .ARM.Collect$$libinit$$00000014  c_w.l(libinit2.o)
    0x000001ee   0x00000000   Code   RO         1521    .ARM.Collect$$libinit$$00000015  c_w.l(libinit2.o)
    0x000001ee   0x00000000   Code   RO         1523    .ARM.Collect$$libinit$$00000017  c_w.l(libinit2.o)
    0x000001ee   0x00000000   Code   RO         1525    .ARM.Collect$$libinit$$00000019  c_w.l(libinit2.o)
    0x000001ee   0x00000000   Code   RO         1527    .ARM.Collect$$libinit$$0000001B  c_w.l(libinit2.o)
    0x000001ee   0x00000000   Code   RO         1529    .ARM.Collect$$libinit$$0000001D  c_w.l(libinit2.o)
    0x000001ee   0x00000000   Code   RO         1531    .ARM.Collect$$libinit$$0000001F  c_w.l(libinit2.o)
    0x000001ee   0x00000000   Code   RO         1533    .ARM.Collect$$libinit$$00000021  c_w.l(libinit2.o)
    0x000001ee   0x00000004   Code   RO         1534    .ARM.Collect$$libinit$$00000022  c_w.l(libinit2.o)
    0x000001f2   0x00000000   Code   RO         1535    .ARM.Collect$$libinit$$00000023  c_w.l(libinit2.o)
    0x000001f2   0x00000000   Code   RO         1539    .ARM.Collect$$libinit$$0000002A  c_w.l(libinit2.o)
    0x000001f2   0x00000000   Code   RO         1541    .ARM.Collect$$libinit$$0000002C  c_w.l(libinit2.o)
    0x000001f2   0x00000000   Code   RO         1543    .ARM.Collect$$libinit$$0000002E  c_w.l(libinit2.o)
    0x000001f2   0x00000000   Code   RO         1545    .ARM.Collect$$libinit$$00000030  c_w.l(libinit2.o)
    0x000001f2   0x00000002   Code   RO         1546    .ARM.Collect$$libinit$$00000031  c_w.l(libinit2.o)
    0x000001f4   0x00000000   Code   RO         1712    .ARM.Collect$$libshutdown$$00000003  c_w.l(libshutdown2.o)
    0x000001f4   0x00000000   Code   RO         1350    .ARM.Collect$$rtentry$$00000000  c_w.l(rtentry.o)
    0x000001f4   0x00000000   Code   RO         1590    .ARM.Collect$$rtentry$$00000002  c_w.l(rtentry2.o)
    0x000001f4   0x00000006   Code   RO         1602    .ARM.Collect$$rtentry$$00000004  c_w.l(rtentry4.o)
    0x000001fa   0x00000000   Code   RO         1592    .ARM.Collect$$rtentry$$00000009  c_w.l(rtentry2.o)
    0x000001fa   0x00000004   Code   RO         1593    .ARM.Collect$$rtentry$$0000000A  c_w.l(rtentry2.o)
    0x000001fe   0x00000000   Code   RO         1595    .ARM.Collect$$rtentry$$0000000C  c_w.l(rtentry2.o)
    0x000001fe   0x00000008   Code   RO         1596    .ARM.Collect$$rtentry$$0000000D  c_w.l(rtentry2.o)
    0x00000206   0x00000002   PAD
    0x00000208   0x00000000   Code   RO         1617    .emb_text           c_w.l(maybetermalloc1.o)
    0x00000208   0x000000f4   Code   RO            3    .text               grove_example.o
    0x000002fc   0x00000004   Code   RO          740    .ARM.__at_0x02FC    startup_LPC17xx.o
    0x00000300   0x000000d8   Code   RO          281    .text               grove_example_class.o
    0x000003d8   0x000008e4   Code   RO          317    .text               rpc_server.o
    0x00000cbc   0x000001b4   Code   RO          376    .text               rpc_stream.o
    0x00000e70   0x0000002c   Code   RO          412    .text               main.o
    0x00000e9c   0x00000004   Code   RO          442    .text               user_main.o
    0x00000ea0   0x000001d4   Code   RO          530    .text               grove_example_gen.o
    0x00001074   0x00000168   Code   RO          569    .text               rpc_server_registration.o
    0x000011dc   0x00000024   Code   RO          741    .text               startup_LPC17xx.o
    0x00001200   0x0000005e   Code   RO         1050    .text               c_w.l(h1_alloc.o)
    0x0000125e   0x0000004e   Code   RO         1052    .text               c_w.l(h1_free.o)
    0x000012ac   0x0000000a   Code   RO         1110    .text               c_w.l(vfprintf.o)
    0x000012b6   0x00000002   PAD
    0x000012b8   0x00000018   Code   RO         1112    .text               c_w.l(__2printf.o)
    0x000012d0   0x00000014   Code   RO         1114    .text               c_w.l(__2fprintf.o)
    0x000012e4   0x0000002c   Code   RO         1116    .text               c_w.l(__2sprintf.o)
    0x00001310   0x00000052   Code   RO         1130    .text               c_w.l(_printf_pad.o)
    0x00001362   0x00000024   Code   RO         1132    .text               c_w.l(_printf_truncate.o)
    0x00001386   0x00000052   Code   RO         1134    .text               c_w.l(_printf_str.o)
    0x000013d8   0x00000078   Code   RO         1136    .text               c_w.l(_printf_dec.o)
    0x00001450   0x0000018c   Code   RO         1155    .text               c_w.l(__printf_flags_ss_wp.o)
    0x000015dc   0x0000003c   Code   RO         1166    .text               c_w.l(__0sscanf.o)
    0x00001618   0x00000150   Code   RO         1168    .text               c_w.l(_scanf_int.o)
    0x00001768   0x0000001a   Code   RO         1170    .text               c_w.l(atoi.o)
    0x00001782   0x0000001a   Code   RO         1172    .text               c_w.l(atol.o)
    0x0000179c   0x00000064   Code   RO         1174    .text               c_w.l(fflush.o)
    0x00001800   0x00000004   Code   RO         1182    .text               c_w.l(getc.o)
    0x00001804   0x00000004   Code   RO         1184    .text               c_w.l(putc.o)
    0x00001808   0x00000058   Code   RO         1198    .text               c_w.l(memcmp.o)
    0x00001860   0x0000003e   Code   RO         1200    .text               c_w.l(strlen.o)
    0x0000189e   0x00000096   Code   RO         1202    .text               c_w.l(strncmp.o)
    0x00001934   0x0000008a   Code   RO         1204    .text               c_w.l(rt_memcpy_v6.o)
    0x000019be   0x0000007a   Code   RO         1206    .text               c_w.l(rt_memmove_w.o)
    0x00001a38   0x0000004e   Code   RO         1208    .text               c_w.l(rt_memclr_w.o)
    0x00001a86   0x00000002   PAD
    0x00001a88   0x00000080   Code   RO         1212    .text               c_w.l(strcmpv7m.o)
    0x00001b08   0x00000008   Code   RO         1355    .text               c_w.l(rt_heap_descriptor.o)
    0x00001b10   0x00000008   Code   RO         1360    .text               c_w.l(rt_new_handler_addr.o)
    0x00001b18   0x00000008   Code   RO         1365    .text               c_w.l(rt_errno_addr.o)
    0x00001b20   0x00000004   Code   RO         1370    .text               c_w.l(hguard.o)
    0x00001b24   0x0000008a   Code   RO         1372    .text               c_w.l(init_alloc.o)
    0x00001bae   0x0000000e   Code   RO         1376    .text               c_w.l(h1_init.o)
    0x00001bbc   0x00000016   Code   RO         1390    .text               c_w.l(_rserrno.o)
    0x00001bd2   0x000000b8   Code   RO         1392    .text               c_w.l(_printf_intcommon.o)
    0x00001c8a   0x0000002a   Code   RO         1394    .text               c_w.l(_printf_charcount.o)
    0x00001cb4   0x00000420   Code   RO         1396    .text               c_w.l(_printf_fp_dec.o)
    0x000020d4   0x00000300   Code   RO         1398    .text               c_w.l(_printf_fp_hex.o)
    0x000023d4   0x00000030   Code   RO         1401    .text               c_w.l(_printf_char_common.o)
    0x00002404   0x0000000a   Code   RO         1403    .text               c_w.l(_sputc.o)
    0x0000240e   0x0000002c   Code   RO         1407    .text               c_w.l(_printf_char.o)
    0x0000243a   0x00000002   PAD
    0x0000243c   0x00000024   Code   RO         1409    .text               c_w.l(_printf_char_file.o)
    0x00002460   0x000000bc   Code   RO         1411    .text               c_w.l(_printf_wctomb.o)
    0x0000251c   0x00000078   Code   RO         1414    .text               c_w.l(_printf_longlong_dec.o)
    0x00002594   0x00000078   Code   RO         1420    .text               c_w.l(_printf_oct_int_ll.o)
    0x0000260c   0x0000009c   Code   RO         1440    .text               c_w.l(_printf_hex_int_ll_ptr.o)
    0x000026a8   0x0000001c   Code   RO         1459    .text               c_w.l(_chval.o)
    0x000026c4   0x0000002c   Code   RO         1461    .text               c_w.l(scanf_char.o)
    0x000026f0   0x00000040   Code   RO         1463    .text               c_w.l(_sgetc.o)
    0x00002730   0x000000a0   Code   RO         1465    .text               c_w.l(strtod.o)
    0x000027d0   0x00000070   Code   RO         1467    .text               c_w.l(strtol.o)
    0x00002840   0x00000008   Code   RO         1469    .text               c_w.l(ferror.o)
    0x00002848   0x00000240   Code   RO         1471    .text               c_w.l(filbuf.o)
    0x00002a88   0x000000f8   Code   RO         1477    .text               c_w.l(fseek.o)
    0x00002b80   0x00000046   Code   RO         1479    .text               c_w.l(setvbuf.o)
    0x00002bc6   0x00000002   PAD
    0x00002bc8   0x000000f0   Code   RO         1481    .text               c_w.l(stdio.o)
    0x00002cb8   0x00000138   Code   RO         1484    .text               c_w.l(initio.o)
    0x00002df0   0x00000064   Code   RO         1498    .text               c_w.l(rt_memcpy_w.o)
    0x00002e54   0x00000004   Code   RO         1554    .text               cpprt_w.l(arm_newhandler_noexceptions.o)
    0x00002e58   0x00000010   Code   RO         1604    .text               c_w.l(rt_ctype_table.o)
    0x00002e68   0x00000008   Code   RO         1610    .text               c_w.l(rt_locale.o)
    0x00002e70   0x00000034   Code   RO         1619    .text               c_w.l(h1_extend.o)
    0x00002ea4   0x0000008a   Code   RO         1623    .text               c_w.l(lludiv10.o)
    0x00002f2e   0x00000012   Code   RO         1625    .text               c_w.l(isspace.o)
    0x00002f40   0x00000080   Code   RO         1627    .text               c_w.l(_printf_fp_infnan.o)
    0x00002fc0   0x0000002c   Code   RO         1631    .text               c_w.l(_printf_wchar.o)
    0x00002fec   0x00000370   Code   RO         1633    .text               c_w.l(_scanf.o)
    0x0000335c   0x0000009e   Code   RO         1635    .text               c_w.l(_strtoul.o)
    0x000033fa   0x00000002   PAD
    0x000033fc   0x000000e4   Code   RO         1637    .text               c_w.l(bigflt0.o)
    0x000034e0   0x000001de   Code   RO         1662    .text               c_w.l(flsbuf.o)
    0x000036be   0x00000046   Code   RO         1664    .text               c_w.l(ftell.o)
    0x00003704   0x000000ec   Code   RO         1670    .text               c_w.l(fopen.o)
    0x000037f0   0x0000004c   Code   RO         1672    .text               c_w.l(fclose.o)
    0x0000383c   0x00000038   Code   RO         1674    .text               c_w.l(flushlinebuffered.o)
    0x00003874   0x00000040   Code   RO         1686    .text               c_w.l(_wcrtomb.o)
    0x000038b4   0x0000000a   Code   RO         1691    .text               c_w.l(defsig_exit.o)
    0x000038be   0x0000000e   Code   RO         1693    .text               c_w.l(defsig_rtred_outer.o)
    0x000038cc   0x0000000e   Code   RO         1697    .text               c_w.l(defsig_rtmem_outer.o)
    0x000038da   0x00000002   PAD
    0x000038dc   0x00000050   Code   RO         1703    .text               c_w.l(heapauxa.o)
    0x0000392c   0x0000001a   Code   RO         1729    .text               cpprt_w.l(arm_exceptions_terminate.o)
    0x00003946   0x00000002   PAD
    0x00003948   0x0000000c   Code   RO         1753    .text               c_w.l(sys_exit.o)
    0x00003954   0x000004a4   Code   RO         1759    .text               c_w.l(scanf_fp.o)
    0x00003df8   0x00000010   Code   RO         1768    .text               c_w.l(abort.o)
    0x00003e08   0x00000032   Code   RO         1772    .text               c_w.l(defsig_general.o)
    0x00003e3a   0x00000002   PAD
    0x00003e3c   0x00000034   Code   RO         1778    .text               c_w.l(defsig_rtred_inner.o)
    0x00003e70   0x00000050   Code   RO         1780    .text               c_w.l(defsig_rtmem_inner.o)
    0x00003ec0   0x00000050   Code   RO         1800    .text               cpprt_w.l(arm_exceptions_globs.o)
    0x00003f10   0x0000000e   Code   RO         1806    .text               c_w.l(sys_wrch.o)
    0x00003f1e   0x00000002   Code   RO         1808    .text               c_w.l(use_no_semi.o)
    0x00003f20   0x00000000   Code   RO         1810    .text               c_w.l(indicate_semi.o)
    0x00003f20   0x00000008   Code   RO         1811    .text               c_w.l(rt_eh_globals_addr.o)
    0x00003f28   0x0000000e   Code   RO         1826    .text               c_w.l(defsig_abrt_outer.o)
    0x00003f36   0x0000003c   Code   RO         1834    .text               cpprt_w.l(arm_exceptions_mem.o)
    0x00003f72   0x00000002   PAD
    0x00003f74   0x00000314   Code   RO         1852    .text               c_w.l(scanf_hexfp.o)
    0x00004288   0x0000013c   Code   RO         1854    .text               c_w.l(scanf_infnan.o)
    0x000043c4   0x00000030   Code   RO         1856    .text               c_w.l(defsig_abrt_inner.o)
    0x000043f4   0x00000026   Code   RO         1874    .text               c_w.l(llshl.o)
    0x0000441a   0x0000003e   Code   RO         1640    CL$$btod_d2e        c_w.l(btod.o)
    0x00004458   0x00000046   Code   RO         1642    CL$$btod_d2e_denorm_low  c_w.l(btod.o)
    0x0000449e   0x00000060   Code   RO         1641    CL$$btod_d2e_norm_op1  c_w.l(btod.o)
    0x000044fe   0x00000338   Code   RO         1650    CL$$btod_div_common  c_w.l(btod.o)
    0x00004836   0x00000002   PAD
    0x00004838   0x00000054   Code   RO         1648    CL$$btod_e2d        c_w.l(btod.o)
    0x0000488c   0x000000c6   Code   RO         1647    CL$$btod_e2e        c_w.l(btod.o)
    0x00004952   0x00000028   Code   RO         1644    CL$$btod_ediv       c_w.l(btod.o)
    0x0000497a   0x00000028   Code   RO         1646    CL$$btod_edivd      c_w.l(btod.o)
    0x000049a2   0x00000028   Code   RO         1643    CL$$btod_emul       c_w.l(btod.o)
    0x000049ca   0x00000028   Code   RO         1645    CL$$btod_emuld      c_w.l(btod.o)
    0x000049f2   0x00000244   Code   RO         1649    CL$$btod_mult_common  c_w.l(btod.o)
    0x00004c36   0x00000012   Code   RO          599    i.$Sub$$main        retarget.o
    0x00004c48   0x0000006c   Code   RO          734    i.NVIC_SetVector    cmsis_nvic.o
    0x00004cb4   0x000000a0   Code   RO          718    i.SystemInit        system_LPC17xx.o
    0x00004d54   0x00000004   Code   RO          979    i._ZN4mbed8FileBase11getPathTypeEv  mbed.ar(FileBase.o)
    0x00004d58   0x00000038   Code   RO          981    i._ZN4mbed8FileBase6lookupEPKcj  mbed.ar(FileBase.o)
    0x00004d90   0x00000018   Code   RO          905    i._ZN4mbed8FilePath10fileSystemEv  mbed.ar(FilePath.o)
    0x00004da8   0x0000001c   Code   RO          907    i._ZN4mbed8FilePath4fileEv  mbed.ar(FilePath.o)
    0x00004dc4   0x0000000a   Code   RO          908    i._ZN4mbed8FilePath6existsEv  mbed.ar(FilePath.o)
    0x00004dce   0x00000018   Code   RO          909    i._ZN4mbed8FilePath6isFileEv  mbed.ar(FilePath.o)
    0x00004de6   0x00000004   Code   RO          910    i._ZN4mbed8FilePath8fileNameEv  mbed.ar(FilePath.o)
    0x00004dea   0x00000040   Code   RO          911    i._ZN4mbed8FilePathC1EPKc  mbed.ar(FilePath.o)
    0x00004e2a   0x00000002   PAD
    0x00004e2c   0x00000028   Code   RO         1219    i._Znwj             cpprt_w.l(new.o)
    0x00004e54   0x00000028   Code   RO         1751    i.__ARM_fpclassify  m_ws.l(fpclassify.o)
    0x00004e7c   0x00000010   Code   RO         1896    i.__mathlib_dbl_underflow  m_ws.l(dunder.o)
    0x00004e8c   0x00000010   Code   RO         1846    i.__mathlib_narrow  m_ws.l(narrow.o)
    0x00004e9c   0x00000088   Code   RO         1847    i.__mathlib_tofloat  m_ws.l(narrow.o)
    0x00004f24   0x00000016   Code   RO         1883    i.__support_ldexp   m_ws.l(ldexp.o)
    0x00004f3a   0x00000002   PAD
    0x00004f3c   0x00000010   Code   RO          743    i.__user_setup_stackheap  sys.o
    0x00004f4c   0x0000000e   Code   RO         1148    i._is_digit         c_w.l(__printf_wp.o)
    0x00004f5a   0x00000002   PAD
    0x00004f5c   0x0000002c   Code   RO          605    i._sys_close        retarget.o
    0x00004f88   0x00000028   Code   RO          608    i._sys_flen         retarget.o
    0x00004fb0   0x00000028   Code   RO          609    i._sys_istty        retarget.o
    0x00004fd8   0x0000014c   Code   RO          610    i._sys_open         retarget.o
    0x00005124   0x00000058   Code   RO          611    i._sys_read         retarget.o
    0x0000517c   0x00000028   Code   RO          612    i._sys_seek         retarget.o
    0x000051a4   0x00000064   Code   RO          613    i._sys_write        retarget.o
    0x00005208   0x0000002a   Code   RO         1345    i.atof              m_ws.l(atof.o)
    0x00005232   0x00000002   PAD
    0x00005234   0x00000018   Code   RO         1040    i.error             mbed.ar(error.o)
    0x0000524c   0x00000020   Code   RO          615    i.exit              retarget.o
    0x0000526c   0x00000018   Code   RO         1177    i.fgetc             c_w.l(fgetc.o)
    0x00005284   0x0000001a   Code   RO         1474    i.fputc             c_w.l(fputc.o)
    0x0000529e   0x00000002   PAD
    0x000052a0   0x00000058   Code   RO         1871    i.frexp             m_ws.l(frexp.o)
    0x000052f8   0x00000050   Code   RO          957    i.gpio_dir          mbed.ar(gpio_api.o)
    0x00005348   0x00000038   Code   RO          958    i.gpio_init         mbed.ar(gpio_api.o)
    0x00005380   0x00000026   Code   RO          936    i.gpio_init_in      mbed.ar(gpio.o)
    0x000053a6   0x00000002   PAD
    0x000053a8   0x00000044   Code   RO          939    i.gpio_init_out     mbed.ar(gpio.o)
    0x000053ec   0x00000050   Code   RO          940    i.gpio_init_out_ex  mbed.ar(gpio.o)
    0x0000543c   0x00000006   Code   RO          959    i.gpio_mode         mbed.ar(gpio_api.o)
    0x00005442   0x00000002   PAD
    0x00005444   0x0000001c   Code   RO          750    i.i2c_frequency     mbed.ar(i2c_api.o)
    0x00005460   0x000000d8   Code   RO          751    i.i2c_init          mbed.ar(i2c_api.o)
    0x00005538   0x00000038   Code   RO          760    i.i2c_stop          mbed.ar(i2c_api.o)
    0x00005570   0x0000012c   Code   RO          761    i.i2c_write         mbed.ar(i2c_api.o)
    0x0000569c   0x0000007e   Code   RO         1884    i.ldexp             m_ws.l(ldexp.o)
    0x0000571a   0x00000002   PAD
    0x0000571c   0x00000050   Code   RO          930    i.mbed_assert_internal  mbed.ar(assert.o)
    0x0000576c   0x00000108   Code   RO          726    i.mbed_die          board.o
    0x00005874   0x00000002   Code   RO          616    i.mbed_main         retarget.o
    0x00005876   0x00000002   Code   RO          617    i.mbed_sdk_init     retarget.o
    0x00005878   0x0000005c   Code   RO          970    i.pin_function      mbed.ar(pinmap.o)
    0x000058d4   0x00000084   Code   RO          971    i.pin_mode          mbed.ar(pinmap.o)
    0x00005958   0x0000001e   Code   RO         1010    i.pinmap_find_peripheral  mbed.ar(pinmap_common.o)
    0x00005976   0x00000002   PAD
    0x00005978   0x00000038   Code   RO         1012    i.pinmap_merge      mbed.ar(pinmap_common.o)
    0x000059b0   0x00000058   Code   RO         1013    i.pinmap_peripheral  mbed.ar(pinmap_common.o)
    0x00005a08   0x00000050   Code   RO         1014    i.pinmap_pinout     mbed.ar(pinmap_common.o)
    0x00005a58   0x000001c4   Code   RO          781    i.serial_baud       mbed.ar(serial_api.o)
    0x00005c1c   0x000000a0   Code   RO          785    i.serial_format     mbed.ar(serial_api.o)
    0x00005cbc   0x00000038   Code   RO          787    i.serial_getc       mbed.ar(serial_api.o)
    0x00005cf4   0x00000178   Code   RO          788    i.serial_init       mbed.ar(serial_api.o)
    0x00005e6c   0x000000d4   Code   RO          791    i.serial_irq_set_internal  mbed.ar(serial_api.o)
    0x00005f40   0x00000068   Code   RO          793    i.serial_putc       mbed.ar(serial_api.o)
    0x00005fa8   0x0000010c   Code   RO          795    i.serial_set_flow_control  mbed.ar(serial_api.o)
    0x000060b4   0x00000014   Code   RO          797    i.uart0_irq         mbed.ar(serial_api.o)
    0x000060c8   0x00000014   Code   RO          798    i.uart1_irq         mbed.ar(serial_api.o)
    0x000060dc   0x00000014   Code   RO          799    i.uart2_irq         mbed.ar(serial_api.o)
    0x000060f0   0x00000014   Code   RO          800    i.uart3_irq         mbed.ar(serial_api.o)
    0x00006104   0x00000064   Code   RO          801    i.uart_irq          mbed.ar(serial_api.o)
    0x00006168   0x0000000c   Code   RO          830    i.us_ticker_clear_interrupt  mbed.ar(us_ticker.o)
    0x00006174   0x00000010   Code   RO          831    i.us_ticker_disable_interrupt  mbed.ar(us_ticker.o)
    0x00006184   0x00000040   Code   RO         1027    i.us_ticker_irq_handler  mbed.ar(us_ticker_api.o)
    0x000061c4   0x00000060   Code   RO          833    i.us_ticker_read    mbed.ar(us_ticker.o)
    0x00006224   0x00000014   Code   RO          834    i.us_ticker_set_interrupt  mbed.ar(us_ticker.o)
    0x00006238   0x0000001c   Code   RO          950    i.wait_ms           mbed.ar(wait_api.o)
    0x00006254   0x0000002c   Code   RO         1689    locale$$code        c_w.l(lc_numeric_c.o)
    0x00006280   0x0000002c   Code   RO         1766    locale$$code        c_w.l(lc_ctype_c.o)
    0x000062ac   0x00000062   Code   RO         1326    x$fpl$d2f           fz_ws.l(d2f.o)
    0x0000630e   0x00000002   PAD
    0x00006310   0x00000010   Code   RO         1894    x$fpl$dcheck1       fz_ws.l(dcheck1.o)
    0x00006320   0x00000018   Code   RO         1876    x$fpl$dcmpinf       fz_ws.l(dcmpi.o)
    0x00006338   0x00000078   Code   RO         1866    x$fpl$deqf          fz_ws.l(deqf.o)
    0x000063b0   0x00000078   Code   RO         1878    x$fpl$dleqf         fz_ws.l(dleqf.o)
    0x00006428   0x0000009c   Code   RO         1577    x$fpl$dnaninf       fz_ws.l(dnaninf.o)
    0x000064c4   0x0000000c   Code   RO         1579    x$fpl$dretinf       fz_ws.l(dretinf.o)
    0x000064d0   0x0000006c   Code   RO         1868    x$fpl$drleqf        fz_ws.l(drleqf.o)
    0x0000653c   0x00000056   Code   RO         1328    x$fpl$f2d           fz_ws.l(f2d.o)
    0x00006592   0x0000008c   Code   RO         1581    x$fpl$fnaninf       fz_ws.l(fnaninf.o)
    0x0000661e   0x0000000a   Code   RO         1583    x$fpl$fretinf       fz_ws.l(fretinf.o)
    0x00006628   0x00000004   Code   RO         1336    x$fpl$printf1       fz_ws.l(printf1.o)
    0x0000662c   0x00000004   Code   RO         1338    x$fpl$printf2       fz_ws.l(printf2.o)
    0x00006630   0x00000064   Code   RO         1899    x$fpl$retnan        fz_ws.l(retnan.o)
    0x00006694   0x0000005c   Code   RO         1880    x$fpl$scalbn        fz_ws.l(scalbn.o)
    0x000066f0   0x00000004   Code   RO         1749    x$fpl$scanf1        fz_ws.l(scanf1.o)
    0x000066f4   0x00000008   Code   RO         1840    x$fpl$scanf2        fz_ws.l(scanf2.o)
    0x000066fc   0x00000030   Code   RO         1901    x$fpl$trapveneer    fz_ws.l(trapv.o)
    0x0000672c   0x00000000   Code   RO         1585    x$fpl$usenofp       fz_ws.l(usenofp.o)
    0x0000672c   0x00000017   Data   RO          658    .constdata          retarget.o
    0x00006743   0x00000001   PAD
    0x00006744   0x00000081   Data   RO          727    .constdata          board.o
    0x000067c5   0x00000003   PAD
    0x000067c8   0x000000fd   Data   RO          762    .constdata          mbed.ar(i2c_api.o)
    0x000068c5   0x00000003   PAD
    0x000068c8   0x000002dc   Data   RO          803    .constdata          mbed.ar(serial_api.o)
    0x00006ba4   0x00000081   Data   RO          941    .constdata          mbed.ar(gpio.o)
    0x00006c25   0x00000003   PAD
    0x00006c28   0x0000007c   Data   RO          961    .constdata          mbed.ar(gpio_api.o)
    0x00006ca4   0x00000064   Data   RO          972    .constdata          mbed.ar(pinmap.o)
    0x00006d08   0x00000011   Data   RO         1156    .constdata          c_w.l(__printf_flags_ss_wp.o)
    0x00006d19   0x00000026   Data   RO         1399    .constdata          c_w.l(_printf_fp_hex.o)
    0x00006d3f   0x00000001   PAD
    0x00006d40   0x00000008   Data   RO         1412    .constdata          c_w.l(_printf_wctomb.o)
    0x00006d48   0x00000028   Data   RO         1441    .constdata          c_w.l(_printf_hex_int_ll_ptr.o)
    0x00006d70   0x00000094   Data   RO         1638    .constdata          c_w.l(bigflt0.o)
    0x00006e04   0x00000020   Data   RO         1903    Region$$Table       anon$$obj.o
    0x00006e24   0x00000008   Data   RO         1837    c$$dinf             fz_ws.l(fpconst.o)
    0x00006e2c   0x0000001c   Data   RO         1688    locale$$data        c_w.l(lc_numeric_c.o)
    0x00006e48   0x00000110   Data   RO         1765    locale$$data        c_w.l(lc_ctype_c.o)


    Execution Region RW_IRAM1 (Base: 0x100000c8, Size: 0x00000328, Max: 0x00007f38, ABSOLUTE)

    Base Addr    Size         Type   Attr      Idx    E Section Name        Object

    0x100000c8   0x00000004   Data   RW            5    .data               grove_example.o
    0x100000cc   0x0000002c   Data   RW          320    .data               rpc_server.o
    0x100000f8   0x00000004   Data   RW          719    .data               system_LPC17xx.o
    0x100000fc   0x00000010   Data   RW          804    .data               mbed.ar(serial_api.o)
    0x1000010c   0x00000004   Data   RW          835    .data               mbed.ar(us_ticker.o)
    0x10000110   0x00000004   Data   RW          993    .data               mbed.ar(FileBase.o)
    0x10000114   0x00000008   Data   RW         1030    .data               mbed.ar(us_ticker_api.o)
    0x1000011c   0x00000004   Data   RW         1191    .data               c_w.l(stdio_streams.o)
    0x10000120   0x00000004   Data   RW         1192    .data               c_w.l(stdio_streams.o)
    0x10000124   0x00000004   Data   RW         1193    .data               c_w.l(stdio_streams.o)
    0x10000128   0x00000004   Data   RW         1704    .data               c_w.l(heapauxa.o)
    0x1000012c   0x00000084   Zero   RW          319    .bss                rpc_server.o
    0x100001b0   0x00000040   Zero   RW          657    .bss                retarget.o
    0x100001f0   0x000000e0   Zero   RW          802    .bss                mbed.ar(serial_api.o)
    0x100002d0   0x00000054   Zero   RW         1188    .bss                c_w.l(stdio_streams.o)
    0x10000324   0x00000054   Zero   RW         1189    .bss                c_w.l(stdio_streams.o)
    0x10000378   0x00000054   Zero   RW         1190    .bss                c_w.l(stdio_streams.o)
    0x100003cc   0x00000004   Zero   RW         1356    .bss                c_w.l(rt_heap_descriptor.o)
    0x100003d0   0x00000004   Zero   RW         1361    .bss                c_w.l(rt_new_handler_addr.o)
    0x100003d4   0x00000004   Zero   RW         1366    .bss                c_w.l(rt_errno_addr.o)
    0x100003d8   0x00000014   Zero   RW         1611    .bss                c_w.l(rt_locale.o)
    0x100003ec   0x00000004   Zero   RW         1812    .bss                c_w.l(rt_eh_globals_addr.o)


    Execution Region RW_IRAM2 (Base: 0x2007c000, Size: 0x00000000, Max: 0x00004000, ABSOLUTE)

    **** No section assigned to this execution region ****


    Execution Region RW_IRAM3 (Base: 0x20080000, Size: 0x00000000, Max: 0x00004000, ABSOLUTE)

    **** No section assigned to this execution region ****


    Execution Region RW_IRAM4 (Base: 0x40038000, Size: 0x00000000, Max: 0x00000800, ABSOLUTE)

    **** No section assigned to this execution region ****


==============================================================================

Image component sizes


      Code (inc. data)   RO Data    RW Data    ZI Data      Debug   Object Name

       264         22        129          0          0         76   board.o
       108          6          0          0          0         84   cmsis_nvic.o
       244         32          0          4          0      36734   grove_example.o
       216          0          0          0          0       6526   grove_example_class.o
       468         14          0          0          0       5200   grove_example_gen.o
        44         18          0          0          0        367   main.o
       738         96         23          0         64        840   retarget.o
      2276        394          0         44        132       6514   rpc_server.o
       360        138          0          0          0       1916   rpc_server_registration.o
       436         92          0          0          0       2553   rpc_stream.o
        40         12        196          0          0        228   startup_LPC17xx.o
        16          6          0          0          0         68   sys.o
       160         10          0          4          0         68   system_LPC17xx.o
         4          0          0          0          0        457   user_main.o

    ----------------------------------------------------------------------
      5374        840        384         52        196      61631   Object Totals
         0          0         32          0          0          0   (incl. Generated)
         0          0          4          0          0          0   (incl. Padding)

    ----------------------------------------------------------------------

      Code (inc. data)   RO Data    RW Data    ZI Data      Debug   Library Member Name

        60          8          0          0          0         84   __0sscanf.o
        20          0          0          0          0         84   __2fprintf.o
        24          4          0          0          0         84   __2printf.o
        44          6          0          0          0         84   __2sprintf.o
         8          0          0          0          0         68   __main.o
       396          6         17          0          0         92   __printf_flags_ss_wp.o
        14          0          0          0          0         68   __printf_wp.o
        52          8          0          0          0          0   __scatter.o
        26          0          0          0          0          0   __scatter_copy.o
        28          0          0          0          0          0   __scatter_zi.o
        28          0          0          0          0         68   _chval.o
         6          0          0          0          0          0   _printf_a.o
         6          0          0          0          0          0   _printf_c.o
        44          0          0          0          0        108   _printf_char.o
        48          6          0          0          0         96   _printf_char_common.o
        36          4          0          0          0         80   _printf_char_file.o
        42          0          0          0          0         68   _printf_charcount.o
         6          0          0          0          0          0   _printf_d.o
       120         18          0          0          0         92   _printf_dec.o
         6          0          0          0          0          0   _printf_e.o
         6          0          0          0          0          0   _printf_f.o
      1056          0          0          0          0        216   _printf_fp_dec.o
       768          8         38          0          0        100   _printf_fp_hex.o
       128         16          0          0          0         84   _printf_fp_infnan.o
         6          0          0          0          0          0   _printf_g.o
       156          6         40          0          0        160   _printf_hex_int_ll_ptr.o
         6          0          0          0          0          0   _printf_i.o
       184          0          0          0          0         88   _printf_intcommon.o
        10          0          0          0          0          0   _printf_l.o
         6          0          0          0          0          0   _printf_lc.o
        10          0          0          0          0          0   _printf_ll.o
         6          0          0          0          0          0   _printf_lld.o
         6          0          0          0          0          0   _printf_lli.o
         6          0          0          0          0          0   _printf_llo.o
         6          0          0          0          0          0   _printf_llu.o
         6          0          0          0          0          0   _printf_llx.o
       120         16          0          0          0         92   _printf_longlong_dec.o
         6          0          0          0          0          0   _printf_ls.o
         6          0          0          0          0          0   _printf_n.o
         6          0          0          0          0          0   _printf_o.o
       120          8          0          0          0        124   _printf_oct_int_ll.o
         6          0          0          0          0          0   _printf_p.o
        82          0          0          0          0        108   _printf_pad.o
         0          0          0          0          0          0   _printf_percent.o
         4          0          0          0          0          0   _printf_percent_end.o
         6          0          0          0          0          0   _printf_s.o
        82          0          0          0          0         80   _printf_str.o
        36          0          0          0          0         84   _printf_truncate.o
         6          0          0          0          0          0   _printf_u.o
        44          0          0          0          0        108   _printf_wchar.o
       188          6          8          0          0         92   _printf_wctomb.o
         6          0          0          0          0          0   _printf_x.o
        22          0          0          0          0        100   _rserrno.o
       880          4          0          0          0        100   _scanf.o
       336          0          0          0          0         96   _scanf_int.o
        64          0          0          0          0         84   _sgetc.o
        10          0          0          0          0         68   _sputc.o
       158          0          0          0          0         92   _strtoul.o
        64          0          0          0          0         92   _wcrtomb.o
        16          0          0          0          0         72   abort.o
        26          0          0          0          0         80   atoi.o
        26          0          0          0          0         80   atol.o
       228          6        148          0          0         96   bigflt0.o
      2074        132          0          0          0        940   btod.o
        48         34          0          0          0         76   defsig_abrt_inner.o
        14          0          0          0          0         80   defsig_abrt_outer.o
        10          0          0          0          0         68   defsig_exit.o
        50          0          0          0          0         88   defsig_general.o
        80         58          0          0          0         76   defsig_rtmem_inner.o
        14          0          0          0          0         80   defsig_rtmem_outer.o
        52         38          0          0          0         76   defsig_rtred_inner.o
        14          0          0          0          0         80   defsig_rtred_outer.o
        76          0          0          0          0         88   fclose.o
         8          0          0          0          0         68   ferror.o
       100          4          0          0          0        120   fflush.o
        24          0          0          0          0         68   fgetc.o
       576          0          0          0          0        132   filbuf.o
       478          0          0          0          0         88   flsbuf.o
        56          6          0          0          0         80   flushlinebuffered.o
       236          4          0          0          0        128   fopen.o
        26          0          0          0          0         68   fputc.o
       248          6          0          0          0         84   fseek.o
        70          0          0          0          0         76   ftell.o
         4          0          0          0          0         68   getc.o
        94          0          0          0          0         80   h1_alloc.o
        52          0          0          0          0         68   h1_extend.o
        78          0          0          0          0         80   h1_free.o
        14          0          0          0          0         84   h1_init.o
        80          6          0          4          0         96   heapauxa.o
         4          0          0          0          0        136   hguard.o
         0          0          0          0          0          0   indicate_semi.o
       138          0          0          0          0        168   init_alloc.o
       312         46          0          0          0        112   initio.o
        18          0          0          0          0         76   isspace.o
        44         10        272          0          0         76   lc_ctype_c.o
        44         10         28          0          0         76   lc_numeric_c.o
         2          0          0          0          0          0   libinit.o
        42          0          0          0          0          0   libinit2.o
         0          0          0          0          0          0   libshutdown2.o
        38          0          0          0          0         68   llshl.o
       138          0          0          0          0         80   lludiv10.o
         0          0          0          0          0          0   maybetermalloc1.o
        88          0          0          0          0         76   memcmp.o
         4          0          0          0          0         68   putc.o
        16          4          0          0          0         76   rt_ctype_table.o
         8          4          0          0          4         68   rt_eh_globals_addr.o
         8          4          0          0          4         68   rt_errno_addr.o
         8          4          0          0          4         68   rt_heap_descriptor.o
         8          4          0          0         20         68   rt_locale.o
        78          0          0          0          0         80   rt_memclr_w.o
       138          0          0          0          0         68   rt_memcpy_v6.o
       100          0          0          0          0         80   rt_memcpy_w.o
       122          0          0          0          0         80   rt_memmove_w.o
         8          4          0          0          4         68   rt_new_handler_addr.o
         0          0          0          0          0          0   rtentry.o
        12          0          0          0          0          0   rtentry2.o
         6          0          0          0          0          0   rtentry4.o
        44          8          0          0          0         84   scanf_char.o
      1188         12          0          0          0        148   scanf_fp.o
       788         12          0          0          0        100   scanf_hexfp.o
       316         18          0          0          0        100   scanf_infnan.o
        70          0          0          0          0         80   setvbuf.o
       240          6          0          0          0        156   stdio.o
         0          0          0         12        252          0   stdio_streams.o
       128          0          0          0          0         68   strcmpv7m.o
        62          0          0          0          0         76   strlen.o
       150          0          0          0          0         80   strncmp.o
       160         12          0          0          0        120   strtod.o
       112          0          0          0          0         88   strtol.o
        12          4          0          0          0         68   sys_exit.o
        14          0          0          0          0         76   sys_wrch.o
         2          0          0          0          0         68   use_no_semi.o
        10          0          0          0          0         68   vfprintf.o
        80         12          0          0          0        104   arm_exceptions_globs.o
        60          0          0          0          0        108   arm_exceptions_mem.o
        26          0          0          0          0         76   arm_exceptions_terminate.o
         4          0          0          0          0         68   arm_newhandler_noexceptions.o
        40          6          0          0          0         76   new.o
        98          4          0          0          0         92   d2f.o
        16          4          0          0          0         68   dcheck1.o
        24          0          0          0          0         68   dcmpi.o
       120          4          0          0          0         92   deqf.o
       120          4          0          0          0         92   dleqf.o
       156          4          0          0          0         92   dnaninf.o
        12          0          0          0          0         68   dretinf.o
       108          0          0          0          0         80   drleqf.o
        86          4          0          0          0         84   f2d.o
       140          4          0          0          0         84   fnaninf.o
         0          0          8          0          0          0   fpconst.o
        10          0          0          0          0         68   fretinf.o
         4          0          0          0          0         68   printf1.o
         4          0          0          0          0         68   printf2.o
       100          0          0          0          0         68   retnan.o
        92          0          0          0          0         68   scalbn.o
         4          0          0          0          0         68   scanf1.o
         8          0          0          0          0         84   scanf2.o
        48          0          0          0          0         68   trapv.o
         0          0          0          0          0          0   usenofp.o
        42          0          0          0          0         84   atof.o
        16          6          0          0          0         68   dunder.o
        40          0          0          0          0         68   fpclassify.o
        88          8          0          0          0         76   frexp.o
       148          0          0          0          0        160   ldexp.o
       152          4          0          0          0        160   narrow.o
        60          6          0          4          0        148   FileBase.o
       154          0          0          0          0        440   FilePath.o
        80         56          0          0          0         80   assert.o
        24          4          0          0          0         80   error.o
       186         12        129          0          0        268   gpio.o
       142         28        124          0          0        228   gpio_api.o
       600         60        253          0          0        320   i2c_api.o
       224         58        100          0          0        160   pinmap.o
       254         76          0          0          0        308   pinmap_common.o
      1808        176        732         16        224        996   serial_api.o
       144         38          0          4          0        280   us_ticker.o
        64          4          0          8          0         88   us_ticker_api.o
        28          0          0          0          0         80   wait_api.o

    ----------------------------------------------------------------------
     20842       1164       1904         48        512      15356   Library Totals
        44          2          7          0          0          0   (incl. Padding)

    ----------------------------------------------------------------------

      Code (inc. data)   RO Data    RW Data    ZI Data      Debug   Library Name

     15184        580        551         16        288       9452   c_w.l
       210         18          0          0          0        432   cpprt_w.l
      1150         28          8          0          0       1380   fz_ws.l
       486         18          0          0          0        616   m_ws.l
      3768        518       1338         32        224       3476   mbed.ar

    ----------------------------------------------------------------------
     20842       1164       1904         48        512      15356   Library Totals

    ----------------------------------------------------------------------

==============================================================================


      Code (inc. data)   RO Data    RW Data    ZI Data      Debug   

     26216       2004       2288        100        708      66535   Grand Totals
     26216       2004       2288        100        708      66535   ELF Image Totals
     26216       2004       2288        100          0          0   ROM Totals

==============================================================================

    Total RO  Size (Code + RO Data)                28504 (  27.84kB)
    Total RW  Size (RW Data + ZI Data)               808 (   0.79kB)
    Total ROM Size (Code + RO Data + RW Data)      28604 (  27.93kB)

==============================================================================

