Archive member included because of file (symbol)

../../mbed/TARGET_LPC1768/TOOLCHAIN_GCC_ARM/libmbed.a(i2c_api.o)
                              grove_example.o (i2c_init)
../../mbed/TARGET_LPC1768/TOOLCHAIN_GCC_ARM/libmbed.a(serial_api.o)
                              suli2.o (serial_getc)
../../mbed/TARGET_LPC1768/TOOLCHAIN_GCC_ARM/libmbed.a(us_ticker.o)
                              suli2.o (us_ticker_read)
../../mbed/TARGET_LPC1768/TOOLCHAIN_GCC_ARM/libmbed.a(FilePath.o)
                              ../../mbed/TARGET_LPC1768/TOOLCHAIN_GCC_ARM/retarget.o (mbed::FilePath::FilePath(char const*))
../../mbed/TARGET_LPC1768/TOOLCHAIN_GCC_ARM/libmbed.a(FileSystemLike.o)
                              ../../mbed/TARGET_LPC1768/TOOLCHAIN_GCC_ARM/retarget.o (mbed::FileSystemLike::opendir())
../../mbed/TARGET_LPC1768/TOOLCHAIN_GCC_ARM/libmbed.a(assert.o)
                              ../../mbed/TARGET_LPC1768/TOOLCHAIN_GCC_ARM/board.o (mbed_assert_internal)
../../mbed/TARGET_LPC1768/TOOLCHAIN_GCC_ARM/libmbed.a(error.o)
                              ../../mbed/TARGET_LPC1768/TOOLCHAIN_GCC_ARM/retarget.o (error)
../../mbed/TARGET_LPC1768/TOOLCHAIN_GCC_ARM/libmbed.a(mbed_interface.o)
                              ../../mbed/TARGET_LPC1768/TOOLCHAIN_GCC_ARM/retarget.o (mbed_interface_connected)
../../mbed/TARGET_LPC1768/TOOLCHAIN_GCC_ARM/libmbed.a(gpio.o)
                              ../../mbed/TARGET_LPC1768/TOOLCHAIN_GCC_ARM/libmbed.a(serial_api.o) (gpio_init_in)
../../mbed/TARGET_LPC1768/TOOLCHAIN_GCC_ARM/libmbed.a(pinmap_common.o)
                              ../../mbed/TARGET_LPC1768/TOOLCHAIN_GCC_ARM/libmbed.a(i2c_api.o) (pinmap_pinout)
../../mbed/TARGET_LPC1768/TOOLCHAIN_GCC_ARM/libmbed.a(semihost_api.o)
                              ../../mbed/TARGET_LPC1768/TOOLCHAIN_GCC_ARM/retarget.o (semihost_exit)
../../mbed/TARGET_LPC1768/TOOLCHAIN_GCC_ARM/libmbed.a(us_ticker_api.o)
                              ../../mbed/TARGET_LPC1768/TOOLCHAIN_GCC_ARM/libmbed.a(us_ticker.o) (us_ticker_irq_handler)
../../mbed/TARGET_LPC1768/TOOLCHAIN_GCC_ARM/libmbed.a(wait_api.o)
                              ../../mbed/TARGET_LPC1768/TOOLCHAIN_GCC_ARM/board.o (wait_ms)
../../mbed/TARGET_LPC1768/TOOLCHAIN_GCC_ARM/libmbed.a(gpio_api.o)
                              ../../mbed/TARGET_LPC1768/TOOLCHAIN_GCC_ARM/libmbed.a(gpio.o) (gpio_init)
../../mbed/TARGET_LPC1768/TOOLCHAIN_GCC_ARM/libmbed.a(pinmap.o)
                              ../../mbed/TARGET_LPC1768/TOOLCHAIN_GCC_ARM/libmbed.a(pinmap_common.o) (pin_function)
../../mbed/TARGET_LPC1768/TOOLCHAIN_GCC_ARM/libmbed.a(FileBase.o)
                              ../../mbed/TARGET_LPC1768/TOOLCHAIN_GCC_ARM/libmbed.a(FileSystemLike.o) (mbed::FileBase::~FileBase())
/Developer/Tools/gcc-arm-none-eabi-4_9-2015q1/bin/../lib/gcc/arm-none-eabi/4.9.3/../../../../arm-none-eabi/lib/armv7-m/libstdc++_nano.a(del_op.o)
                              ../../mbed/TARGET_LPC1768/TOOLCHAIN_GCC_ARM/retarget.o (operator delete(void*))
/Developer/Tools/gcc-arm-none-eabi-4_9-2015q1/bin/../lib/gcc/arm-none-eabi/4.9.3/../../../../arm-none-eabi/lib/armv7-m/libstdc++_nano.a(new_op.o)
                              rpc_server_registration.o (operator new(unsigned int))
/Developer/Tools/gcc-arm-none-eabi-4_9-2015q1/bin/../lib/gcc/arm-none-eabi/4.9.3/../../../../arm-none-eabi/lib/armv7-m/libstdc++_nano.a(new_handler.o)
                              /Developer/Tools/gcc-arm-none-eabi-4_9-2015q1/bin/../lib/gcc/arm-none-eabi/4.9.3/../../../../arm-none-eabi/lib/armv7-m/libstdc++_nano.a(new_op.o) (std::get_new_handler())
/Developer/Tools/gcc-arm-none-eabi-4_9-2015q1/bin/../lib/gcc/arm-none-eabi/4.9.3/../../../../arm-none-eabi/lib/armv7-m/libc_nano.a(lib_a-abort.o)
                              /Developer/Tools/gcc-arm-none-eabi-4_9-2015q1/bin/../lib/gcc/arm-none-eabi/4.9.3/../../../../arm-none-eabi/lib/armv7-m/libstdc++_nano.a(new_op.o) (abort)
/Developer/Tools/gcc-arm-none-eabi-4_9-2015q1/bin/../lib/gcc/arm-none-eabi/4.9.3/../../../../arm-none-eabi/lib/armv7-m/libc_nano.a(lib_a-abs.o)
                              ../../mbed/TARGET_LPC1768/TOOLCHAIN_GCC_ARM/libmbed.a(serial_api.o) (abs)
/Developer/Tools/gcc-arm-none-eabi-4_9-2015q1/bin/../lib/gcc/arm-none-eabi/4.9.3/../../../../arm-none-eabi/lib/armv7-m/libc_nano.a(lib_a-atof.o)
                              rpc_server.o (atof)
/Developer/Tools/gcc-arm-none-eabi-4_9-2015q1/bin/../lib/gcc/arm-none-eabi/4.9.3/../../../../arm-none-eabi/lib/armv7-m/libc_nano.a(lib_a-atoi.o)
                              rpc_server.o (atoi)
/Developer/Tools/gcc-arm-none-eabi-4_9-2015q1/bin/../lib/gcc/arm-none-eabi/4.9.3/../../../../arm-none-eabi/lib/armv7-m/libc_nano.a(lib_a-atol.o)
                              rpc_server.o (atol)
/Developer/Tools/gcc-arm-none-eabi-4_9-2015q1/bin/../lib/gcc/arm-none-eabi/4.9.3/../../../../arm-none-eabi/lib/armv7-m/libc_nano.a(lib_a-errno.o)
                              ../../mbed/TARGET_LPC1768/TOOLCHAIN_GCC_ARM/retarget.o (__errno)
[...]
Memory Configuration

Name             Origin             Length             Attributes
FLASH            0x0000000000000000 0x0000000000080000 xr
RAM              0x00000000100000c8 0x0000000000007f38 xrw
USB_RAM          0x000000002007c000 0x0000000000004000 xrw
ETH_RAM          0x0000000020080000 0x0000000000004000 xrw
*default*        0x0000000000000000 0xffffffffffffffff

Linker script and memory map

LOAD /Developer/Tools/gcc-arm-none-eabi-4_9-2015q1/bin/../lib/gcc/arm-none-eabi/4.9.3/armv7-m/crti.o
LOAD /Developer/Tools/gcc-arm-none-eabi-4_9-2015q1/bin/../lib/gcc/arm-none-eabi/4.9.3/armv7-m/crtbegin.o
LOAD /Developer/Tools/gcc-arm-none-eabi-4_9-2015q1/bin/../lib/gcc/arm-none-eabi/4.9.3/../../../../arm-none-eabi/lib/armv7-m/crt0.o
LOAD main.o
LOAD user_main.o
LOAD suli2.o
LOAD rpc_server.o
LOAD rpc_stream.o
LOAD rpc_server_registration.o
LOAD grove_example.o
LOAD grove_example_class.o
LOAD grove_example_gen.o
LOAD ../../mbed/TARGET_LPC1768/TOOLCHAIN_GCC_ARM/cmsis_nvic.o
LOAD ../../mbed/TARGET_LPC1768/TOOLCHAIN_GCC_ARM/system_LPC17xx.o
LOAD ../../mbed/TARGET_LPC1768/TOOLCHAIN_GCC_ARM/board.o
LOAD ../../mbed/TARGET_LPC1768/TOOLCHAIN_GCC_ARM/retarget.o
LOAD ../../mbed/TARGET_LPC1768/TOOLCHAIN_GCC_ARM/startup_LPC17xx.o
LOAD ../../mbed/TARGET_LPC1768/TOOLCHAIN_GCC_ARM/libmbed.a
LOAD /Developer/Tools/gcc-arm-none-eabi-4_9-2015q1/bin/../lib/gcc/arm-none-eabi/4.9.3/../../../../arm-none-eabi/lib/armv7-m/libstdc++_nano.a
LOAD /Developer/Tools/gcc-arm-none-eabi-4_9-2015q1/bin/../lib/gcc/arm-none-eabi/4.9.3/../../../../arm-none-eabi/lib/armv7-m/libsupc++_nano.a
LOAD /Developer/Tools/gcc-arm-none-eabi-4_9-2015q1/bin/../lib/gcc/arm-none-eabi/4.9.3/../../../../arm-none-eabi/lib/armv7-m/libm.a
LOAD /Developer/Tools/gcc-arm-none-eabi-4_9-2015q1/bin/../lib/gcc/arm-none-eabi/4.9.3/../../../../arm-none-eabi/lib/armv7-m/libc_nano.a
LOAD /Developer/Tools/gcc-arm-none-eabi-4_9-2015q1/bin/../lib/gcc/arm-none-eabi/4.9.3/armv7-m/libgcc.a
LOAD /Developer/Tools/gcc-arm-none-eabi-4_9-2015q1/bin/../lib/gcc/arm-none-eabi/4.9.3/../../../../arm-none-eabi/lib/armv7-m/libnosys.a
LOAD ../../mbed/TARGET_LPC1768/TOOLCHAIN_GCC_ARM/libmbed.a
LOAD /Developer/Tools/gcc-arm-none-eabi-4_9-2015q1/bin/../lib/gcc/arm-none-eabi/4.9.3/../../../../arm-none-eabi/lib/armv7-m/libstdc++_nano.a
LOAD /Developer/Tools/gcc-arm-none-eabi-4_9-2015q1/bin/../lib/gcc/arm-none-eabi/4.9.3/../../../../arm-none-eabi/lib/armv7-m/libsupc++_nano.a
LOAD /Developer/Tools/gcc-arm-none-eabi-4_9-2015q1/bin/../lib/gcc/arm-none-eabi/4.9.3/../../../../arm-none-eabi/lib/armv7-m/libm.a
LOAD /Developer/Tools/gcc-arm-none-eabi-4_9-2015q1/bin/../lib/gcc/arm-none-eabi/4.9.3/../../../../arm-none-eabi/lib/armv7-m/libc_nano.a
LOAD /Developer/Tools/gcc-arm-none-eabi-4_9-2015q1/bin/../lib/gcc/arm-none-eabi/4.9.3/armv7-m/libgcc.a
LOAD /Developer/Tools/gcc-arm-none-eabi-4_9-2015q1/bin/../lib/gcc/arm-none-eabi/4.9.3/../../../../arm-none-eabi/lib/armv7-m/libnosys.a
START GROUP
LOAD /Developer/Tools/gcc-arm-none-eabi-4_9-2015q1/bin/../lib/gcc/arm-none-eabi/4.9.3/armv7-m/libgcc.a
LOAD /Developer/Tools/gcc-arm-none-eabi-4_9-2015q1/bin/../lib/gcc/arm-none-eabi/4.9.3/../../../../arm-none-eabi/lib/armv7-m/libc_nano.a
END GROUP
START GROUP
LOAD /Developer/Tools/gcc-arm-none-eabi-4_9-2015q1/bin/../lib/gcc/arm-none-eabi/4.9.3/armv7-m/libgcc.a
LOAD /Developer/Tools/gcc-arm-none-eabi-4_9-2015q1/bin/../lib/gcc/arm-none-eabi/4.9.3/../../../../arm-none-eabi/lib/armv7-m/libc_nano.a
END GROUP
LOAD /Developer/Tools/gcc-arm-none-eabi-4_9-2015q1/bin/../lib/gcc/arm-none-eabi/4.9.3/armv7-m/crtend.o
LOAD /Developer/Tools/gcc-arm-none-eabi-4_9-2015q1/bin/../lib/gcc/arm-none-eabi/4.9.3/armv7-m/crtn.o

.text           0x0000000000000000     0x7e10
 *(.isr_vector)
 .isr_vector    0x0000000000000000       0xcc ../../mbed/TARGET_LPC1768/TOOLCHAIN_GCC_ARM/startup_LPC17xx.o
                0x0000000000000000                __isr_vector
 *(.text*)
 .text          0x00000000000000cc       0x5c /Developer/Tools/gcc-arm-none-eabi-4_9-2015q1/bin/../lib/gcc/arm-none-eabi/4.9.3/armv7-m/crtbegin.o
 .text          0x0000000000000128       0x74 /Developer/Tools/gcc-arm-none-eabi-4_9-2015q1/bin/../lib/gcc/arm-none-eabi/4.9.3/../../../../arm-none-eabi/lib/armv7-m/crt0.o
                0x0000000000000128                _mainCRTStartup
                0x0000000000000128                _start
 .text.startup.main
                0x000000000000019c       0x20 main.o
                0x000000000000019c                main
 .text._Z5setupv
                0x00000000000001bc        0x2 user_main.o
                0x00000000000001bc                setup()
 .text._Z4loopv
                0x00000000000001be        0x2 user_main.o
                0x00000000000001be                loop()
 .text._Z15rpc_server_initv
                0x00000000000001c0       0x44 rpc_server.o
                0x00000000000001c0                rpc_server_init()
 .text._Z26rpc_server_register_methodPcS_12method_dir_tPFvPvS1_ES1_Ph
                0x0000000000000204       0x50 rpc_server.o
                0x0000000000000204                rpc_server_register_method(char*, char*, method_dir_t, void (*)(void*, void*), void*, unsigned char*)
 .text._Z15__find_resourcePcS_i
                0x0000000000000254       0x38 rpc_server.o
                0x0000000000000254                __find_resource(char*, char*, int)
 .text._Z13__convert_argPhPPci
                0x000000000000028c       0x94 rpc_server.o
                0x000000000000028c                __convert_arg(unsigned char*, char**, int)
 .text._Z23rpc_server_event_reportPcm
                0x0000000000000320       0x30 rpc_server.o
                0x0000000000000320                rpc_server_event_report(char*, unsigned long)
 .text._Z26rpc_server_event_queue_popP7event_s
                0x0000000000000350       0x34 rpc_server.o
                0x0000000000000350                rpc_server_event_queue_pop(event_s*)
 .text._Z15rpc_server_loopv
                0x0000000000000384      0x44c rpc_server.o
                0x0000000000000384                rpc_server_loop()
 .text._Z11stream_initv
                0x00000000000007d0        0x2 rpc_stream.o
                0x00000000000007d0                stream_init()
 .text._Z11stream_readv
                0x00000000000007d2       0x10 rpc_stream.o
                0x00000000000007d2                stream_read()
 .text._Z12stream_writec
                0x00000000000007e2        0xe rpc_stream.o
                0x00000000000007e2                stream_write(char)
 .text._Z19stream_write_stringPci
                0x00000000000007f0       0x1c rpc_stream.o
                0x00000000000007f0                stream_write_string(char*, int)
 .text._Z12writer_print6type_tPKvb
                0x000000000000080c       0xb0 rpc_stream.o
                0x000000000000080c                writer_print(type_t, void const*, bool)
 .text._Z17response_msg_openPc
                0x00000000000008bc       0x30 rpc_stream.o
                0x00000000000008bc                response_msg_open(char*)
 .text._Z18response_msg_closev
                0x00000000000008ec        0xc rpc_stream.o
                0x00000000000008ec                response_msg_close()
 .text._Z29rpc_server_register_resourcesv
                0x00000000000008f8      0x120 rpc_server_registration.o
                0x00000000000008f8                rpc_server_register_resources()
 .text._Z18grove_example_initP5i2c_sii
                0x0000000000000a18       0x18 grove_example.o
                0x0000000000000a18                grove_example_init(i2c_s*, int, int)
 .text._Z23grove_example_read_tempP5i2c_sPi
                0x0000000000000a30        0x8 grove_example.o
                0x0000000000000a30                grove_example_read_temp(i2c_s*, int*)
 .text._Z30grove_example_read_uint8_valueP5i2c_sPh
                0x0000000000000a38        0x8 grove_example.o
                0x0000000000000a38                grove_example_read_uint8_value(i2c_s*, unsigned char*)
 .text._Z27grove_example_read_humidityP5i2c_sPf
                0x0000000000000a40        0xc grove_example.o
                0x0000000000000a40                grove_example_read_humidity(i2c_s*, float*)
 .text._Z22grove_example_read_accP5i2c_sPfS1_S1_
                0x0000000000000a4c       0x1c grove_example.o
                0x0000000000000a4c                grove_example_read_acc(i2c_s*, float*, float*, float*)
 .text._Z26grove_example_read_compassP5i2c_sPfS1_S1_Pi
                0x0000000000000a68       0x24 grove_example.o
                0x0000000000000a68                grove_example_read_compass(i2c_s*, float*, float*, float*, int*)
 .text._Z28grove_example_write_acc_modeP5i2c_sh
                0x0000000000000a8c       0x1a grove_example.o
                0x0000000000000a8c                grove_example_write_acc_mode(i2c_s*, unsigned char)
 .text._Z31grove_example_write_float_valueP5i2c_sf
                0x0000000000000aa6        0x4 grove_example.o
                0x0000000000000aa6                grove_example_write_float_value(i2c_s*, float)
 *fill*         0x0000000000000aaa        0x2 
 .text._Z34grove_example_attach_event_handlerPFvPcmE
                0x0000000000000aac        0xc grove_example.o
                0x0000000000000aac                grove_example_attach_event_handler(void (*)(char*, unsigned long))
 .text._Z32_grove_example_internal_functionP5i2c_sf
                0x0000000000000ab8       0x14 grove_example.o
                0x0000000000000ab8                _grove_example_internal_function(i2c_s*, float)
 .text._Z31grove_example_write_multi_valueP5i2c_sifa
                0x0000000000000acc        0xc grove_example.o
                0x0000000000000acc                grove_example_write_multi_value(i2c_s*, int, float, signed char)
 .text._ZN12GroveExampleC2Eii
                0x0000000000000ad8       0x1c grove_example_class.o
                0x0000000000000ad8                GroveExample::GroveExample(int, int)
                0x0000000000000ad8                GroveExample::GroveExample(int, int)
 .text._ZN12GroveExample9read_tempEPi
                0x0000000000000af4        0x6 grove_example_class.o
                0x0000000000000af4                GroveExample::read_temp(int*)
 .text._ZN12GroveExample16read_uint8_valueEPh
                0x0000000000000afa        0x6 grove_example_class.o
                0x0000000000000afa                GroveExample::read_uint8_value(unsigned char*)
 .text._ZN12GroveExample13read_humidityEPf
                0x0000000000000b00        0x6 grove_example_class.o
                0x0000000000000b00                GroveExample::read_humidity(float*)
 .text._ZN12GroveExample8read_accEPfS0_S0_
                0x0000000000000b06        0x6 grove_example_class.o
                0x0000000000000b06                GroveExample::read_acc(float*, float*, float*)
 .text._ZN12GroveExample12read_compassEPfS0_S0_Pi
                0x0000000000000b0c        0x6 grove_example_class.o
                0x0000000000000b0c                GroveExample::read_compass(float*, float*, float*, int*)
 .text._ZN12GroveExample14write_acc_modeEh
                0x0000000000000b12        0x6 grove_example_class.o
                0x0000000000000b12                GroveExample::write_acc_mode(unsigned char)
 .text._ZN12GroveExample17write_float_valueEf
                0x0000000000000b18        0x6 grove_example_class.o
                0x0000000000000b18                GroveExample::write_float_value(float)
 .text._ZN12GroveExample17write_multi_valueEifa
                0x0000000000000b1e        0x6 grove_example_class.o
                0x0000000000000b1e                GroveExample::write_multi_value(int, float, signed char)
 .text._ZN12GroveExample20attach_event_handlerEPFvPcmE
                0x0000000000000b24        0x6 grove_example_class.o
                0x0000000000000b24                GroveExample::attach_event_handler(void (*)(char*, unsigned long))
 *fill*         0x0000000000000b2a        0x2 
 .text._Z25__grove_example_read_tempPvS_
                0x0000000000000b2c       0x28 grove_example_gen.o
                0x0000000000000b2c                __grove_example_read_temp(void*, void*)
 .text._Z29__grove_example_read_humidityPvS_
                0x0000000000000b54       0x28 grove_example_gen.o
                0x0000000000000b54                __grove_example_read_humidity(void*, void*)
 .text._Z24__grove_example_read_accPvS_
                0x0000000000000b7c       0x40 grove_example_gen.o
                0x0000000000000b7c                __grove_example_read_acc(void*, void*)
 .text._Z32__grove_example_read_uint8_valuePvS_
                0x0000000000000bbc       0x2c grove_example_gen.o
                0x0000000000000bbc                __grove_example_read_uint8_value(void*, void*)
 .text._Z28__grove_example_read_compassPvS_
                0x0000000000000be8       0x4c grove_example_gen.o
                0x0000000000000be8                __grove_example_read_compass(void*, void*)
 .text._Z33__grove_example_write_multi_valuePvS_
                0x0000000000000c34       0x30 grove_example_gen.o
                0x0000000000000c34                __grove_example_write_multi_value(void*, void*)
 .text._Z30__grove_example_write_acc_modePvS_
                0x0000000000000c64       0x28 grove_example_gen.o
                0x0000000000000c64                __grove_example_write_acc_mode(void*, void*)
 .text._Z33__grove_example_write_float_valuePvS_
                0x0000000000000c8c       0x28 grove_example_gen.o
                0x0000000000000c8c                __grove_example_write_float_value(void*, void*)
 .text.NVIC_SetVector
                0x0000000000000cb4       0x3c ../../mbed/TARGET_LPC1768/TOOLCHAIN_GCC_ARM/cmsis_nvic.o
                0x0000000000000cb4                NVIC_SetVector
 .text.SystemInit
                0x0000000000000cf0       0xb8 ../../mbed/TARGET_LPC1768/TOOLCHAIN_GCC_ARM/system_LPC17xx.o
                0x0000000000000cf0                SystemInit
 .text.mbed_die
                0x0000000000000da8      0x10c ../../mbed/TARGET_LPC1768/TOOLCHAIN_GCC_ARM/board.o
                0x0000000000000da8                mbed_die
 .text._ZL11init_serialv.part.0
                0x0000000000000eb4       0x18 ../../mbed/TARGET_LPC1768/TOOLCHAIN_GCC_ARM/retarget.o
 .text._close   0x0000000000000ecc       0x2c ../../mbed/TARGET_LPC1768/TOOLCHAIN_GCC_ARM/retarget.o
                0x0000000000000ecc                _close
 .text._write   0x0000000000000ef8       0x50 ../../mbed/TARGET_LPC1768/TOOLCHAIN_GCC_ARM/retarget.o
                0x0000000000000ef8                _write
 .text._read    0x0000000000000f48       0x4c ../../mbed/TARGET_LPC1768/TOOLCHAIN_GCC_ARM/retarget.o
                0x0000000000000f48                _read
 .text._isatty  0x0000000000000f94       0x28 ../../mbed/TARGET_LPC1768/TOOLCHAIN_GCC_ARM/retarget.o
                0x0000000000000f94                _isatty
 .text._lseek   0x0000000000000fbc       0x28 ../../mbed/TARGET_LPC1768/TOOLCHAIN_GCC_ARM/retarget.o
                0x0000000000000fbc                _lseek
 .text._fstat   0x0000000000000fe4       0x20 ../../mbed/TARGET_LPC1768/TOOLCHAIN_GCC_ARM/retarget.o
                0x0000000000000fe4                _fstat
 .text.mbed_main
                0x0000000000001004        0x4 ../../mbed/TARGET_LPC1768/TOOLCHAIN_GCC_ARM/retarget.o
                0x0000000000001004                mbed_main
 .text.mbed_sdk_init
                0x0000000000001008        0x4 ../../mbed/TARGET_LPC1768/TOOLCHAIN_GCC_ARM/retarget.o
                0x0000000000001008                mbed_sdk_init
 .text.__wrap_main
                0x000000000000100c       0x14 ../../mbed/TARGET_LPC1768/TOOLCHAIN_GCC_ARM/retarget.o
                0x000000000000100c                __wrap_main
 .text._sbrk    0x0000000000001020       0x28 ../../mbed/TARGET_LPC1768/TOOLCHAIN_GCC_ARM/retarget.o
                0x0000000000001020                _sbrk
 .text._exit    0x0000000000001048       0x30 ../../mbed/TARGET_LPC1768/TOOLCHAIN_GCC_ARM/retarget.o
                0x0000000000001048                _exit
 .text          0x0000000000001078       0x44 ../../mbed/TARGET_LPC1768/TOOLCHAIN_GCC_ARM/startup_LPC17xx.o
                0x0000000000001078                Reset_Handler
                0x00000000000010a8                NMI_Handler
                0x00000000000010aa                HardFault_Handler
                0x00000000000010ac                MemManage_Handler
                0x00000000000010ae                BusFault_Handler
                0x00000000000010b0                UsageFault_Handler
                0x00000000000010b2                SVC_Handler
                0x00000000000010b4                DebugMon_Handler
                0x00000000000010b6                PendSV_Handler
                0x00000000000010b8                SysTick_Handler
                0x00000000000010ba                TIMER3_IRQHandler
                0x00000000000010ba                UART0_IRQHandler
                0x00000000000010ba                PLL0_IRQHandler
                0x00000000000010ba                CAN_IRQHandler
                0x00000000000010ba                PLL1_IRQHandler
                0x00000000000010ba                SSP0_IRQHandler
                0x00000000000010ba                I2S_IRQHandler
                0x00000000000010ba                I2C2_IRQHandler
                0x00000000000010ba                RTC_IRQHandler
                0x00000000000010ba                TIMER0_IRQHandler
                0x00000000000010ba                SPI_IRQHandler
                0x00000000000010ba                EINT1_IRQHandler
                0x00000000000010ba                TIMER1_IRQHandler
                0x00000000000010ba                UART2_IRQHandler
                0x00000000000010ba                Default_Handler
                0x00000000000010ba                ADC_IRQHandler
                0x00000000000010ba                SSP1_IRQHandler
                0x00000000000010ba                USB_IRQHandler
                0x00000000000010ba                BOD_IRQHandler
                0x00000000000010ba                WDT_IRQHandler
                0x00000000000010ba                QEI_IRQHandler
                0x00000000000010ba                EINT0_IRQHandler
                0x00000000000010ba                DEF_IRQHandler
                0x00000000000010ba                DMA_IRQHandler
                0x00000000000010ba                UART3_IRQHandler
                0x00000000000010ba                MCPWM_IRQHandler
                0x00000000000010ba                TIMER2_IRQHandler
                0x00000000000010ba                ENET_IRQHandler
                0x00000000000010ba                RIT_IRQHandler
                0x00000000000010ba                I2C0_IRQHandler
                0x00000000000010ba                USBActivity_IRQHandler
                0x00000000000010ba                PWM1_IRQHandler
                0x00000000000010ba                I2C1_IRQHandler
                0x00000000000010ba                EINT2_IRQHandler
                0x00000000000010ba                UART1_IRQHandler
                0x00000000000010ba                EINT3_IRQHandler
                0x00000000000010ba                CANActivity_IRQHandler
 .text.i2c_init
                0x00000000000010bc       0xd0 ../../mbed/TARGET_LPC1768/TOOLCHAIN_GCC_ARM/libmbed.a(i2c_api.o)
                0x00000000000010bc                i2c_init
 .text.i2c_frequency
                0x000000000000118c       0x18 ../../mbed/TARGET_LPC1768/TOOLCHAIN_GCC_ARM/libmbed.a(i2c_api.o)
                0x000000000000118c                i2c_frequency
 .text.i2c_write
                0x00000000000011a4       0xe4 ../../mbed/TARGET_LPC1768/TOOLCHAIN_GCC_ARM/libmbed.a(i2c_api.o)
                0x00000000000011a4                i2c_write
 .text.uart2_irq
                0x0000000000001288       0x64 ../../mbed/TARGET_LPC1768/TOOLCHAIN_GCC_ARM/libmbed.a(serial_api.o)
                0x0000000000001288                uart2_irq
 .text.serial_irq_set_internal
                0x00000000000012ec       0xcc ../../mbed/TARGET_LPC1768/TOOLCHAIN_GCC_ARM/libmbed.a(serial_api.o)
 .text.uart0_irq
                0x00000000000013b8       0x64 ../../mbed/TARGET_LPC1768/TOOLCHAIN_GCC_ARM/libmbed.a(serial_api.o)
                0x00000000000013b8                uart0_irq
 .text.uart3_irq
                0x000000000000141c       0x6c ../../mbed/TARGET_LPC1768/TOOLCHAIN_GCC_ARM/libmbed.a(serial_api.o)
                0x000000000000141c                uart3_irq
 .text.uart1_irq
                0x0000000000001488       0x64 ../../mbed/TARGET_LPC1768/TOOLCHAIN_GCC_ARM/libmbed.a(serial_api.o)
                0x0000000000001488                uart1_irq
 .text.serial_baud
                0x00000000000014ec      0x244 ../../mbed/TARGET_LPC1768/TOOLCHAIN_GCC_ARM/libmbed.a(serial_api.o)
                0x00000000000014ec                serial_baud
 .text.serial_format
                0x0000000000001730       0x78 ../../mbed/TARGET_LPC1768/TOOLCHAIN_GCC_ARM/libmbed.a(serial_api.o)
                0x0000000000001730                serial_format
 .text.serial_getc
                0x00000000000017a8       0x38 ../../mbed/TARGET_LPC1768/TOOLCHAIN_GCC_ARM/libmbed.a(serial_api.o)
                0x00000000000017a8                serial_getc
 .text.serial_writable
                0x00000000000017e0       0x74 ../../mbed/TARGET_LPC1768/TOOLCHAIN_GCC_ARM/libmbed.a(serial_api.o)
                0x00000000000017e0                serial_writable
 .text.serial_putc
                0x0000000000001854       0x34 ../../mbed/TARGET_LPC1768/TOOLCHAIN_GCC_ARM/libmbed.a(serial_api.o)
                0x0000000000001854                serial_putc
 .text.serial_set_flow_control
                0x0000000000001888      0x12c ../../mbed/TARGET_LPC1768/TOOLCHAIN_GCC_ARM/libmbed.a(serial_api.o)
                0x0000000000001888                serial_set_flow_control
 .text.serial_init
                0x00000000000019b4      0x1bc ../../mbed/TARGET_LPC1768/TOOLCHAIN_GCC_ARM/libmbed.a(serial_api.o)
                0x00000000000019b4                serial_init
 .text.us_ticker_init
                0x0000000000001b70       0x68 ../../mbed/TARGET_LPC1768/TOOLCHAIN_GCC_ARM/libmbed.a(us_ticker.o)
                0x0000000000001b70                us_ticker_init
 .text.us_ticker_read
                0x0000000000001bd8       0x1c ../../mbed/TARGET_LPC1768/TOOLCHAIN_GCC_ARM/libmbed.a(us_ticker.o)
                0x0000000000001bd8                us_ticker_read
 .text.us_ticker_set_interrupt
                0x0000000000001bf4       0x14 ../../mbed/TARGET_LPC1768/TOOLCHAIN_GCC_ARM/libmbed.a(us_ticker.o)
                0x0000000000001bf4                us_ticker_set_interrupt
 .text.us_ticker_disable_interrupt
                0x0000000000001c08       0x10 ../../mbed/TARGET_LPC1768/TOOLCHAIN_GCC_ARM/libmbed.a(us_ticker.o)
                0x0000000000001c08                us_ticker_disable_interrupt
 .text.us_ticker_clear_interrupt
                0x0000000000001c18        0xc ../../mbed/TARGET_LPC1768/TOOLCHAIN_GCC_ARM/libmbed.a(us_ticker.o)
                0x0000000000001c18                us_ticker_clear_interrupt
 .text.mbed_assert_internal
                0x0000000000001c24       0x2c ../../mbed/TARGET_LPC1768/TOOLCHAIN_GCC_ARM/libmbed.a(assert.o)
                0x0000000000001c24                mbed_assert_internal
 .text.error    0x0000000000001c50       0x24 ../../mbed/TARGET_LPC1768/TOOLCHAIN_GCC_ARM/libmbed.a(error.o)
                0x0000000000001c50                error
 .text.mbed_interface_connected
                0x0000000000001c74        0x4 ../../mbed/TARGET_LPC1768/TOOLCHAIN_GCC_ARM/libmbed.a(mbed_interface.o)
                0x0000000000001c74                mbed_interface_connected
 .text.gpio_init_in
                0x0000000000001c78       0x24 ../../mbed/TARGET_LPC1768/TOOLCHAIN_GCC_ARM/libmbed.a(gpio.o)
                0x0000000000001c78                gpio_init_in
 .text.gpio_init_out
                0x0000000000001c9c       0x44 ../../mbed/TARGET_LPC1768/TOOLCHAIN_GCC_ARM/libmbed.a(gpio.o)
                0x0000000000001c9c                gpio_init_out
 .text.gpio_init_out_ex
                0x0000000000001ce0       0x54 ../../mbed/TARGET_LPC1768/TOOLCHAIN_GCC_ARM/libmbed.a(gpio.o)
                0x0000000000001ce0                gpio_init_out_ex
 .text.pinmap_pinout
                0x0000000000001d34       0x40 ../../mbed/TARGET_LPC1768/TOOLCHAIN_GCC_ARM/libmbed.a(pinmap_common.o)
                0x0000000000001d34                pinmap_pinout
 .text.pinmap_merge
                0x0000000000001d74       0x24 ../../mbed/TARGET_LPC1768/TOOLCHAIN_GCC_ARM/libmbed.a(pinmap_common.o)
                0x0000000000001d74                pinmap_merge
 .text.pinmap_find_peripheral
                0x0000000000001d98       0x1c ../../mbed/TARGET_LPC1768/TOOLCHAIN_GCC_ARM/libmbed.a(pinmap_common.o)
                0x0000000000001d98                pinmap_find_peripheral
 .text.pinmap_peripheral
                0x0000000000001db4       0x34 ../../mbed/TARGET_LPC1768/TOOLCHAIN_GCC_ARM/libmbed.a(pinmap_common.o)
                0x0000000000001db4                pinmap_peripheral
 .text.semihost_exit
                0x0000000000001de8       0x18 ../../mbed/TARGET_LPC1768/TOOLCHAIN_GCC_ARM/libmbed.a(semihost_api.o)
                0x0000000000001de8                semihost_exit
 .text.semihost_connected
                0x0000000000001e00       0x10 ../../mbed/TARGET_LPC1768/TOOLCHAIN_GCC_ARM/libmbed.a(semihost_api.o)
                0x0000000000001e00                semihost_connected
 .text.us_ticker_irq_handler
                0x0000000000001e10       0x48 ../../mbed/TARGET_LPC1768/TOOLCHAIN_GCC_ARM/libmbed.a(us_ticker_api.o)
                0x0000000000001e10                us_ticker_irq_handler
 .text.wait_us  0x0000000000001e58       0x18 ../../mbed/TARGET_LPC1768/TOOLCHAIN_GCC_ARM/libmbed.a(wait_api.o)
                0x0000000000001e58                wait_us
 .text.wait_ms  0x0000000000001e70        0xc ../../mbed/TARGET_LPC1768/TOOLCHAIN_GCC_ARM/libmbed.a(wait_api.o)
                0x0000000000001e70                wait_ms
 .text.gpio_set
                0x0000000000001e7c       0x30 ../../mbed/TARGET_LPC1768/TOOLCHAIN_GCC_ARM/libmbed.a(gpio_api.o)
                0x0000000000001e7c                gpio_set
 .text.gpio_init
                0x0000000000001eac       0x30 ../../mbed/TARGET_LPC1768/TOOLCHAIN_GCC_ARM/libmbed.a(gpio_api.o)
                0x0000000000001eac                gpio_init
 .text.gpio_mode
                0x0000000000001edc        0x8 ../../mbed/TARGET_LPC1768/TOOLCHAIN_GCC_ARM/libmbed.a(gpio_api.o)
                0x0000000000001edc                gpio_mode
 .text.gpio_dir
                0x0000000000001ee4       0x44 ../../mbed/TARGET_LPC1768/TOOLCHAIN_GCC_ARM/libmbed.a(gpio_api.o)
                0x0000000000001ee4                gpio_dir
 .text.pin_function
                0x0000000000001f28       0x50 ../../mbed/TARGET_LPC1768/TOOLCHAIN_GCC_ARM/libmbed.a(pinmap.o)
                0x0000000000001f28                pin_function
 .text.pin_mode
                0x0000000000001f78       0x78 ../../mbed/TARGET_LPC1768/TOOLCHAIN_GCC_ARM/libmbed.a(pinmap.o)
                0x0000000000001f78                pin_mode
 .text._Znwj    0x0000000000001ff0       0x22 /Developer/Tools/gcc-arm-none-eabi-4_9-2015q1/bin/../lib/gcc/arm-none-eabi/4.9.3/../../../../arm-none-eabi/lib/armv7-m/libstdc++_nano.a(new_op.o)
                0x0000000000001ff0                operator new(unsigned int)
 *fill*         0x0000000000002012        0x2 
 .text._ZSt15get_new_handlerv
                0x0000000000002014       0x10 /Developer/Tools/gcc-arm-none-eabi-4_9-2015q1/bin/../lib/gcc/arm-none-eabi/4.9.3/../../../../arm-none-eabi/lib/armv7-m/libstdc++_nano.a(new_handler.o)
                0x0000000000002014                std::get_new_handler()
 .text.abort    0x0000000000002024        0xe /Developer/Tools/gcc-arm-none-eabi-4_9-2015q1/bin/../lib/gcc/arm-none-eabi/4.9.3/../../../../arm-none-eabi/lib/armv7-m/libc_nano.a(lib_a-abort.o)
                0x0000000000002024                abort
 .text.abs      0x0000000000002032        0x8 /Developer/Tools/gcc-arm-none-eabi-4_9-2015q1/bin/../lib/gcc/arm-none-eabi/4.9.3/../../../../arm-none-eabi/lib/armv7-m/libc_nano.a(lib_a-abs.o)
                0x0000000000002032                abs
 .text.atof     0x000000000000203a        0x6 /Developer/Tools/gcc-arm-none-eabi-4_9-2015q1/bin/../lib/gcc/arm-none-eabi/4.9.3/../../../../arm-none-eabi/lib/armv7-m/libc_nano.a(lib_a-atof.o)
                0x000000000000203a                atof
 .text.atoi     0x0000000000002040        0x8 /Developer/Tools/gcc-arm-none-eabi-4_9-2015q1/bin/../lib/gcc/arm-none-eabi/4.9.3/../../../../arm-none-eabi/lib/armv7-m/libc_nano.a(lib_a-atoi.o)
                0x0000000000002040                atoi
 .text.atol     0x0000000000002048        0x8 /Developer/Tools/gcc-arm-none-eabi-4_9-2015q1/bin/../lib/gcc/arm-none-eabi/4.9.3/../../../../arm-none-eabi/lib/armv7-m/libc_nano.a(lib_a-atol.o)
                0x0000000000002048                atol
 .text.__errno  0x0000000000002050        0xc /Developer/Tools/gcc-arm-none-eabi-4_9-2015q1/bin/../lib/gcc/arm-none-eabi/4.9.3/../../../../arm-none-eabi/lib/armv7-m/libc_nano.a(lib_a-errno.o)
                0x0000000000002050                __errno
 .text.exit     0x000000000000205c       0x28 /Developer/Tools/gcc-arm-none-eabi-4_9-2015q1/bin/../lib/gcc/arm-none-eabi/4.9.3/../../../../arm-none-eabi/lib/armv7-m/libc_nano.a(lib_a-exit.o)
                0x000000000000205c                exit
 .text.__sflush_r
                0x0000000000002084      0x106 /Developer/Tools/gcc-arm-none-eabi-4_9-2015q1/bin/../lib/gcc/arm-none-eabi/4.9.3/../../../../arm-none-eabi/lib/armv7-m/libc_nano.a(lib_a-fflush.o)
                0x0000000000002084                __sflush_r
 *fill*         0x000000000000218a        0x2 
 .text._fflush_r
                0x000000000000218c       0x54 /Developer/Tools/gcc-arm-none-eabi-4_9-2015q1/bin/../lib/gcc/arm-none-eabi/4.9.3/../../../../arm-none-eabi/lib/armv7-m/libc_nano.a(lib_a-fflush.o)
                0x000000000000218c                _fflush_r
 .text.fflush   0x00000000000021e0       0x24 /Developer/Tools/gcc-arm-none-eabi-4_9-2015q1/bin/../lib/gcc/arm-none-eabi/4.9.3/../../../../arm-none-eabi/lib/armv7-m/libc_nano.a(lib_a-fflush.o)
                0x00000000000021e0                fflush
 .text._cleanup_r
                0x0000000000002204        0xc /Developer/Tools/gcc-arm-none-eabi-4_9-2015q1/bin/../lib/gcc/arm-none-eabi/4.9.3/../../../../arm-none-eabi/lib/armv7-m/libc_nano.a(lib_a-findfp.o)
                0x0000000000002204                _cleanup_r
 .text.std.isra.0
                0x0000000000002210       0x48 /Developer/Tools/gcc-arm-none-eabi-4_9-2015q1/bin/../lib/gcc/arm-none-eabi/4.9.3/../../../../arm-none-eabi/lib/armv7-m/libc_nano.a(lib_a-findfp.o)
 .text.__sfmoreglue
                0x0000000000002258       0x2c /Developer/Tools/gcc-arm-none-eabi-4_9-2015q1/bin/../lib/gcc/arm-none-eabi/4.9.3/../../../../arm-none-eabi/lib/armv7-m/libc_nano.a(lib_a-findfp.o)
                0x0000000000002258                __sfmoreglue
 .text.__sinit  0x0000000000002284       0x60 /Developer/Tools/gcc-arm-none-eabi-4_9-2015q1/bin/../lib/gcc/arm-none-eabi/4.9.3/../../../../arm-none-eabi/lib/armv7-m/libc_nano.a(lib_a-findfp.o)
                0x0000000000002284                __sinit
 .text.__sfp    0x00000000000022e4       0x74 /Developer/Tools/gcc-arm-none-eabi-4_9-2015q1/bin/../lib/gcc/arm-none-eabi/4.9.3/../../../../arm-none-eabi/lib/armv7-m/libc_nano.a(lib_a-findfp.o)
                0x00000000000022e4                __sfp
 .text.fprintf  0x0000000000002358       0x24 /Developer/Tools/gcc-arm-none-eabi-4_9-2015q1/bin/../lib/gcc/arm-none-eabi/4.9.3/../../../../arm-none-eabi/lib/armv7-m/libc_nano.a(lib_a-fprintf.o)
                0x0000000000002358                fprintf
                0x0000000000002358                fiprintf
 .text._fwalk   0x000000000000237c       0x38 /Developer/Tools/gcc-arm-none-eabi-4_9-2015q1/bin/../lib/gcc/arm-none-eabi/4.9.3/../../../../arm-none-eabi/lib/armv7-m/libc_nano.a(lib_a-fwalk.o)
                0x000000000000237c                _fwalk
 .text._fwalk_reent
                0x00000000000023b4       0x3c /Developer/Tools/gcc-arm-none-eabi-4_9-2015q1/bin/../lib/gcc/arm-none-eabi/4.9.3/../../../../arm-none-eabi/lib/armv7-m/libc_nano.a(lib_a-fwalk.o)
                0x00000000000023b4                _fwalk_reent
 .text.getchar  0x00000000000023f0       0x24 /Developer/Tools/gcc-arm-none-eabi-4_9-2015q1/bin/../lib/gcc/arm-none-eabi/4.9.3/../../../../arm-none-eabi/lib/armv7-m/libc_nano.a(lib_a-getchar.o)
                0x00000000000023f0                getchar
 .text.__libc_init_array
                0x0000000000002414       0x4c /Developer/Tools/gcc-arm-none-eabi-4_9-2015q1/bin/../lib/gcc/arm-none-eabi/4.9.3/../../../../arm-none-eabi/lib/armv7-m/libc_nano.a(lib_a-init.o)
                0x0000000000002414                __libc_init_array
 .text.malloc   0x0000000000002460       0x10 /Developer/Tools/gcc-arm-none-eabi-4_9-2015q1/bin/../lib/gcc/arm-none-eabi/4.9.3/../../../../arm-none-eabi/lib/armv7-m/libc_nano.a(lib_a-malloc.o)
                0x0000000000002460                malloc
 .text.free     0x0000000000002470       0x10 /Developer/Tools/gcc-arm-none-eabi-4_9-2015q1/bin/../lib/gcc/arm-none-eabi/4.9.3/../../../../arm-none-eabi/lib/armv7-m/libc_nano.a(lib_a-malloc.o)
                0x0000000000002470                free
 .text.memchr   0x0000000000002480       0x1c /Developer/Tools/gcc-arm-none-eabi-4_9-2015q1/bin/../lib/gcc/arm-none-eabi/4.9.3/../../../../arm-none-eabi/lib/armv7-m/libc_nano.a(lib_a-memchr.o)
                0x0000000000002480                memchr
 .text.memcmp   0x000000000000249c       0x20 /Developer/Tools/gcc-arm-none-eabi-4_9-2015q1/bin/../lib/gcc/arm-none-eabi/4.9.3/../../../../arm-none-eabi/lib/armv7-m/libc_nano.a(lib_a-memcmp.o)
                0x000000000000249c                memcmp
 .text.memcpy   0x00000000000024bc       0x16 /Developer/Tools/gcc-arm-none-eabi-4_9-2015q1/bin/../lib/gcc/arm-none-eabi/4.9.3/../../../../arm-none-eabi/lib/armv7-m/libc_nano.a(lib_a-memcpy.o)
                0x00000000000024bc                memcpy
 .text.memset   0x00000000000024d2       0x10 /Developer/Tools/gcc-arm-none-eabi-4_9-2015q1/bin/../lib/gcc/arm-none-eabi/4.9.3/../../../../arm-none-eabi/lib/armv7-m/libc_nano.a(lib_a-memset.o)
                0x00000000000024d2                memset
 *fill*         0x00000000000024e2        0x2 
 .text._free_r  0x00000000000024e4       0x88 /Developer/Tools/gcc-arm-none-eabi-4_9-2015q1/bin/../lib/gcc/arm-none-eabi/4.9.3/../../../../arm-none-eabi/lib/armv7-m/libc_nano.a(lib_a-nano-freer.o)
                0x00000000000024e4                _free_r
 .text._malloc_r
                0x000000000000256c       0xac /Developer/Tools/gcc-arm-none-eabi-4_9-2015q1/bin/../lib/gcc/arm-none-eabi/4.9.3/../../../../arm-none-eabi/lib/armv7-m/libc_nano.a(lib_a-nano-mallocr.o)
                0x000000000000256c                _malloc_r
 .text.__sfputc_r
                0x0000000000002618       0x2c /Developer/Tools/gcc-arm-none-eabi-4_9-2015q1/bin/../lib/gcc/arm-none-eabi/4.9.3/../../../../arm-none-eabi/lib/armv7-m/libc_nano.a(lib_a-nano-vfprintf.o)
 .text.__sfputs_r
                0x0000000000002644       0x24 /Developer/Tools/gcc-arm-none-eabi-4_9-2015q1/bin/../lib/gcc/arm-none-eabi/4.9.3/../../../../arm-none-eabi/lib/armv7-m/libc_nano.a(lib_a-nano-vfprintf.o)
                0x0000000000002644                __sfputs_r
 .text._vfprintf_r
                0x0000000000002668      0x210 /Developer/Tools/gcc-arm-none-eabi-4_9-2015q1/bin/../lib/gcc/arm-none-eabi/4.9.3/../../../../arm-none-eabi/lib/armv7-m/libc_nano.a(lib_a-nano-vfprintf.o)
                0x0000000000002668                _vfiprintf_r
                0x0000000000002668                _vfprintf_r
 .text.vfprintf
                0x0000000000002878       0x1c /Developer/Tools/gcc-arm-none-eabi-4_9-2015q1/bin/../lib/gcc/arm-none-eabi/4.9.3/../../../../arm-none-eabi/lib/armv7-m/libc_nano.a(lib_a-nano-vfprintf.o)
                0x0000000000002878                vfiprintf
                0x0000000000002878                vfprintf
 .text.__cvt    0x0000000000002894       0xbc /Developer/Tools/gcc-arm-none-eabi-4_9-2015q1/bin/../lib/gcc/arm-none-eabi/4.9.3/../../../../arm-none-eabi/lib/armv7-m/libc_nano.a(lib_a-nano-vfprintf_float.o)
                0x0000000000002894                __cvt
 .text.__exponent
                0x0000000000002950       0x62 /Developer/Tools/gcc-arm-none-eabi-4_9-2015q1/bin/../lib/gcc/arm-none-eabi/4.9.3/../../../../arm-none-eabi/lib/armv7-m/libc_nano.a(lib_a-nano-vfprintf_float.o)
                0x0000000000002950                __exponent
 *fill*         0x00000000000029b2        0x2 
 .text._printf_float
                0x00000000000029b4      0x48c /Developer/Tools/gcc-arm-none-eabi-4_9-2015q1/bin/../lib/gcc/arm-none-eabi/4.9.3/../../../../arm-none-eabi/lib/armv7-m/libc_nano.a(lib_a-nano-vfprintf_float.o)
                0x00000000000029b4                _printf_float
 .text._printf_common
                0x0000000000002e40       0xea /Developer/Tools/gcc-arm-none-eabi-4_9-2015q1/bin/../lib/gcc/arm-none-eabi/4.9.3/../../../../arm-none-eabi/lib/armv7-m/libc_nano.a(lib_a-nano-vfprintf_i.o)
                0x0000000000002e40                _printf_common
 *fill*         0x0000000000002f2a        0x2 
 .text._printf_i
                0x0000000000002f2c      0x240 /Developer/Tools/gcc-arm-none-eabi-4_9-2015q1/bin/../lib/gcc/arm-none-eabi/4.9.3/../../../../arm-none-eabi/lib/armv7-m/libc_nano.a(lib_a-nano-vfprintf_i.o)
                0x0000000000002f2c                _printf_i
 .text._scanf_float
                0x000000000000316c      0x3cc /Developer/Tools/gcc-arm-none-eabi-4_9-2015q1/bin/../lib/gcc/arm-none-eabi/4.9.3/../../../../arm-none-eabi/lib/armv7-m/libc_nano.a(lib_a-nano-vfscanf_float.o)
                0x000000000000316c                _scanf_float
 .text.putchar  0x0000000000003538       0x28 /Developer/Tools/gcc-arm-none-eabi-4_9-2015q1/bin/../lib/gcc/arm-none-eabi/4.9.3/../../../../arm-none-eabi/lib/armv7-m/libc_nano.a(lib_a-putchar.o)
                0x0000000000003538                putchar
 .text._puts_r  0x0000000000003560       0xbc /Developer/Tools/gcc-arm-none-eabi-4_9-2015q1/bin/../lib/gcc/arm-none-eabi/4.9.3/../../../../arm-none-eabi/lib/armv7-m/libc_nano.a(lib_a-puts.o)
                0x0000000000003560                _puts_r
 .text.puts     0x000000000000361c       0x10 /Developer/Tools/gcc-arm-none-eabi-4_9-2015q1/bin/../lib/gcc/arm-none-eabi/4.9.3/../../../../arm-none-eabi/lib/armv7-m/libc_nano.a(lib_a-puts.o)
                0x000000000000361c                puts
 .text.lflush   0x000000000000362c       0x12 /Developer/Tools/gcc-arm-none-eabi-4_9-2015q1/bin/../lib/gcc/arm-none-eabi/4.9.3/../../../../arm-none-eabi/lib/armv7-m/libc_nano.a(lib_a-refill.o)
 *fill*         0x000000000000363e        0x2 
 .text.__srefill_r
                0x0000000000003640      0x10c /Developer/Tools/gcc-arm-none-eabi-4_9-2015q1/bin/../lib/gcc/arm-none-eabi/4.9.3/../../../../arm-none-eabi/lib/armv7-m/libc_nano.a(lib_a-refill.o)
                0x0000000000003640                __srefill_r
 .text.__srget_r
                0x000000000000374c       0x58 /Developer/Tools/gcc-arm-none-eabi-4_9-2015q1/bin/../lib/gcc/arm-none-eabi/4.9.3/../../../../arm-none-eabi/lib/armv7-m/libc_nano.a(lib_a-rget.o)
                0x000000000000374c                __srget_r
 .text.__fpclassifyd
                0x00000000000037a4       0x50 /Developer/Tools/gcc-arm-none-eabi-4_9-2015q1/bin/../lib/gcc/arm-none-eabi/4.9.3/../../../../arm-none-eabi/lib/armv7-m/libc_nano.a(lib_a-s_fpclassify.o)
                0x00000000000037a4                __fpclassifyd
 .text._sbrk_r  0x00000000000037f4       0x20 /Developer/Tools/gcc-arm-none-eabi-4_9-2015q1/bin/../lib/gcc/arm-none-eabi/4.9.3/../../../../arm-none-eabi/lib/armv7-m/libc_nano.a(lib_a-sbrkr.o)
                0x00000000000037f4                _sbrk_r
 .text.nanf     0x0000000000003814        0x8 /Developer/Tools/gcc-arm-none-eabi-4_9-2015q1/bin/../lib/gcc/arm-none-eabi/4.9.3/../../../../arm-none-eabi/lib/armv7-m/libc_nano.a(lib_a-sf_nan.o)
                0x0000000000003814                nanf
 .text._raise_r
                0x000000000000381c       0x50 /Developer/Tools/gcc-arm-none-eabi-4_9-2015q1/bin/../lib/gcc/arm-none-eabi/4.9.3/../../../../arm-none-eabi/lib/armv7-m/libc_nano.a(lib_a-signal.o)
                0x000000000000381c                _raise_r
 .text.raise    0x000000000000386c       0x10 /Developer/Tools/gcc-arm-none-eabi-4_9-2015q1/bin/../lib/gcc/arm-none-eabi/4.9.3/../../../../arm-none-eabi/lib/armv7-m/libc_nano.a(lib_a-signal.o)
                0x000000000000386c                raise
 .text._kill_r  0x000000000000387c       0x24 /Developer/Tools/gcc-arm-none-eabi-4_9-2015q1/bin/../lib/gcc/arm-none-eabi/4.9.3/../../../../arm-none-eabi/lib/armv7-m/libc_nano.a(lib_a-signalr.o)
                0x000000000000387c                _kill_r
 .text._getpid_r
                0x00000000000038a0        0x4 /Developer/Tools/gcc-arm-none-eabi-4_9-2015q1/bin/../lib/gcc/arm-none-eabi/4.9.3/../../../../arm-none-eabi/lib/armv7-m/libc_nano.a(lib_a-signalr.o)
                0x00000000000038a0                _getpid_r
 .text.sprintf  0x00000000000038a4       0x48 /Developer/Tools/gcc-arm-none-eabi-4_9-2015q1/bin/../lib/gcc/arm-none-eabi/4.9.3/../../../../arm-none-eabi/lib/armv7-m/libc_nano.a(lib_a-sprintf.o)
                0x00000000000038a4                sprintf
                0x00000000000038a4                siprintf
 .text.__sread  0x00000000000038ec       0x22 /Developer/Tools/gcc-arm-none-eabi-4_9-2015q1/bin/../lib/gcc/arm-none-eabi/4.9.3/../../../../arm-none-eabi/lib/armv7-m/libc_nano.a(lib_a-stdio.o)
                0x00000000000038ec                __sread
 .text.__swrite
                0x000000000000390e       0x38 /Developer/Tools/gcc-arm-none-eabi-4_9-2015q1/bin/../lib/gcc/arm-none-eabi/4.9.3/../../../../arm-none-eabi/lib/armv7-m/libc_nano.a(lib_a-stdio.o)
                0x000000000000390e                __swrite
 .text.__sseek  0x0000000000003946       0x24 /Developer/Tools/gcc-arm-none-eabi-4_9-2015q1/bin/../lib/gcc/arm-none-eabi/4.9.3/../../../../arm-none-eabi/lib/armv7-m/libc_nano.a(lib_a-stdio.o)
                0x0000000000003946                __sseek
 .text.__sclose
                0x000000000000396a        0x8 /Developer/Tools/gcc-arm-none-eabi-4_9-2015q1/bin/../lib/gcc/arm-none-eabi/4.9.3/../../../../arm-none-eabi/lib/armv7-m/libc_nano.a(lib_a-stdio.o)
                0x000000000000396a                __sclose
 .text          0x0000000000003972       0x14 /Developer/Tools/gcc-arm-none-eabi-4_9-2015q1/bin/../lib/gcc/arm-none-eabi/4.9.3/../../../../arm-none-eabi/lib/armv7-m/libc_nano.a(lib_a-strcmp.o)
                0x0000000000003972                strcmp
 .text.strlen   0x0000000000003986       0x10 /Developer/Tools/gcc-arm-none-eabi-4_9-2015q1/bin/../lib/gcc/arm-none-eabi/4.9.3/../../../../arm-none-eabi/lib/armv7-m/libc_nano.a(lib_a-strlen.o)
                0x0000000000003986                strlen
 .text.strncmp  0x0000000000003996       0x32 /Developer/Tools/gcc-arm-none-eabi-4_9-2015q1/bin/../lib/gcc/arm-none-eabi/4.9.3/../../../../arm-none-eabi/lib/armv7-m/libc_nano.a(lib_a-strncmp.o)
                0x0000000000003996                strncmp
 .text.match    0x00000000000039c8       0x26 /Developer/Tools/gcc-arm-none-eabi-4_9-2015q1/bin/../lib/gcc/arm-none-eabi/4.9.3/../../../../arm-none-eabi/lib/armv7-m/libc_nano.a(lib_a-strtod.o)
 .text.sulp     0x00000000000039ee       0x42 /Developer/Tools/gcc-arm-none-eabi-4_9-2015q1/bin/../lib/gcc/arm-none-eabi/4.9.3/../../../../arm-none-eabi/lib/armv7-m/libc_nano.a(lib_a-strtod.o)
 .text._strtod_r
                0x0000000000003a30      0xc40 /Developer/Tools/gcc-arm-none-eabi-4_9-2015q1/bin/../lib/gcc/arm-none-eabi/4.9.3/../../../../arm-none-eabi/lib/armv7-m/libc_nano.a(lib_a-strtod.o)
                0x0000000000003a30                _strtod_r
 .text.strtod   0x0000000000004670       0x14 /Developer/Tools/gcc-arm-none-eabi-4_9-2015q1/bin/../lib/gcc/arm-none-eabi/4.9.3/../../../../arm-none-eabi/lib/armv7-m/libc_nano.a(lib_a-strtod.o)
                0x0000000000004670                strtod
 .text._strtol_r
                0x0000000000004684      0x10c /Developer/Tools/gcc-arm-none-eabi-4_9-2015q1/bin/../lib/gcc/arm-none-eabi/4.9.3/../../../../arm-none-eabi/lib/armv7-m/libc_nano.a(lib_a-strtol.o)
                0x0000000000004684                _strtol_r
 .text.strtol   0x0000000000004790       0x1c /Developer/Tools/gcc-arm-none-eabi-4_9-2015q1/bin/../lib/gcc/arm-none-eabi/4.9.3/../../../../arm-none-eabi/lib/armv7-m/libc_nano.a(lib_a-strtol.o)
                0x0000000000004790                strtol
 .text.__swbuf_r
                0x00000000000047ac       0xa8 /Developer/Tools/gcc-arm-none-eabi-4_9-2015q1/bin/../lib/gcc/arm-none-eabi/4.9.3/../../../../arm-none-eabi/lib/armv7-m/libc_nano.a(lib_a-wbuf.o)
                0x00000000000047ac                __swbuf_r
 .text._write_r
                0x0000000000004854       0x24 /Developer/Tools/gcc-arm-none-eabi-4_9-2015q1/bin/../lib/gcc/arm-none-eabi/4.9.3/../../../../arm-none-eabi/lib/armv7-m/libc_nano.a(lib_a-writer.o)
                0x0000000000004854                _write_r
 .text.__swsetup_r
                0x0000000000004878       0xd8 /Developer/Tools/gcc-arm-none-eabi-4_9-2015q1/bin/../lib/gcc/arm-none-eabi/4.9.3/../../../../arm-none-eabi/lib/armv7-m/libc_nano.a(lib_a-wsetup.o)
                0x0000000000004878                __swsetup_r
 .text._close_r
                0x0000000000004950       0x20 /Developer/Tools/gcc-arm-none-eabi-4_9-2015q1/bin/../lib/gcc/arm-none-eabi/4.9.3/../../../../arm-none-eabi/lib/armv7-m/libc_nano.a(lib_a-closer.o)
                0x0000000000004950                _close_r
 .text.quorem   0x0000000000004970      0x114 /Developer/Tools/gcc-arm-none-eabi-4_9-2015q1/bin/../lib/gcc/arm-none-eabi/4.9.3/../../../../arm-none-eabi/lib/armv7-m/libc_nano.a(lib_a-dtoa.o)
 *fill*         0x0000000000004a84        0x4 
 .text._dtoa_r  0x0000000000004a88      0xb78 /Developer/Tools/gcc-arm-none-eabi-4_9-2015q1/bin/../lib/gcc/arm-none-eabi/4.9.3/../../../../arm-none-eabi/lib/armv7-m/libc_nano.a(lib_a-dtoa.o)
                0x0000000000004a88                _dtoa_r
 .text.rshift   0x0000000000005600       0x6c /Developer/Tools/gcc-arm-none-eabi-4_9-2015q1/bin/../lib/gcc/arm-none-eabi/4.9.3/../../../../arm-none-eabi/lib/armv7-m/libc_nano.a(lib_a-gdtoa-gethex.o)
 .text.__hexdig_fun
                0x000000000000566c       0x2a /Developer/Tools/gcc-arm-none-eabi-4_9-2015q1/bin/../lib/gcc/arm-none-eabi/4.9.3/../../../../arm-none-eabi/lib/armv7-m/libc_nano.a(lib_a-gdtoa-gethex.o)
                0x000000000000566c                __hexdig_fun
 .text.__gethex
                0x0000000000005696      0x44a /Developer/Tools/gcc-arm-none-eabi-4_9-2015q1/bin/../lib/gcc/arm-none-eabi/4.9.3/../../../../arm-none-eabi/lib/armv7-m/libc_nano.a(lib_a-gdtoa-gethex.o)
                0x0000000000005696                __gethex
 .text.L_shift  0x0000000000005ae0       0x24 /Developer/Tools/gcc-arm-none-eabi-4_9-2015q1/bin/../lib/gcc/arm-none-eabi/4.9.3/../../../../arm-none-eabi/lib/armv7-m/libc_nano.a(lib_a-gdtoa-hexnan.o)
 .text.__hexnan
                0x0000000000005b04      0x114 /Developer/Tools/gcc-arm-none-eabi-4_9-2015q1/bin/../lib/gcc/arm-none-eabi/4.9.3/../../../../arm-none-eabi/lib/armv7-m/libc_nano.a(lib_a-gdtoa-hexnan.o)
                0x0000000000005b04                __hexnan
 .text._getc_r  0x0000000000005c18       0x58 /Developer/Tools/gcc-arm-none-eabi-4_9-2015q1/bin/../lib/gcc/arm-none-eabi/4.9.3/../../../../arm-none-eabi/lib/armv7-m/libc_nano.a(lib_a-getc.o)
                0x0000000000005c18                _getc_r
 .text._localeconv_r
                0x0000000000005c70        0x8 /Developer/Tools/gcc-arm-none-eabi-4_9-2015q1/bin/../lib/gcc/arm-none-eabi/4.9.3/../../../../arm-none-eabi/lib/armv7-m/libc_nano.a(lib_a-locale.o)
                0x0000000000005c70                _localeconv_r
 .text._lseek_r
                0x0000000000005c78       0x24 /Developer/Tools/gcc-arm-none-eabi-4_9-2015q1/bin/../lib/gcc/arm-none-eabi/4.9.3/../../../../arm-none-eabi/lib/armv7-m/libc_nano.a(lib_a-lseekr.o)
                0x0000000000005c78                _lseek_r
 .text.__smakebuf_r
                0x0000000000005c9c       0x98 /Developer/Tools/gcc-arm-none-eabi-4_9-2015q1/bin/../lib/gcc/arm-none-eabi/4.9.3/../../../../arm-none-eabi/lib/armv7-m/libc_nano.a(lib_a-makebuf.o)
                0x0000000000005c9c                __smakebuf_r
 .text.memmove  0x0000000000005d34       0x36 /Developer/Tools/gcc-arm-none-eabi-4_9-2015q1/bin/../lib/gcc/arm-none-eabi/4.9.3/../../../../arm-none-eabi/lib/armv7-m/libc_nano.a(lib_a-memmove.o)
                0x0000000000005d34                memmove
 .text._Balloc  0x0000000000005d6a       0x6a /Developer/Tools/gcc-arm-none-eabi-4_9-2015q1/bin/../lib/gcc/arm-none-eabi/4.9.3/../../../../arm-none-eabi/lib/armv7-m/libc_nano.a(lib_a-mprec.o)
                0x0000000000005d6a                _Balloc
 .text._Bfree   0x0000000000005dd4       0x2e /Developer/Tools/gcc-arm-none-eabi-4_9-2015q1/bin/../lib/gcc/arm-none-eabi/4.9.3/../../../../arm-none-eabi/lib/armv7-m/libc_nano.a(lib_a-mprec.o)
                0x0000000000005dd4                _Bfree
 .text.__multadd
                0x0000000000005e02       0x7c /Developer/Tools/gcc-arm-none-eabi-4_9-2015q1/bin/../lib/gcc/arm-none-eabi/4.9.3/../../../../arm-none-eabi/lib/armv7-m/libc_nano.a(lib_a-mprec.o)
                0x0000000000005e02                __multadd
 .text.__s2b    0x0000000000005e7e       0x80 /Developer/Tools/gcc-arm-none-eabi-4_9-2015q1/bin/../lib/gcc/arm-none-eabi/4.9.3/../../../../arm-none-eabi/lib/armv7-m/libc_nano.a(lib_a-mprec.o)
                0x0000000000005e7e                __s2b
 .text.__hi0bits
                0x0000000000005efe       0x40 /Developer/Tools/gcc-arm-none-eabi-4_9-2015q1/bin/../lib/gcc/arm-none-eabi/4.9.3/../../../../arm-none-eabi/lib/armv7-m/libc_nano.a(lib_a-mprec.o)
                0x0000000000005efe                __hi0bits
 .text.__lo0bits
                0x0000000000005f3e       0x5a /Developer/Tools/gcc-arm-none-eabi-4_9-2015q1/bin/../lib/gcc/arm-none-eabi/4.9.3/../../../../arm-none-eabi/lib/armv7-m/libc_nano.a(lib_a-mprec.o)
                0x0000000000005f3e                __lo0bits
 .text.__i2b    0x0000000000005f98       0x12 /Developer/Tools/gcc-arm-none-eabi-4_9-2015q1/bin/../lib/gcc/arm-none-eabi/4.9.3/../../../../arm-none-eabi/lib/armv7-m/libc_nano.a(lib_a-mprec.o)
                0x0000000000005f98                __i2b
 .text.__multiply
                0x0000000000005faa      0x120 /Developer/Tools/gcc-arm-none-eabi-4_9-2015q1/bin/../lib/gcc/arm-none-eabi/4.9.3/../../../../arm-none-eabi/lib/armv7-m/libc_nano.a(lib_a-mprec.o)
                0x0000000000005faa                __multiply
 *fill*         0x00000000000060ca        0x2 
 .text.__pow5mult
                0x00000000000060cc       0x9c /Developer/Tools/gcc-arm-none-eabi-4_9-2015q1/bin/../lib/gcc/arm-none-eabi/4.9.3/../../../../arm-none-eabi/lib/armv7-m/libc_nano.a(lib_a-mprec.o)
                0x00000000000060cc                __pow5mult
 .text.__lshift
                0x0000000000006168       0xa6 /Developer/Tools/gcc-arm-none-eabi-4_9-2015q1/bin/../lib/gcc/arm-none-eabi/4.9.3/../../../../arm-none-eabi/lib/armv7-m/libc_nano.a(lib_a-mprec.o)
                0x0000000000006168                __lshift
 .text.__mcmp   0x000000000000620e       0x38 /Developer/Tools/gcc-arm-none-eabi-4_9-2015q1/bin/../lib/gcc/arm-none-eabi/4.9.3/../../../../arm-none-eabi/lib/armv7-m/libc_nano.a(lib_a-mprec.o)
                0x000000000000620e                __mcmp
 .text.__mdiff  0x0000000000006246       0xbe /Developer/Tools/gcc-arm-none-eabi-4_9-2015q1/bin/../lib/gcc/arm-none-eabi/4.9.3/../../../../arm-none-eabi/lib/armv7-m/libc_nano.a(lib_a-mprec.o)
                0x0000000000006246                __mdiff
 .text.__ulp    0x0000000000006304       0x48 /Developer/Tools/gcc-arm-none-eabi-4_9-2015q1/bin/../lib/gcc/arm-none-eabi/4.9.3/../../../../arm-none-eabi/lib/armv7-m/libc_nano.a(lib_a-mprec.o)
                0x0000000000006304                __ulp
 .text.__b2d    0x000000000000634c       0x9e /Developer/Tools/gcc-arm-none-eabi-4_9-2015q1/bin/../lib/gcc/arm-none-eabi/4.9.3/../../../../arm-none-eabi/lib/armv7-m/libc_nano.a(lib_a-mprec.o)
                0x000000000000634c                __b2d
 .text.__d2b    0x00000000000063ea       0xa4 /Developer/Tools/gcc-arm-none-eabi-4_9-2015q1/bin/../lib/gcc/arm-none-eabi/4.9.3/../../../../arm-none-eabi/lib/armv7-m/libc_nano.a(lib_a-mprec.o)
                0x00000000000063ea                __d2b
 .text.__ratio  0x000000000000648e       0x50 /Developer/Tools/gcc-arm-none-eabi-4_9-2015q1/bin/../lib/gcc/arm-none-eabi/4.9.3/../../../../arm-none-eabi/lib/armv7-m/libc_nano.a(lib_a-mprec.o)
                0x000000000000648e                __ratio
 .text.__copybits
                0x00000000000064de       0x34 /Developer/Tools/gcc-arm-none-eabi-4_9-2015q1/bin/../lib/gcc/arm-none-eabi/4.9.3/../../../../arm-none-eabi/lib/armv7-m/libc_nano.a(lib_a-mprec.o)
                0x00000000000064de                __copybits
 .text.__any_on
                0x0000000000006512       0x44 /Developer/Tools/gcc-arm-none-eabi-4_9-2015q1/bin/../lib/gcc/arm-none-eabi/4.9.3/../../../../arm-none-eabi/lib/armv7-m/libc_nano.a(lib_a-mprec.o)
                0x0000000000006512                __any_on
 .text._calloc_r
                0x0000000000006556       0x1c /Developer/Tools/gcc-arm-none-eabi-4_9-2015q1/bin/../lib/gcc/arm-none-eabi/4.9.3/../../../../arm-none-eabi/lib/armv7-m/libc_nano.a(lib_a-nano-callocr.o)
                0x0000000000006556                _calloc_r
 .text._realloc_r
                0x0000000000006572       0x4c /Developer/Tools/gcc-arm-none-eabi-4_9-2015q1/bin/../lib/gcc/arm-none-eabi/4.9.3/../../../../arm-none-eabi/lib/armv7-m/libc_nano.a(lib_a-nano-reallocr.o)
                0x0000000000006572                _realloc_r
 .text.__ssputs_r
                0x00000000000065be       0xb2 /Developer/Tools/gcc-arm-none-eabi-4_9-2015q1/bin/../lib/gcc/arm-none-eabi/4.9.3/../../../../arm-none-eabi/lib/armv7-m/libc_nano.a(lib_a-nano-svfprintf.o)
                0x00000000000065be                __ssputs_r
 .text._svfprintf_r
                0x0000000000006670      0x1e4 /Developer/Tools/gcc-arm-none-eabi-4_9-2015q1/bin/../lib/gcc/arm-none-eabi/4.9.3/../../../../arm-none-eabi/lib/armv7-m/libc_nano.a(lib_a-nano-svfprintf.o)
                0x0000000000006670                _svfprintf_r
                0x0000000000006670                _svfiprintf_r
 .text._putc_r  0x0000000000006854       0x78 /Developer/Tools/gcc-arm-none-eabi-4_9-2015q1/bin/../lib/gcc/arm-none-eabi/4.9.3/../../../../arm-none-eabi/lib/armv7-m/libc_nano.a(lib_a-putc.o)
                0x0000000000006854                _putc_r
 .text._read_r  0x00000000000068cc       0x24 /Developer/Tools/gcc-arm-none-eabi-4_9-2015q1/bin/../lib/gcc/arm-none-eabi/4.9.3/../../../../arm-none-eabi/lib/armv7-m/libc_nano.a(lib_a-readr.o)
                0x00000000000068cc                _read_r
 .text._fstat_r
                0x00000000000068f0       0x24 /Developer/Tools/gcc-arm-none-eabi-4_9-2015q1/bin/../lib/gcc/arm-none-eabi/4.9.3/../../../../arm-none-eabi/lib/armv7-m/libc_nano.a(lib_a-fstatr.o)
                0x00000000000068f0                _fstat_r
 .text._isatty_r
                0x0000000000006914       0x20 /Developer/Tools/gcc-arm-none-eabi-4_9-2015q1/bin/../lib/gcc/arm-none-eabi/4.9.3/../../../../arm-none-eabi/lib/armv7-m/libc_nano.a(lib_a-isattyr.o)
                0x0000000000006914                _isatty_r
 .text._malloc_usable_size_r
                0x0000000000006934       0x14 /Developer/Tools/gcc-arm-none-eabi-4_9-2015q1/bin/../lib/gcc/arm-none-eabi/4.9.3/../../../../arm-none-eabi/lib/armv7-m/libc_nano.a(lib_a-nano-msizer.o)
                0x0000000000006934                _malloc_usable_size_r
 .text          0x0000000000006948      0x370 /Developer/Tools/gcc-arm-none-eabi-4_9-2015q1/bin/../lib/gcc/arm-none-eabi/4.9.3/armv7-m/libgcc.a(_arm_addsubdf3.o)
                0x0000000000006948                __aeabi_drsub
                0x0000000000006950                __subdf3
                0x0000000000006950                __aeabi_dsub
                0x0000000000006954                __aeabi_dadd
                0x0000000000006954                __adddf3
                0x0000000000006bcc                __aeabi_ui2d
                0x0000000000006bcc                __floatunsidf
                0x0000000000006bec                __floatsidf
                0x0000000000006bec                __aeabi_i2d
                0x0000000000006c10                __extendsfdf2
                0x0000000000006c10                __aeabi_f2d
                0x0000000000006c4c                __aeabi_ul2d
                0x0000000000006c4c                __floatundidf
                0x0000000000006c5c                __aeabi_l2d
                0x0000000000006c5c                __floatdidf
 .text          0x0000000000006cb8      0x424 /Developer/Tools/gcc-arm-none-eabi-4_9-2015q1/bin/../lib/gcc/arm-none-eabi/4.9.3/armv7-m/libgcc.a(_arm_muldivdf3.o)
                0x0000000000006cb8                __aeabi_dmul
                0x0000000000006cb8                __muldf3
                0x0000000000006f0c                __aeabi_ddiv
                0x0000000000006f0c                __divdf3
 .text          0x00000000000070dc      0x110 /Developer/Tools/gcc-arm-none-eabi-4_9-2015q1/bin/../lib/gcc/arm-none-eabi/4.9.3/armv7-m/libgcc.a(_arm_cmpdf2.o)
                0x00000000000070dc                __gtdf2
                0x00000000000070dc                __gedf2
                0x00000000000070e4                __ltdf2
                0x00000000000070e4                __ledf2
                0x00000000000070ec                __eqdf2
                0x00000000000070ec                __nedf2
                0x00000000000070ec                __cmpdf2
                0x0000000000007168                __aeabi_cdrcmple
                0x0000000000007178                __aeabi_cdcmple
                0x0000000000007178                __aeabi_cdcmpeq
                0x0000000000007188                __aeabi_dcmpeq
                0x000000000000719c                __aeabi_dcmplt
                0x00000000000071b0                __aeabi_dcmple
                0x00000000000071c4                __aeabi_dcmpge
                0x00000000000071d8                __aeabi_dcmpgt
 .text          0x00000000000071ec       0x50 /Developer/Tools/gcc-arm-none-eabi-4_9-2015q1/bin/../lib/gcc/arm-none-eabi/4.9.3/armv7-m/libgcc.a(_arm_fixdfsi.o)
                0x00000000000071ec                __fixdfsi
                0x00000000000071ec                __aeabi_d2iz
 .text          0x000000000000723c       0x40 /Developer/Tools/gcc-arm-none-eabi-4_9-2015q1/bin/../lib/gcc/arm-none-eabi/4.9.3/armv7-m/libgcc.a(_arm_fixunsdfsi.o)
                0x000000000000723c                __fixunsdfsi
                0x000000000000723c                __aeabi_d2uiz
 .text          0x000000000000727c       0xa0 /Developer/Tools/gcc-arm-none-eabi-4_9-2015q1/bin/../lib/gcc/arm-none-eabi/4.9.3/armv7-m/libgcc.a(_arm_truncdfsf2.o)
                0x000000000000727c                __aeabi_d2f
                0x000000000000727c                __truncdfsf2
 .text._getpid  0x000000000000731c       0x10 /Developer/Tools/gcc-arm-none-eabi-4_9-2015q1/bin/../lib/gcc/arm-none-eabi/4.9.3/../../../../arm-none-eabi/lib/armv7-m/libnosys.a(getpid.o)
                0x000000000000731c                _getpid
 .text._kill    0x000000000000732c       0x10 /Developer/Tools/gcc-arm-none-eabi-4_9-2015q1/bin/../lib/gcc/arm-none-eabi/4.9.3/../../../../arm-none-eabi/lib/armv7-m/libnosys.a(kill.o)
                0x000000000000732c                _kill
 *(.init)
 .init          0x000000000000733c        0x4 /Developer/Tools/gcc-arm-none-eabi-4_9-2015q1/bin/../lib/gcc/arm-none-eabi/4.9.3/armv7-m/crti.o
                0x000000000000733c                _init
 .init          0x0000000000007340        0x8 /Developer/Tools/gcc-arm-none-eabi-4_9-2015q1/bin/../lib/gcc/arm-none-eabi/4.9.3/armv7-m/crtn.o
 *(.fini)
 .fini          0x0000000000007348        0x4 /Developer/Tools/gcc-arm-none-eabi-4_9-2015q1/bin/../lib/gcc/arm-none-eabi/4.9.3/armv7-m/crti.o
                0x0000000000007348                _fini
 .fini          0x000000000000734c        0x8 /Developer/Tools/gcc-arm-none-eabi-4_9-2015q1/bin/../lib/gcc/arm-none-eabi/4.9.3/armv7-m/crtn.o
 *crtbegin.o(.ctors)
 *crtbegin?.o(.ctors)
 *(EXCLUDE_FILE(*crtend.o *crtend?.o) .ctors)
 *(SORT(.ctors.*))
 *(.ctors)
 *crtbegin.o(.dtors)
 *crtbegin?.o(.dtors)
 *(EXCLUDE_FILE(*crtend.o *crtend?.o) .dtors)
 *(SORT(.dtors.*))
 *(.dtors)
 *(.rodata*)
 .rodata.str1.1
                0x0000000000007354        0xd main.o
 .rodata.str1.1
                0x0000000000007361       0xe2 rpc_server.o
                                         0xef (size before relaxing)
 .rodata.str1.1
                0x0000000000007443       0x35 rpc_stream.o
                                         0x39 (size before relaxing)
 .rodata.str1.1
                0x0000000000007478       0x56 rpc_server_registration.o
 .rodata.str1.1
                0x00000000000074ce        0x5 grove_example.o
 .rodata.str1.1
                0x00000000000074d3        0xa grove_example_gen.o
 *fill*         0x00000000000074dd        0x3 
 .rodata.str1.4
                0x00000000000074e0       0x80 ../../mbed/TARGET_LPC1768/TOOLCHAIN_GCC_ARM/board.o
 .rodata.PinMap_I2C_SDA
                0x0000000000007560       0x3c ../../mbed/TARGET_LPC1768/TOOLCHAIN_GCC_ARM/libmbed.a(i2c_api.o)
 .rodata.str1.4
                0x000000000000759c       0x79 ../../mbed/TARGET_LPC1768/TOOLCHAIN_GCC_ARM/libmbed.a(i2c_api.o)
                                         0x7c (size before relaxing)
 *fill*         0x0000000000007615        0x3 
 .rodata.PinMap_I2C_SCL
                0x0000000000007618       0x3c ../../mbed/TARGET_LPC1768/TOOLCHAIN_GCC_ARM/libmbed.a(i2c_api.o)
 .rodata.PinMap_UART_RTS
                0x0000000000007654       0x24 ../../mbed/TARGET_LPC1768/TOOLCHAIN_GCC_ARM/libmbed.a(serial_api.o)
 .rodata.CSWTCH.24
                0x0000000000007678       0x10 ../../mbed/TARGET_LPC1768/TOOLCHAIN_GCC_ARM/libmbed.a(serial_api.o)
 .rodata.PinMap_UART_RX
                0x0000000000007688       0x6c ../../mbed/TARGET_LPC1768/TOOLCHAIN_GCC_ARM/libmbed.a(serial_api.o)
 .rodata.str1.4
                0x00000000000076f4      0x1d0 ../../mbed/TARGET_LPC1768/TOOLCHAIN_GCC_ARM/libmbed.a(serial_api.o)
                                        0x1e8 (size before relaxing)
 .rodata.PinMap_UART_TX
                0x00000000000078c4       0x6c ../../mbed/TARGET_LPC1768/TOOLCHAIN_GCC_ARM/libmbed.a(serial_api.o)
 .rodata.PinMap_UART_CTS
                0x0000000000007930       0x24 ../../mbed/TARGET_LPC1768/TOOLCHAIN_GCC_ARM/libmbed.a(serial_api.o)
 .rodata.str1.4
                0x0000000000007954       0x31 ../../mbed/TARGET_LPC1768/TOOLCHAIN_GCC_ARM/libmbed.a(assert.o)
                                         0x34 (size before relaxing)
 .rodata.str1.4
                0x0000000000000000       0x80 ../../mbed/TARGET_LPC1768/TOOLCHAIN_GCC_ARM/libmbed.a(gpio.o)
 *fill*         0x0000000000007985        0x3 
 .rodata.str1.4
                0x0000000000007988       0x66 ../../mbed/TARGET_LPC1768/TOOLCHAIN_GCC_ARM/libmbed.a(pinmap_common.o)
                                         0x68 (size before relaxing)
 *fill*         0x00000000000079ee        0x2 
 .rodata.str1.4
                0x00000000000079f0       0x7a ../../mbed/TARGET_LPC1768/TOOLCHAIN_GCC_ARM/libmbed.a(gpio_api.o)
                                         0x94 (size before relaxing)
 *fill*         0x0000000000007a6a        0x2 
 .rodata.str1.4
                0x0000000000007a6c       0x64 ../../mbed/TARGET_LPC1768/TOOLCHAIN_GCC_ARM/libmbed.a(pinmap.o)
                                         0x78 (size before relaxing)
 .rodata.__sf_fake_stdin
                0x0000000000007ad0       0x20 /Developer/Tools/gcc-arm-none-eabi-4_9-2015q1/bin/../lib/gcc/arm-none-eabi/4.9.3/../../../../arm-none-eabi/lib/armv7-m/libc_nano.a(lib_a-findfp.o)
                0x0000000000007ad0                __sf_fake_stdin
 .rodata.__sf_fake_stdout
                0x0000000000007af0       0x20 /Developer/Tools/gcc-arm-none-eabi-4_9-2015q1/bin/../lib/gcc/arm-none-eabi/4.9.3/../../../../arm-none-eabi/lib/armv7-m/libc_nano.a(lib_a-findfp.o)
                0x0000000000007af0                __sf_fake_stdout
 .rodata.__sf_fake_stderr
                0x0000000000007b10       0x20 /Developer/Tools/gcc-arm-none-eabi-4_9-2015q1/bin/../lib/gcc/arm-none-eabi/4.9.3/../../../../arm-none-eabi/lib/armv7-m/libc_nano.a(lib_a-findfp.o)
                0x0000000000007b10                __sf_fake_stderr
 .rodata.str1.1
                0x0000000000007b30        0x2 /Developer/Tools/gcc-arm-none-eabi-4_9-2015q1/bin/../lib/gcc/arm-none-eabi/4.9.3/../../../../arm-none-eabi/lib/armv7-m/libc_nano.a(lib_a-impure.o)
 *fill*         0x0000000000007b32        0x2 
 .rodata._global_impure_ptr
                0x0000000000007b34        0x4 /Developer/Tools/gcc-arm-none-eabi-4_9-2015q1/bin/../lib/gcc/arm-none-eabi/4.9.3/../../../../arm-none-eabi/lib/armv7-m/libc_nano.a(lib_a-impure.o)
                0x0000000000007b34                _global_impure_ptr
 .rodata.str1.1
                0x0000000000007b38       0x11 /Developer/Tools/gcc-arm-none-eabi-4_9-2015q1/bin/../lib/gcc/arm-none-eabi/4.9.3/../../../../arm-none-eabi/lib/armv7-m/libc_nano.a(lib_a-nano-vfprintf.o)
 .rodata.str1.1
                0x0000000000007b49       0x12 /Developer/Tools/gcc-arm-none-eabi-4_9-2015q1/bin/../lib/gcc/arm-none-eabi/4.9.3/../../../../arm-none-eabi/lib/armv7-m/libc_nano.a(lib_a-nano-vfprintf_float.o)
 .rodata.str1.1
                0x0000000000007b5b       0x22 /Developer/Tools/gcc-arm-none-eabi-4_9-2015q1/bin/../lib/gcc/arm-none-eabi/4.9.3/../../../../arm-none-eabi/lib/armv7-m/libc_nano.a(lib_a-nano-vfprintf_i.o)
 .rodata.str1.1
                0x0000000000007b7d        0x5 /Developer/Tools/gcc-arm-none-eabi-4_9-2015q1/bin/../lib/gcc/arm-none-eabi/4.9.3/../../../../arm-none-eabi/lib/armv7-m/libc_nano.a(lib_a-nano-vfscanf_float.o)
 *fill*         0x0000000000007b82        0x2 
 .rodata.fpinan.5309
                0x0000000000007b84       0x14 /Developer/Tools/gcc-arm-none-eabi-4_9-2015q1/bin/../lib/gcc/arm-none-eabi/4.9.3/../../../../arm-none-eabi/lib/armv7-m/libc_nano.a(lib_a-strtod.o)
 .rodata.str1.1
                0x0000000000000000        0x5 /Developer/Tools/gcc-arm-none-eabi-4_9-2015q1/bin/../lib/gcc/arm-none-eabi/4.9.3/../../../../arm-none-eabi/lib/armv7-m/libc_nano.a(lib_a-strtod.o)
                                          0xc (size before relaxing)
 .rodata.tinytens
                0x0000000000007b98       0x28 /Developer/Tools/gcc-arm-none-eabi-4_9-2015q1/bin/../lib/gcc/arm-none-eabi/4.9.3/../../../../arm-none-eabi/lib/armv7-m/libc_nano.a(lib_a-strtod.o)
 .rodata.fpi.5273
                0x0000000000007bc0       0x14 /Developer/Tools/gcc-arm-none-eabi-4_9-2015q1/bin/../lib/gcc/arm-none-eabi/4.9.3/../../../../arm-none-eabi/lib/armv7-m/libc_nano.a(lib_a-strtod.o)
 .rodata._ctype_
                0x0000000000007bd4      0x101 /Developer/Tools/gcc-arm-none-eabi-4_9-2015q1/bin/../lib/gcc/arm-none-eabi/4.9.3/../../../../arm-none-eabi/lib/armv7-m/libc_nano.a(lib_a-ctype_.o)
                0x0000000000007bd4                _ctype_
 .rodata.str1.1
                0x0000000000007cd5        0xd /Developer/Tools/gcc-arm-none-eabi-4_9-2015q1/bin/../lib/gcc/arm-none-eabi/4.9.3/../../../../arm-none-eabi/lib/armv7-m/libc_nano.a(lib_a-dtoa.o)
                                          0xf (size before relaxing)
 .rodata.str1.1
                0x0000000000007ce2        0x6 /Developer/Tools/gcc-arm-none-eabi-4_9-2015q1/bin/../lib/gcc/arm-none-eabi/4.9.3/../../../../arm-none-eabi/lib/armv7-m/libc_nano.a(lib_a-locale.o)
                                          0xb (size before relaxing)
 .rodata.__mprec_tens
                0x0000000000007ce8       0xc8 /Developer/Tools/gcc-arm-none-eabi-4_9-2015q1/bin/../lib/gcc/arm-none-eabi/4.9.3/../../../../arm-none-eabi/lib/armv7-m/libc_nano.a(lib_a-mprec.o)
                0x0000000000007ce8                __mprec_tens
 .rodata.__mprec_bigtens
                0x0000000000007db0       0x28 /Developer/Tools/gcc-arm-none-eabi-4_9-2015q1/bin/../lib/gcc/arm-none-eabi/4.9.3/../../../../arm-none-eabi/lib/armv7-m/libc_nano.a(lib_a-mprec.o)
                0x0000000000007db0                __mprec_bigtens
 .rodata.p05.5308
                0x0000000000007dd8        0xc /Developer/Tools/gcc-arm-none-eabi-4_9-2015q1/bin/../lib/gcc/arm-none-eabi/4.9.3/../../../../arm-none-eabi/lib/armv7-m/libc_nano.a(lib_a-mprec.o)
 .rodata.str1.1
                0x0000000000000000       0x11 /Developer/Tools/gcc-arm-none-eabi-4_9-2015q1/bin/../lib/gcc/arm-none-eabi/4.9.3/../../../../arm-none-eabi/lib/armv7-m/libc_nano.a(lib_a-nano-svfprintf.o)
 *(.eh_frame*)
 .eh_frame      0x0000000000007de4        0x0 /Developer/Tools/gcc-arm-none-eabi-4_9-2015q1/bin/../lib/gcc/arm-none-eabi/4.9.3/armv7-m/crtbegin.o
 .eh_frame      0x0000000000007de4       0x28 /Developer/Tools/gcc-arm-none-eabi-4_9-2015q1/bin/../lib/gcc/arm-none-eabi/4.9.3/../../../../arm-none-eabi/lib/armv7-m/libc_nano.a(lib_a-strcmp.o)
 .eh_frame      0x0000000000007e0c        0x4 /Developer/Tools/gcc-arm-none-eabi-4_9-2015q1/bin/../lib/gcc/arm-none-eabi/4.9.3/armv7-m/crtend.o

.glue_7         0x0000000000007e10        0x0
 .glue_7        0x0000000000000000        0x0 linker stubs

.glue_7t        0x0000000000007e10        0x0
 .glue_7t       0x0000000000000000        0x0 linker stubs

.vfp11_veneer   0x0000000000007e10        0x0
 .vfp11_veneer  0x0000000000000000        0x0 linker stubs

.v4_bx          0x0000000000007e10        0x0
 .v4_bx         0x0000000000000000        0x0 linker stubs

.iplt           0x0000000000007e10        0x0
 .iplt          0x0000000000000000        0x0 /Developer/Tools/gcc-arm-none-eabi-4_9-2015q1/bin/../lib/gcc/arm-none-eabi/4.9.3/armv7-m/crtbegin.o

.ARM.extab
 *(.ARM.extab* .gnu.linkonce.armextab.*)
                0x0000000000007e10                __exidx_start = .

.ARM.exidx      0x0000000000007e10        0x8
 *(.ARM.exidx* .gnu.linkonce.armexidx.*)
 .ARM.exidx     0x0000000000007e10        0x8 /Developer/Tools/gcc-arm-none-eabi-4_9-2015q1/bin/../lib/gcc/arm-none-eabi/4.9.3/../../../../arm-none-eabi/lib/armv7-m/crt0.o
                0x0000000000007e18                __exidx_end = .
                0x0000000000007e18                __etext = .

.rel.dyn        0x0000000000007e18        0x0
 .rel.iplt      0x0000000000000000        0x0 /Developer/Tools/gcc-arm-none-eabi-4_9-2015q1/bin/../lib/gcc/arm-none-eabi/4.9.3/armv7-m/crtbegin.o

.data           0x00000000100000c8       0xb0 load address 0x0000000000007e18
                0x00000000100000c8                __data_start__ = .
                0x00000000100000c8                Image$$RW_IRAM1$$Base = .
 *(vtable)
 *(.data*)
 .data.SystemCoreClock
                0x00000000100000c8        0x4 ../../mbed/TARGET_LPC1768/TOOLCHAIN_GCC_ARM/system_LPC17xx.o
                0x00000000100000c8                SystemCoreClock
 .data._ZZ5_sbrkE4heap
                0x00000000100000cc        0x4 ../../mbed/TARGET_LPC1768/TOOLCHAIN_GCC_ARM/retarget.o
 .data.impure_data
                0x00000000100000d0       0x60 /Developer/Tools/gcc-arm-none-eabi-4_9-2015q1/bin/../lib/gcc/arm-none-eabi/4.9.3/../../../../arm-none-eabi/lib/armv7-m/libc_nano.a(lib_a-impure.o)
 .data._impure_ptr
                0x0000000010000130        0x4 /Developer/Tools/gcc-arm-none-eabi-4_9-2015q1/bin/../lib/gcc/arm-none-eabi/4.9.3/../../../../arm-none-eabi/lib/armv7-m/libc_nano.a(lib_a-impure.o)
                0x0000000010000130                _impure_ptr
 .data.__ctype_ptr__
                0x0000000010000134        0x4 /Developer/Tools/gcc-arm-none-eabi-4_9-2015q1/bin/../lib/gcc/arm-none-eabi/4.9.3/../../../../arm-none-eabi/lib/armv7-m/libc_nano.a(lib_a-ctype_.o)
                0x0000000010000134                __ctype_ptr__
 .data.lconv    0x0000000010000138       0x38 /Developer/Tools/gcc-arm-none-eabi-4_9-2015q1/bin/../lib/gcc/arm-none-eabi/4.9.3/../../../../arm-none-eabi/lib/armv7-m/libc_nano.a(lib_a-locale.o)
                0x0000000010000170                . = ALIGN (0x4)
                0x0000000010000170                PROVIDE (__preinit_array_start, .)
 *(.preinit_array)
                0x0000000010000170                PROVIDE (__preinit_array_end, .)
                0x0000000010000170                . = ALIGN (0x4)
                0x0000000010000170                PROVIDE (__init_array_start, .)
 *(SORT(.init_array.*))
 *(.init_array)
 .init_array    0x0000000010000170        0x4 /Developer/Tools/gcc-arm-none-eabi-4_9-2015q1/bin/../lib/gcc/arm-none-eabi/4.9.3/armv7-m/crtbegin.o
                0x0000000010000174                PROVIDE (__init_array_end, .)
                0x0000000010000174                . = ALIGN (0x4)
                0x0000000010000174                PROVIDE (__fini_array_start, .)
 *(SORT(.fini_array.*))
 *(.fini_array)
 .fini_array    0x0000000010000174        0x4 /Developer/Tools/gcc-arm-none-eabi-4_9-2015q1/bin/../lib/gcc/arm-none-eabi/4.9.3/armv7-m/crtbegin.o
                0x0000000010000178                PROVIDE (__fini_array_end, .)
                0x0000000010000178                . = ALIGN (0x4)
                0x0000000010000178                __data_end__ = .

.jcr            0x0000000010000178        0x0 load address 0x0000000000007ec8
 .jcr           0x0000000010000178        0x0 /Developer/Tools/gcc-arm-none-eabi-4_9-2015q1/bin/../lib/gcc/arm-none-eabi/4.9.3/armv7-m/crtbegin.o

.igot.plt       0x0000000010000178        0x0 load address 0x0000000000007ec8
 .igot.plt      0x0000000000000000        0x0 /Developer/Tools/gcc-arm-none-eabi-4_9-2015q1/bin/../lib/gcc/arm-none-eabi/4.9.3/armv7-m/crtbegin.o

.bss            0x0000000010000178      0x2e4 load address 0x0000000000007ec8
                0x0000000010000178                __bss_start__ = .
 *(.bss*)
 .bss           0x0000000010000178       0x1c /Developer/Tools/gcc-arm-none-eabi-4_9-2015q1/bin/../lib/gcc/arm-none-eabi/4.9.3/armv7-m/crtbegin.o
 .bss.p_first_resource
                0x0000000010000194        0x4 rpc_server.o
                0x0000000010000194                p_first_resource
 .bss._ZL10grove_name
                0x0000000010000198       0x21 rpc_server.o
 *fill*         0x00000000100001b9        0x3 
 .bss.p_event_queue_tail
                0x00000000100001bc        0x4 rpc_server.o
                0x00000000100001bc                p_event_queue_tail
 .bss._ZL8arg_buff
                0x00000000100001c0       0x10 rpc_server.o
 .bss._ZL10p_resource
                0x00000000100001d0        0x4 rpc_server.o
 .bss._ZL4buff  0x00000000100001d4       0x21 rpc_server.o
 *fill*         0x00000000100001f5        0x3 
 .bss._ZL11parse_stage
                0x00000000100001f8        0x4 rpc_server.o
 .bss._ZL5event
                0x00000000100001fc       0x10 rpc_server.o
 .bss._ZL2ch    0x000000001000020c        0x1 rpc_server.o
 *fill*         0x000000001000020d        0x3 
 .bss.p_event_queue_head
                0x0000000010000210        0x4 rpc_server.o
                0x0000000010000210                p_event_queue_head
 .bss._ZL8req_type
                0x0000000010000214        0x4 rpc_server.o
 .bss._ZL10arg_offset
                0x0000000010000218        0x4 rpc_server.o
 .bss._ZL9arg_index
                0x000000001000021c        0x4 rpc_server.o
 .bss.p_cur_resource
                0x0000000010000220        0x4 rpc_server.o
                0x0000000010000220                p_cur_resource
 .bss._ZL11method_name
                0x0000000010000224       0x21 rpc_server.o
 *fill*         0x0000000010000245        0x3 
 .bss._ZL6offset
                0x0000000010000248        0x4 rpc_server.o
 .bss.event1    0x000000001000024c        0x4 grove_example.o
                0x000000001000024c                event1
 .bss._ZL11filehandles
                0x0000000010000250      0x100 ../../mbed/TARGET_LPC1768/TOOLCHAIN_GCC_ARM/retarget.o
 .bss.stdio_uart_inited
                0x0000000010000350        0x4 ../../mbed/TARGET_LPC1768/TOOLCHAIN_GCC_ARM/libmbed.a(serial_api.o)
                0x0000000010000350                stdio_uart_inited
 .bss.irq_handler
                0x0000000010000354        0x4 ../../mbed/TARGET_LPC1768/TOOLCHAIN_GCC_ARM/libmbed.a(serial_api.o)
 .bss.uart_data
                0x0000000010000358       0xe0 ../../mbed/TARGET_LPC1768/TOOLCHAIN_GCC_ARM/libmbed.a(serial_api.o)
 .bss.us_ticker_inited
                0x0000000010000438        0x4 ../../mbed/TARGET_LPC1768/TOOLCHAIN_GCC_ARM/libmbed.a(us_ticker.o)
                0x0000000010000438                us_ticker_inited
 .bss.head      0x000000001000043c        0x4 ../../mbed/TARGET_LPC1768/TOOLCHAIN_GCC_ARM/libmbed.a(us_ticker_api.o)
 .bss.event_handler
                0x0000000010000440        0x4 ../../mbed/TARGET_LPC1768/TOOLCHAIN_GCC_ARM/libmbed.a(us_ticker_api.o)
 .bss._ZN12_GLOBAL__N_113__new_handlerE
                0x0000000010000444        0x4 /Developer/Tools/gcc-arm-none-eabi-4_9-2015q1/bin/../lib/gcc/arm-none-eabi/4.9.3/../../../../arm-none-eabi/lib/armv7-m/libstdc++_nano.a(new_handler.o)
 .bss.__malloc_sbrk_start
                0x0000000010000448        0x4 /Developer/Tools/gcc-arm-none-eabi-4_9-2015q1/bin/../lib/gcc/arm-none-eabi/4.9.3/../../../../arm-none-eabi/lib/armv7-m/libc_nano.a(lib_a-nano-mallocr.o)
                0x0000000010000448                __malloc_sbrk_start
 .bss.__malloc_free_list
                0x000000001000044c        0x4 /Developer/Tools/gcc-arm-none-eabi-4_9-2015q1/bin/../lib/gcc/arm-none-eabi/4.9.3/../../../../arm-none-eabi/lib/armv7-m/libc_nano.a(lib_a-nano-mallocr.o)
                0x000000001000044c                __malloc_free_list
 *(COMMON)
 COMMON         0x0000000010000450        0x8 ../../mbed/TARGET_LPC1768/TOOLCHAIN_GCC_ARM/libmbed.a(serial_api.o)
                0x0000000010000450                stdio_uart
 COMMON         0x0000000010000458        0x4 /Developer/Tools/gcc-arm-none-eabi-4_9-2015q1/bin/../lib/gcc/arm-none-eabi/4.9.3/../../../../arm-none-eabi/lib/armv7-m/libc_nano.a(lib_a-reent.o)
                0x0000000010000458                errno
                0x000000001000045c                __bss_end__ = .
                0x000000001000045c                Image$$RW_IRAM1$$ZI$$Limit = .

.heap           0x0000000010000460      0x800
                0x0000000010000460                __end__ = .
                0x0000000010000460                end = __end__
 *(.heap*)
 .heap          0x0000000010000460      0x800 ../../mbed/TARGET_LPC1768/TOOLCHAIN_GCC_ARM/startup_LPC17xx.o
                0x0000000010000460                __HeapBase
                0x0000000010000c60                __HeapLimit = .

.stack_dummy    0x0000000010000460      0xc00
 *(.stack)
 .stack         0x0000000010000460      0xc00 ../../mbed/TARGET_LPC1768/TOOLCHAIN_GCC_ARM/startup_LPC17xx.o
                0x0000000010008000                __StackTop = (ORIGIN (RAM) + 0x7f38)
                0x0000000010007400                __StackLimit = (__StackTop - SIZEOF (.stack_dummy))
                0x0000000010008000                PROVIDE (__stack, __StackTop)
                0x0000000000000001                ASSERT ((__StackLimit >= __HeapLimit), region RAM overflowed with stack)

.AHBSRAM0       0x000000002007c000        0x0
                0x000000002007c000                Image$$RW_IRAM2$$Base = .
 *(AHBSRAM0)
                0x000000002007c000                Image$$RW_IRAM2$$ZI$$Limit = .

.AHBSRAM1       0x0000000020080000        0x0
                0x0000000020080000                Image$$RW_IRAM3$$Base = .
 *(AHBSRAM1)
                0x0000000020080000                Image$$RW_IRAM3$$ZI$$Limit = .
OUTPUT(mbed_1768_grove_driver_framework.elf elf32-littlearm)

.ARM.attributes
                0x0000000000000000       0x29
 .ARM.attributes
                0x0000000000000000       0x1d /Developer/Tools/gcc-arm-none-eabi-4_9-2015q1/bin/../lib/gcc/arm-none-eabi/4.9.3/armv7-m/crti.o
 .ARM.attributes
                0x000000000000001d       0x2d /Developer/Tools/gcc-arm-none-eabi-4_9-2015q1/bin/../lib/gcc/arm-none-eabi/4.9.3/armv7-m/crtbegin.o
 .ARM.attributes
                0x000000000000004a       0x1b /Developer/Tools/gcc-arm-none-eabi-4_9-2015q1/bin/../lib/gcc/arm-none-eabi/4.9.3/../../../../arm-none-eabi/lib/armv7-m/crt0.o
 .ARM.attributes
                0x0000000000000065       0x33 main.o
 .ARM.attributes
                0x0000000000000098       0x33 user_main.o
 .ARM.attributes
                0x00000000000000cb       0x33 rpc_server.o
 .ARM.attributes
                0x00000000000000fe       0x33 rpc_stream.o
 .ARM.attributes
                0x0000000000000131       0x33 rpc_server_registration.o
 .ARM.attributes
                0x0000000000000164       0x33 grove_example.o
 .ARM.attributes
                0x0000000000000197       0x33 grove_example_class.o
 .ARM.attributes
                0x00000000000001ca       0x33 grove_example_gen.o
 .ARM.attributes
                0x00000000000001fd       0x33 ../../mbed/TARGET_LPC1768/TOOLCHAIN_GCC_ARM/cmsis_nvic.o
 .ARM.attributes
                0x0000000000000230       0x33 ../../mbed/TARGET_LPC1768/TOOLCHAIN_GCC_ARM/system_LPC17xx.o
 .ARM.attributes
                0x0000000000000263       0x33 ../../mbed/TARGET_LPC1768/TOOLCHAIN_GCC_ARM/board.o
 .ARM.attributes
                0x0000000000000296       0x33 ../../mbed/TARGET_LPC1768/TOOLCHAIN_GCC_ARM/retarget.o
 .ARM.attributes
                0x00000000000002c9       0x1b ../../mbed/TARGET_LPC1768/TOOLCHAIN_GCC_ARM/startup_LPC17xx.o
 .ARM.attributes
                0x00000000000002e4       0x33 ../../mbed/TARGET_LPC1768/TOOLCHAIN_GCC_ARM/libmbed.a(i2c_api.o)
 .ARM.attributes
                0x0000000000000317       0x33 ../../mbed/TARGET_LPC1768/TOOLCHAIN_GCC_ARM/libmbed.a(serial_api.o)
 .ARM.attributes
                0x000000000000034a       0x33 ../../mbed/TARGET_LPC1768/TOOLCHAIN_GCC_ARM/libmbed.a(us_ticker.o)
 .ARM.attributes
                0x000000000000037d       0x33 ../../mbed/TARGET_LPC1768/TOOLCHAIN_GCC_ARM/libmbed.a(assert.o)
 .ARM.attributes
                0x00000000000003b0       0x33 ../../mbed/TARGET_LPC1768/TOOLCHAIN_GCC_ARM/libmbed.a(error.o)
 .ARM.attributes
                0x00000000000003e3       0x33 ../../mbed/TARGET_LPC1768/TOOLCHAIN_GCC_ARM/libmbed.a(mbed_interface.o)
 .ARM.attributes
                0x0000000000000416       0x33 ../../mbed/TARGET_LPC1768/TOOLCHAIN_GCC_ARM/libmbed.a(gpio.o)
 .ARM.attributes
                0x0000000000000449       0x33 ../../mbed/TARGET_LPC1768/TOOLCHAIN_GCC_ARM/libmbed.a(pinmap_common.o)
 .ARM.attributes
                0x000000000000047c       0x33 ../../mbed/TARGET_LPC1768/TOOLCHAIN_GCC_ARM/libmbed.a(semihost_api.o)
 .ARM.attributes
                0x00000000000004af       0x33 ../../mbed/TARGET_LPC1768/TOOLCHAIN_GCC_ARM/libmbed.a(us_ticker_api.o)
 .ARM.attributes
                0x00000000000004e2       0x33 ../../mbed/TARGET_LPC1768/TOOLCHAIN_GCC_ARM/libmbed.a(wait_api.o)
 .ARM.attributes
                0x0000000000000515       0x33 ../../mbed/TARGET_LPC1768/TOOLCHAIN_GCC_ARM/libmbed.a(gpio_api.o)
 .ARM.attributes
                0x0000000000000548       0x33 ../../mbed/TARGET_LPC1768/TOOLCHAIN_GCC_ARM/libmbed.a(pinmap.o)
 .ARM.attributes
                0x000000000000057b       0x2d /Developer/Tools/gcc-arm-none-eabi-4_9-2015q1/bin/../lib/gcc/arm-none-eabi/4.9.3/../../../../arm-none-eabi/lib/armv7-m/libstdc++_nano.a(new_op.o)
 .ARM.attributes
                0x00000000000005a8       0x2d /Developer/Tools/gcc-arm-none-eabi-4_9-2015q1/bin/../lib/gcc/arm-none-eabi/4.9.3/../../../../arm-none-eabi/lib/armv7-m/libstdc++_nano.a(new_handler.o)
 .ARM.attributes
                0x00000000000005d5       0x2d /Developer/Tools/gcc-arm-none-eabi-4_9-2015q1/bin/../lib/gcc/arm-none-eabi/4.9.3/../../../../arm-none-eabi/lib/armv7-m/libc_nano.a(lib_a-abort.o)
 .ARM.attributes
                0x0000000000000602       0x2d /Developer/Tools/gcc-arm-none-eabi-4_9-2015q1/bin/../lib/gcc/arm-none-eabi/4.9.3/../../../../arm-none-eabi/lib/armv7-m/libc_nano.a(lib_a-abs.o)
 .ARM.attributes
                0x000000000000062f       0x2d /Developer/Tools/gcc-arm-none-eabi-4_9-2015q1/bin/../lib/gcc/arm-none-eabi/4.9.3/../../../../arm-none-eabi/lib/armv7-m/libc_nano.a(lib_a-atof.o)
 .ARM.attributes
                0x000000000000065c       0x2d /Developer/Tools/gcc-arm-none-eabi-4_9-2015q1/bin/../lib/gcc/arm-none-eabi/4.9.3/../../../../arm-none-eabi/lib/armv7-m/libc_nano.a(lib_a-atoi.o)
 .ARM.attributes
                0x0000000000000689       0x2d /Developer/Tools/gcc-arm-none-eabi-4_9-2015q1/bin/../lib/gcc/arm-none-eabi/4.9.3/../../../../arm-none-eabi/lib/armv7-m/libc_nano.a(lib_a-atol.o)
 .ARM.attributes
                0x00000000000006b6       0x2d /Developer/Tools/gcc-arm-none-eabi-4_9-2015q1/bin/../lib/gcc/arm-none-eabi/4.9.3/../../../../arm-none-eabi/lib/armv7-m/libc_nano.a(lib_a-errno.o)
 .ARM.attributes
                0x00000000000006e3       0x2d /Developer/Tools/gcc-arm-none-eabi-4_9-2015q1/bin/../lib/gcc/arm-none-eabi/4.9.3/../../../../arm-none-eabi/lib/armv7-m/libc_nano.a(lib_a-exit.o)
 .ARM.attributes
                0x0000000000000710       0x2d /Developer/Tools/gcc-arm-none-eabi-4_9-2015q1/bin/../lib/gcc/arm-none-eabi/4.9.3/../../../../arm-none-eabi/lib/armv7-m/libc_nano.a(lib_a-fflush.o)
 .ARM.attributes
                0x000000000000073d       0x2d /Developer/Tools/gcc-arm-none-eabi-4_9-2015q1/bin/../lib/gcc/arm-none-eabi/4.9.3/../../../../arm-none-eabi/lib/armv7-m/libc_nano.a(lib_a-findfp.o)
 .ARM.attributes
                0x000000000000076a       0x2d /Developer/Tools/gcc-arm-none-eabi-4_9-2015q1/bin/../lib/gcc/arm-none-eabi/4.9.3/../../../../arm-none-eabi/lib/armv7-m/libc_nano.a(lib_a-fprintf.o)
 .ARM.attributes
                0x0000000000000797       0x2d /Developer/Tools/gcc-arm-none-eabi-4_9-2015q1/bin/../lib/gcc/arm-none-eabi/4.9.3/../../../../arm-none-eabi/lib/armv7-m/libc_nano.a(lib_a-fwalk.o)
 .ARM.attributes
                0x00000000000007c4       0x2d /Developer/Tools/gcc-arm-none-eabi-4_9-2015q1/bin/../lib/gcc/arm-none-eabi/4.9.3/../../../../arm-none-eabi/lib/armv7-m/libc_nano.a(lib_a-getchar.o)
 .ARM.attributes
                0x00000000000007f1       0x2d /Developer/Tools/gcc-arm-none-eabi-4_9-2015q1/bin/../lib/gcc/arm-none-eabi/4.9.3/../../../../arm-none-eabi/lib/armv7-m/libc_nano.a(lib_a-impure.o)
 .ARM.attributes
                0x000000000000081e       0x2d /Developer/Tools/gcc-arm-none-eabi-4_9-2015q1/bin/../lib/gcc/arm-none-eabi/4.9.3/../../../../arm-none-eabi/lib/armv7-m/libc_nano.a(lib_a-init.o)
 .ARM.attributes
                0x000000000000084b       0x2d /Developer/Tools/gcc-arm-none-eabi-4_9-2015q1/bin/../lib/gcc/arm-none-eabi/4.9.3/../../../../arm-none-eabi/lib/armv7-m/libc_nano.a(lib_a-malloc.o)
 .ARM.attributes
                0x0000000000000878       0x2d /Developer/Tools/gcc-arm-none-eabi-4_9-2015q1/bin/../lib/gcc/arm-none-eabi/4.9.3/../../../../arm-none-eabi/lib/armv7-m/libc_nano.a(lib_a-memchr.o)
 .ARM.attributes
                0x00000000000008a5       0x2d /Developer/Tools/gcc-arm-none-eabi-4_9-2015q1/bin/../lib/gcc/arm-none-eabi/4.9.3/../../../../arm-none-eabi/lib/armv7-m/libc_nano.a(lib_a-memcmp.o)
 .ARM.attributes
                0x00000000000008d2       0x2d /Developer/Tools/gcc-arm-none-eabi-4_9-2015q1/bin/../lib/gcc/arm-none-eabi/4.9.3/../../../../arm-none-eabi/lib/armv7-m/libc_nano.a(lib_a-memcpy.o)
 .ARM.attributes
                0x00000000000008ff       0x2d /Developer/Tools/gcc-arm-none-eabi-4_9-2015q1/bin/../lib/gcc/arm-none-eabi/4.9.3/../../../../arm-none-eabi/lib/armv7-m/libc_nano.a(lib_a-memset.o)
 .ARM.attributes
                0x000000000000092c       0x2d /Developer/Tools/gcc-arm-none-eabi-4_9-2015q1/bin/../lib/gcc/arm-none-eabi/4.9.3/../../../../arm-none-eabi/lib/armv7-m/libc_nano.a(lib_a-nano-freer.o)
 .ARM.attributes
                0x0000000000000959       0x2d /Developer/Tools/gcc-arm-none-eabi-4_9-2015q1/bin/../lib/gcc/arm-none-eabi/4.9.3/../../../../arm-none-eabi/lib/armv7-m/libc_nano.a(lib_a-nano-mallocr.o)
 .ARM.attributes
                0x0000000000000986       0x2d /Developer/Tools/gcc-arm-none-eabi-4_9-2015q1/bin/../lib/gcc/arm-none-eabi/4.9.3/../../../../arm-none-eabi/lib/armv7-m/libc_nano.a(lib_a-nano-vfprintf.o)
 .ARM.attributes
                0x00000000000009b3       0x2d /Developer/Tools/gcc-arm-none-eabi-4_9-2015q1/bin/../lib/gcc/arm-none-eabi/4.9.3/../../../../arm-none-eabi/lib/armv7-m/libc_nano.a(lib_a-nano-vfprintf_float.o)
 .ARM.attributes
                0x00000000000009e0       0x2d /Developer/Tools/gcc-arm-none-eabi-4_9-2015q1/bin/../lib/gcc/arm-none-eabi/4.9.3/../../../../arm-none-eabi/lib/armv7-m/libc_nano.a(lib_a-nano-vfprintf_i.o)
 .ARM.attributes
                0x0000000000000a0d       0x2d /Developer/Tools/gcc-arm-none-eabi-4_9-2015q1/bin/../lib/gcc/arm-none-eabi/4.9.3/../../../../arm-none-eabi/lib/armv7-m/libc_nano.a(lib_a-nano-vfscanf_float.o)
 .ARM.attributes
                0x0000000000000a3a       0x2d /Developer/Tools/gcc-arm-none-eabi-4_9-2015q1/bin/../lib/gcc/arm-none-eabi/4.9.3/../../../../arm-none-eabi/lib/armv7-m/libc_nano.a(lib_a-putchar.o)
 .ARM.attributes
                0x0000000000000a67       0x2d /Developer/Tools/gcc-arm-none-eabi-4_9-2015q1/bin/../lib/gcc/arm-none-eabi/4.9.3/../../../../arm-none-eabi/lib/armv7-m/libc_nano.a(lib_a-puts.o)
 .ARM.attributes
                0x0000000000000a94       0x2d /Developer/Tools/gcc-arm-none-eabi-4_9-2015q1/bin/../lib/gcc/arm-none-eabi/4.9.3/../../../../arm-none-eabi/lib/armv7-m/libc_nano.a(lib_a-reent.o)
 .ARM.attributes
                0x0000000000000ac1       0x2d /Developer/Tools/gcc-arm-none-eabi-4_9-2015q1/bin/../lib/gcc/arm-none-eabi/4.9.3/../../../../arm-none-eabi/lib/armv7-m/libc_nano.a(lib_a-refill.o)
 .ARM.attributes
                0x0000000000000aee       0x2d /Developer/Tools/gcc-arm-none-eabi-4_9-2015q1/bin/../lib/gcc/arm-none-eabi/4.9.3/../../../../arm-none-eabi/lib/armv7-m/libc_nano.a(lib_a-rget.o)
 .ARM.attributes
                0x0000000000000b1b       0x2d /Developer/Tools/gcc-arm-none-eabi-4_9-2015q1/bin/../lib/gcc/arm-none-eabi/4.9.3/../../../../arm-none-eabi/lib/armv7-m/libc_nano.a(lib_a-s_fpclassify.o)
 .ARM.attributes
                0x0000000000000b48       0x2d /Developer/Tools/gcc-arm-none-eabi-4_9-2015q1/bin/../lib/gcc/arm-none-eabi/4.9.3/../../../../arm-none-eabi/lib/armv7-m/libc_nano.a(lib_a-sbrkr.o)
 .ARM.attributes
                0x0000000000000b75       0x2d /Developer/Tools/gcc-arm-none-eabi-4_9-2015q1/bin/../lib/gcc/arm-none-eabi/4.9.3/../../../../arm-none-eabi/lib/armv7-m/libc_nano.a(lib_a-sf_nan.o)
 .ARM.attributes
                0x0000000000000ba2       0x2d /Developer/Tools/gcc-arm-none-eabi-4_9-2015q1/bin/../lib/gcc/arm-none-eabi/4.9.3/../../../../arm-none-eabi/lib/armv7-m/libc_nano.a(lib_a-signal.o)
 .ARM.attributes
                0x0000000000000bcf       0x2d /Developer/Tools/gcc-arm-none-eabi-4_9-2015q1/bin/../lib/gcc/arm-none-eabi/4.9.3/../../../../arm-none-eabi/lib/armv7-m/libc_nano.a(lib_a-signalr.o)
 .ARM.attributes
                0x0000000000000bfc       0x2d /Developer/Tools/gcc-arm-none-eabi-4_9-2015q1/bin/../lib/gcc/arm-none-eabi/4.9.3/../../../../arm-none-eabi/lib/armv7-m/libc_nano.a(lib_a-sprintf.o)
 .ARM.attributes
                0x0000000000000c29       0x2d /Developer/Tools/gcc-arm-none-eabi-4_9-2015q1/bin/../lib/gcc/arm-none-eabi/4.9.3/../../../../arm-none-eabi/lib/armv7-m/libc_nano.a(lib_a-stdio.o)
 .ARM.attributes
                0x0000000000000c56       0x1b /Developer/Tools/gcc-arm-none-eabi-4_9-2015q1/bin/../lib/gcc/arm-none-eabi/4.9.3/../../../../arm-none-eabi/lib/armv7-m/libc_nano.a(lib_a-strcmp.o)
 .ARM.attributes
                0x0000000000000c71       0x2d /Developer/Tools/gcc-arm-none-eabi-4_9-2015q1/bin/../lib/gcc/arm-none-eabi/4.9.3/../../../../arm-none-eabi/lib/armv7-m/libc_nano.a(lib_a-strlen.o)
 .ARM.attributes
                0x0000000000000c9e       0x2d /Developer/Tools/gcc-arm-none-eabi-4_9-2015q1/bin/../lib/gcc/arm-none-eabi/4.9.3/../../../../arm-none-eabi/lib/armv7-m/libc_nano.a(lib_a-strncmp.o)
 .ARM.attributes
                0x0000000000000ccb       0x2d /Developer/Tools/gcc-arm-none-eabi-4_9-2015q1/bin/../lib/gcc/arm-none-eabi/4.9.3/../../../../arm-none-eabi/lib/armv7-m/libc_nano.a(lib_a-strtod.o)
 .ARM.attributes
                0x0000000000000cf8       0x2d /Developer/Tools/gcc-arm-none-eabi-4_9-2015q1/bin/../lib/gcc/arm-none-eabi/4.9.3/../../../../arm-none-eabi/lib/armv7-m/libc_nano.a(lib_a-strtol.o)
 .ARM.attributes
                0x0000000000000d25       0x2d /Developer/Tools/gcc-arm-none-eabi-4_9-2015q1/bin/../lib/gcc/arm-none-eabi/4.9.3/../../../../arm-none-eabi/lib/armv7-m/libc_nano.a(lib_a-wbuf.o)
 .ARM.attributes
                0x0000000000000d52       0x2d /Developer/Tools/gcc-arm-none-eabi-4_9-2015q1/bin/../lib/gcc/arm-none-eabi/4.9.3/../../../../arm-none-eabi/lib/armv7-m/libc_nano.a(lib_a-writer.o)
 .ARM.attributes
                0x0000000000000d7f       0x2d /Developer/Tools/gcc-arm-none-eabi-4_9-2015q1/bin/../lib/gcc/arm-none-eabi/4.9.3/../../../../arm-none-eabi/lib/armv7-m/libc_nano.a(lib_a-wsetup.o)
 .ARM.attributes
                0x0000000000000dac       0x2d /Developer/Tools/gcc-arm-none-eabi-4_9-2015q1/bin/../lib/gcc/arm-none-eabi/4.9.3/../../../../arm-none-eabi/lib/armv7-m/libc_nano.a(lib_a-closer.o)
 .ARM.attributes
                0x0000000000000dd9       0x2d /Developer/Tools/gcc-arm-none-eabi-4_9-2015q1/bin/../lib/gcc/arm-none-eabi/4.9.3/../../../../arm-none-eabi/lib/armv7-m/libc_nano.a(lib_a-ctype_.o)
 .ARM.attributes
                0x0000000000000e06       0x2d /Developer/Tools/gcc-arm-none-eabi-4_9-2015q1/bin/../lib/gcc/arm-none-eabi/4.9.3/../../../../arm-none-eabi/lib/armv7-m/libc_nano.a(lib_a-dtoa.o)
 .ARM.attributes
                0x0000000000000e33       0x2d /Developer/Tools/gcc-arm-none-eabi-4_9-2015q1/bin/../lib/gcc/arm-none-eabi/4.9.3/../../../../arm-none-eabi/lib/armv7-m/libc_nano.a(lib_a-gdtoa-gethex.o)
 .ARM.attributes