Archive member included because of file (symbol)

../../mbed/TARGET_LPC1768/TOOLCHAIN_GCC_ARM/libmbed.a(i2c_api.o)
                              grove_example.o (i2c_init)
../../mbed/TARGET_LPC1768/TOOLCHAIN_GCC_ARM/libmbed.a(serial_api.o)
                              suli2.o (serial_getc)
../../mbed/TARGET_LPC1768/TOOLCHAIN_GCC_ARM/libmbed.a(us_ticker.o)
                              suli2.o (us_ticker_read)
../../mbed/TARGET_LPC1768/TOOLCHAIN_GCC_ARM/libmbed.a(FilePath.o)
                              ../../mbed/TARGET_LPC1768/TOOLCHAIN_GCC_ARM/retarget.o (mbed::FilePath::FilePath(char const*))
../../mbed/TARGET_LPC1768/TOOLCHAIN_GCC_ARM/libmbed.a(FileSystemLike.o)
                              ../../mbed/TARGET_LPC1768/TOOLCHAIN_GCC_ARM/retarget.o (mbed::FileSystemLike::opendir())
../../mbed/TARGET_LPC1768/TOOLCHAIN_GCC_ARM/libmbed.a(assert.o)
                              ../../mbed/TARGET_LPC1768/TOOLCHAIN_GCC_ARM/board.o (mbed_assert_internal)
../../mbed/TARGET_LPC1768/TOOLCHAIN_GCC_ARM/libmbed.a(error.o)
                              ../../mbed/TARGET_LPC1768/TOOLCHAIN_GCC_ARM/retarget.o (error)
../../mbed/TARGET_LPC1768/TOOLCHAIN_GCC_ARM/libmbed.a(mbed_interface.o)
                              ../../mbed/TARGET_LPC1768/TOOLCHAIN_GCC_ARM/retarget.o (mbed_interface_connected)
../../mbed/TARGET_LPC1768/TOOLCHAIN_GCC_ARM/libmbed.a(gpio.o)
                              ../../mbed/TARGET_LPC1768/TOOLCHAIN_GCC_ARM/libmbed.a(serial_api.o) (gpio_init_in)
../../mbed/TARGET_LPC1768/TOOLCHAIN_GCC_ARM/libmbed.a(pinmap_common.o)
                              ../../mbed/TARGET_LPC1768/TOOLCHAIN_GCC_ARM/libmbed.a(i2c_api.o) (pinmap_pinout)
../../mbed/TARGET_LPC1768/TOOLCHAIN_GCC_ARM/libmbed.a(semihost_api.o)
                              ../../mbed/TARGET_LPC1768/TOOLCHAIN_GCC_ARM/retarget.o (semihost_exit)
../../mbed/TARGET_LPC1768/TOOLCHAIN_GCC_ARM/libmbed.a(us_ticker_api.o)
                              ../../mbed/TARGET_LPC1768/TOOLCHAIN_GCC_ARM/libmbed.a(us_ticker.o) (us_ticker_irq_handler)
../../mbed/TARGET_LPC1768/TOOLCHAIN_GCC_ARM/libmbed.a(wait_api.o)
                              ../../mbed/TARGET_LPC1768/TOOLCHAIN_GCC_ARM/board.o (wait_ms)
../../mbed/TARGET_LPC1768/TOOLCHAIN_GCC_ARM/libmbed.a(gpio_api.o)
                              ../../mbed/TARGET_LPC1768/TOOLCHAIN_GCC_ARM/libmbed.a(gpio.o) (gpio_init)
../../mbed/TARGET_LPC1768/TOOLCHAIN_GCC_ARM/libmbed.a(pinmap.o)
                              ../../mbed/TARGET_LPC1768/TOOLCHAIN_GCC_ARM/libmbed.a(pinmap_common.o) (pin_function)
../../mbed/TARGET_LPC1768/TOOLCHAIN_GCC_ARM/libmbed.a(FileBase.o)
                              ../../mbed/TARGET_LPC1768/TOOLCHAIN_GCC_ARM/libmbed.a(FileSystemLike.o) (mbed::FileBase::~FileBase())
/Developer/Tools/gcc-arm-none-eabi-4_9-2015q1/bin/../lib/gcc/arm-none-eabi/4.9.3/../../../../arm-none-eabi/lib/armv7-m/libstdc++_nano.a(del_op.o)
                              ../../mbed/TARGET_LPC1768/TOOLCHAIN_GCC_ARM/retarget.o (operator delete(void*))
/Developer/Tools/gcc-arm-none-eabi-4_9-2015q1/bin/../lib/gcc/arm-none-eabi/4.9.3/../../../../arm-none-eabi/lib/armv7-m/libstdc++_nano.a(new_op.o)
                              rpc_server_registration.o (operator new(unsigned int))
/Developer/Tools/gcc-arm-none-eabi-4_9-2015q1/bin/../lib/gcc/arm-none-eabi/4.9.3/../../../../arm-none-eabi/lib/armv7-m/libstdc++_nano.a(new_handler.o)
                              /Developer/Tools/gcc-arm-none-eabi-4_9-2015q1/bin/../lib/gcc/arm-none-eabi/4.9.3/../../../../arm-none-eabi/lib/armv7-m/libstdc++_nano.a(new_op.o) (std::get_new_handler())
/Developer/Tools/gcc-arm-none-eabi-4_9-2015q1/bin/../lib/gcc/arm-none-eabi/4.9.3/../../../../arm-none-eabi/lib/armv7-m/libc_nano.a(lib_a-abort.o)
                              /Developer/Tools/gcc-arm-none-eabi-4_9-2015q1/bin/../lib/gcc/arm-none-eabi/4.9.3/../../../../arm-none-eabi/lib/armv7-m/libstdc++_nano.a(new_op.o) (abort)
/Developer/Tools/gcc-arm-none-eabi-4_9-2015q1/bin/../lib/gcc/arm-none-eabi/4.9.3/../../../../arm-none-eabi/lib/armv7-m/libc_nano.a(lib_a-abs.o)
                              ../../mbed/TARGET_LPC1768/TOOLCHAIN_GCC_ARM/libmbed.a(serial_api.o) (abs)
/Developer/Tools/gcc-arm-none-eabi-4_9-2015q1/bin/../lib/gcc/arm-none-eabi/4.9.3/../../../../arm-none-eabi/lib/armv7-m/libc_nano.a(lib_a-atof.o)
                              rpc_server.o (atof)
/Developer/Tools/gcc-arm-none-eabi-4_9-2015q1/bin/../lib/gcc/arm-none-eabi/4.9.3/../../../../arm-none-eabi/lib/armv7-m/libc_nano.a(lib_a-atoi.o)
                              rpc_server.o (atoi)
/Developer/Tools/gcc-arm-none-eabi-4_9-2015q1/bin/../lib/gcc/arm-none-eabi/4.9.3/../../../../arm-none-eabi/lib/armv7-m/libc_nano.a(lib_a-atol.o)
                              rpc_server.o (atol)
/Developer/Tools/gcc-arm-none-eabi-4_9-2015q1/bin/../lib/gcc/arm-none-eabi/4.9.3/../../../../arm-none-eabi/lib/armv7-m/libc_nano.a(lib_a-errno.o)
                              ../../mbed/TARGET_LPC1768/TOOLCHAIN_GCC_ARM/retarget.o (__errno)
[...]
Memory Configuration

Name             Origin             Length             Attributes
FLASH            0x0000000000000000 0x0000000000080000 xr
RAM              0x00000000100000c8 0x0000000000007f38 xrw
USB_RAM          0x000000002007c000 0x0000000000004000 xrw
ETH_RAM          0x0000000020080000 0x0000000000004000 xrw
*default*        0x0000000000000000 0xffffffffffffffff

Linker script and memory map

LOAD /Developer/Tools/gcc-arm-none-eabi-4_9-2015q1/bin/../lib/gcc/arm-none-eabi/4.9.3/armv7-m/crti.o
LOAD /Developer/Tools/gcc-arm-none-eabi-4_9-2015q1/bin/../lib/gcc/arm-none-eabi/4.9.3/armv7-m/crtbegin.o
LOAD /Developer/Tools/gcc-arm-none-eabi-4_9-2015q1/bin/../lib/gcc/arm-none-eabi/4.9.3/../../../../arm-none-eabi/lib/armv7-m/crt0.o
LOAD main.o
LOAD suli2.o
LOAD rpc_server.o
LOAD rpc_stream.o
LOAD rpc_server_registration.o
LOAD grove_example.o
LOAD grove_example_class.o
LOAD grove_example_gen.o
LOAD ../../mbed/TARGET_LPC1768/TOOLCHAIN_GCC_ARM/cmsis_nvic.o
LOAD ../../mbed/TARGET_LPC1768/TOOLCHAIN_GCC_ARM/system_LPC17xx.o
LOAD ../../mbed/TARGET_LPC1768/TOOLCHAIN_GCC_ARM/board.o
LOAD ../../mbed/TARGET_LPC1768/TOOLCHAIN_GCC_ARM/retarget.o
LOAD ../../mbed/TARGET_LPC1768/TOOLCHAIN_GCC_ARM/startup_LPC17xx.o
LOAD ../../mbed/TARGET_LPC1768/TOOLCHAIN_GCC_ARM/libmbed.a
LOAD /Developer/Tools/gcc-arm-none-eabi-4_9-2015q1/bin/../lib/gcc/arm-none-eabi/4.9.3/../../../../arm-none-eabi/lib/armv7-m/libstdc++_nano.a
LOAD /Developer/Tools/gcc-arm-none-eabi-4_9-2015q1/bin/../lib/gcc/arm-none-eabi/4.9.3/../../../../arm-none-eabi/lib/armv7-m/libsupc++_nano.a
LOAD /Developer/Tools/gcc-arm-none-eabi-4_9-2015q1/bin/../lib/gcc/arm-none-eabi/4.9.3/../../../../arm-none-eabi/lib/armv7-m/libm.a
LOAD /Developer/Tools/gcc-arm-none-eabi-4_9-2015q1/bin/../lib/gcc/arm-none-eabi/4.9.3/../../../../arm-none-eabi/lib/armv7-m/libc_nano.a
LOAD /Developer/Tools/gcc-arm-none-eabi-4_9-2015q1/bin/../lib/gcc/arm-none-eabi/4.9.3/armv7-m/libgcc.a
LOAD /Developer/Tools/gcc-arm-none-eabi-4_9-2015q1/bin/../lib/gcc/arm-none-eabi/4.9.3/../../../../arm-none-eabi/lib/armv7-m/libnosys.a
LOAD ../../mbed/TARGET_LPC1768/TOOLCHAIN_GCC_ARM/libmbed.a
LOAD /Developer/Tools/gcc-arm-none-eabi-4_9-2015q1/bin/../lib/gcc/arm-none-eabi/4.9.3/../../../../arm-none-eabi/lib/armv7-m/libstdc++_nano.a
LOAD /Developer/Tools/gcc-arm-none-eabi-4_9-2015q1/bin/../lib/gcc/arm-none-eabi/4.9.3/../../../../arm-none-eabi/lib/armv7-m/libsupc++_nano.a
LOAD /Developer/Tools/gcc-arm-none-eabi-4_9-2015q1/bin/../lib/gcc/arm-none-eabi/4.9.3/../../../../arm-none-eabi/lib/armv7-m/libm.a
LOAD /Developer/Tools/gcc-arm-none-eabi-4_9-2015q1/bin/../lib/gcc/arm-none-eabi/4.9.3/../../../../arm-none-eabi/lib/armv7-m/libc_nano.a
LOAD /Developer/Tools/gcc-arm-none-eabi-4_9-2015q1/bin/../lib/gcc/arm-none-eabi/4.9.3/armv7-m/libgcc.a
LOAD /Developer/Tools/gcc-arm-none-eabi-4_9-2015q1/bin/../lib/gcc/arm-none-eabi/4.9.3/../../../../arm-none-eabi/lib/armv7-m/libnosys.a
START GROUP
LOAD /Developer/Tools/gcc-arm-none-eabi-4_9-2015q1/bin/../lib/gcc/arm-none-eabi/4.9.3/armv7-m/libgcc.a
LOAD /Developer/Tools/gcc-arm-none-eabi-4_9-2015q1/bin/../lib/gcc/arm-none-eabi/4.9.3/../../../../arm-none-eabi/lib/armv7-m/libc_nano.a
END GROUP
START GROUP
LOAD /Developer/Tools/gcc-arm-none-eabi-4_9-2015q1/bin/../lib/gcc/arm-none-eabi/4.9.3/armv7-m/libgcc.a
LOAD /Developer/Tools/gcc-arm-none-eabi-4_9-2015q1/bin/../lib/gcc/arm-none-eabi/4.9.3/../../../../arm-none-eabi/lib/armv7-m/libc_nano.a
END GROUP
LOAD /Developer/Tools/gcc-arm-none-eabi-4_9-2015q1/bin/../lib/gcc/arm-none-eabi/4.9.3/armv7-m/crtend.o
LOAD /Developer/Tools/gcc-arm-none-eabi-4_9-2015q1/bin/../lib/gcc/arm-none-eabi/4.9.3/armv7-m/crtn.o

.text           0x0000000000000000     0x7c00
 *(.isr_vector)
 .isr_vector    0x0000000000000000       0xcc ../../mbed/TARGET_LPC1768/TOOLCHAIN_GCC_ARM/startup_LPC17xx.o
                0x0000000000000000                __isr_vector
 *(.text*)
 .text          0x00000000000000cc       0x5c /Developer/Tools/gcc-arm-none-eabi-4_9-2015q1/bin/../lib/gcc/arm-none-eabi/4.9.3/armv7-m/crtbegin.o
 .text          0x0000000000000128       0x74 /Developer/Tools/gcc-arm-none-eabi-4_9-2015q1/bin/../lib/gcc/arm-none-eabi/4.9.3/../../../../arm-none-eabi/lib/armv7-m/crt0.o
                0x0000000000000128                _mainCRTStartup
                0x0000000000000128                _start
 .text.startup.main
                0x000000000000019c       0x18 main.o
                0x000000000000019c                main
 .text._Z15rpc_server_initv
                0x00000000000001b4       0x34 rpc_server.o
                0x00000000000001b4                rpc_server_init()
 .text._Z26rpc_server_register_methodPcS_12method_dir_tPFvPvS1_ES1_Ph
                0x00000000000001e8       0x50 rpc_server.o
                0x00000000000001e8                rpc_server_register_method(char*, char*, method_dir_t, void (*)(void*, void*), void*, unsigned char*)
 .text._Z15__find_resourcePcS_i
                0x0000000000000238       0x38 rpc_server.o
                0x0000000000000238                __find_resource(char*, char*, int)
 .text._Z13__convert_argPhPPci
                0x0000000000000270       0x94 rpc_server.o
                0x0000000000000270                __convert_arg(unsigned char*, char**, int)
 .text._Z15rpc_server_loopv
                0x0000000000000304      0x394 rpc_server.o
                0x0000000000000304                rpc_server_loop()
 .text._Z11stream_initv
                0x0000000000000698        0x2 rpc_stream.o
                0x0000000000000698                stream_init()
 .text._Z11stream_readv
                0x000000000000069a       0x10 rpc_stream.o
                0x000000000000069a                stream_read()
 .text._Z12stream_writec
                0x00000000000006aa        0xe rpc_stream.o
                0x00000000000006aa                stream_write(char)
 .text._Z19stream_write_stringPci
                0x00000000000006b8       0x1c rpc_stream.o
                0x00000000000006b8                stream_write_string(char*, int)
 .text._Z12writer_print6type_tPKvb
                0x00000000000006d4       0xb0 rpc_stream.o
                0x00000000000006d4                writer_print(type_t, void const*, bool)
 .text._Z29rpc_server_register_resourcesv
                0x0000000000000784      0x114 rpc_server_registration.o
                0x0000000000000784                rpc_server_register_resources()
 .text._Z18grove_example_initP5i2c_sii
                0x0000000000000898       0x18 grove_example.o
                0x0000000000000898                grove_example_init(i2c_s*, int, int)
 .text._Z23grove_example_read_tempP5i2c_sPi
                0x00000000000008b0        0x8 grove_example.o
                0x00000000000008b0                grove_example_read_temp(i2c_s*, int*)
 .text._Z30grove_example_read_uint8_valueP5i2c_sPh
                0x00000000000008b8        0x8 grove_example.o
                0x00000000000008b8                grove_example_read_uint8_value(i2c_s*, unsigned char*)
 .text._Z27grove_example_read_humidityP5i2c_sPf
                0x00000000000008c0        0xc grove_example.o
                0x00000000000008c0                grove_example_read_humidity(i2c_s*, float*)
 .text._Z22grove_example_read_accP5i2c_sPfS1_S1_
                0x00000000000008cc       0x1c grove_example.o
                0x00000000000008cc                grove_example_read_acc(i2c_s*, float*, float*, float*)
 .text._Z26grove_example_read_compassP5i2c_sPfS1_S1_Pi
                0x00000000000008e8       0x24 grove_example.o
                0x00000000000008e8                grove_example_read_compass(i2c_s*, float*, float*, float*, int*)
 .text._Z28grove_example_write_acc_modeP5i2c_sh
                0x000000000000090c       0x1a grove_example.o
                0x000000000000090c                grove_example_write_acc_mode(i2c_s*, unsigned char)
 .text._Z31grove_example_write_float_valueP5i2c_sf
                0x0000000000000926        0x4 grove_example.o
                0x0000000000000926                grove_example_write_float_value(i2c_s*, float)
 .text._Z31grove_example_write_multi_valueP5i2c_sifa
                0x000000000000092a        0x4 grove_example.o
                0x000000000000092a                grove_example_write_multi_value(i2c_s*, int, float, signed char)
 .text._ZN12GroveExampleC2Eii
                0x000000000000092e       0x1c grove_example_class.o
                0x000000000000092e                GroveExample::GroveExample(int, int)
                0x000000000000092e                GroveExample::GroveExample(int, int)
 .text._ZN12GroveExample9read_tempEPi
                0x000000000000094a        0x6 grove_example_class.o
                0x000000000000094a                GroveExample::read_temp(int*)
 .text._ZN12GroveExample16read_uint8_valueEPh
                0x0000000000000950        0x6 grove_example_class.o
                0x0000000000000950                GroveExample::read_uint8_value(unsigned char*)
 .text._ZN12GroveExample13read_humidityEPf
                0x0000000000000956        0x6 grove_example_class.o
                0x0000000000000956                GroveExample::read_humidity(float*)
 .text._ZN12GroveExample8read_accEPfS0_S0_
                0x000000000000095c        0x6 grove_example_class.o
                0x000000000000095c                GroveExample::read_acc(float*, float*, float*)
 .text._ZN12GroveExample12read_compassEPfS0_S0_Pi
                0x0000000000000962        0x6 grove_example_class.o
                0x0000000000000962                GroveExample::read_compass(float*, float*, float*, int*)
 .text._ZN12GroveExample14write_acc_modeEh
                0x0000000000000968        0x6 grove_example_class.o
                0x0000000000000968                GroveExample::write_acc_mode(unsigned char)
 .text._ZN12GroveExample17write_float_valueEf
                0x000000000000096e        0x6 grove_example_class.o
                0x000000000000096e                GroveExample::write_float_value(float)
 .text._ZN12GroveExample17write_multi_valueEifa
                0x0000000000000974        0x6 grove_example_class.o
                0x0000000000000974                GroveExample::write_multi_value(int, float, signed char)
 *fill*         0x000000000000097a        0x2 
 .text._Z25__grove_example_read_tempPvS_
                0x000000000000097c       0x28 grove_example_gen.o
                0x000000000000097c                __grove_example_read_temp(void*, void*)
 .text._Z29__grove_example_read_humidityPvS_
                0x00000000000009a4       0x28 grove_example_gen.o
                0x00000000000009a4                __grove_example_read_humidity(void*, void*)
 .text._Z24__grove_example_read_accPvS_
                0x00000000000009cc       0x40 grove_example_gen.o
                0x00000000000009cc                __grove_example_read_acc(void*, void*)
 .text._Z32__grove_example_read_uint8_valuePvS_
                0x0000000000000a0c       0x2c grove_example_gen.o
                0x0000000000000a0c                __grove_example_read_uint8_value(void*, void*)
 .text._Z28__grove_example_read_compassPvS_
                0x0000000000000a38       0x4c grove_example_gen.o
                0x0000000000000a38                __grove_example_read_compass(void*, void*)
 .text._Z33__grove_example_write_multi_valuePvS_
                0x0000000000000a84       0x30 grove_example_gen.o
                0x0000000000000a84                __grove_example_write_multi_value(void*, void*)
 .text._Z30__grove_example_write_acc_modePvS_
                0x0000000000000ab4       0x28 grove_example_gen.o
                0x0000000000000ab4                __grove_example_write_acc_mode(void*, void*)
 .text._Z33__grove_example_write_float_valuePvS_
                0x0000000000000adc       0x28 grove_example_gen.o
                0x0000000000000adc                __grove_example_write_float_value(void*, void*)
 .text.NVIC_SetVector
                0x0000000000000b04       0x3c ../../mbed/TARGET_LPC1768/TOOLCHAIN_GCC_ARM/cmsis_nvic.o
                0x0000000000000b04                NVIC_SetVector
 .text.SystemInit
                0x0000000000000b40       0xb8 ../../mbed/TARGET_LPC1768/TOOLCHAIN_GCC_ARM/system_LPC17xx.o
                0x0000000000000b40                SystemInit
 .text.mbed_die
                0x0000000000000bf8      0x10c ../../mbed/TARGET_LPC1768/TOOLCHAIN_GCC_ARM/board.o
                0x0000000000000bf8                mbed_die
 .text._ZL11init_serialv.part.0
                0x0000000000000d04       0x18 ../../mbed/TARGET_LPC1768/TOOLCHAIN_GCC_ARM/retarget.o
 .text._close   0x0000000000000d1c       0x2c ../../mbed/TARGET_LPC1768/TOOLCHAIN_GCC_ARM/retarget.o
                0x0000000000000d1c                _close
 .text._write   0x0000000000000d48       0x50 ../../mbed/TARGET_LPC1768/TOOLCHAIN_GCC_ARM/retarget.o
                0x0000000000000d48                _write
 .text._read    0x0000000000000d98       0x4c ../../mbed/TARGET_LPC1768/TOOLCHAIN_GCC_ARM/retarget.o
                0x0000000000000d98                _read
 .text._isatty  0x0000000000000de4       0x28 ../../mbed/TARGET_LPC1768/TOOLCHAIN_GCC_ARM/retarget.o
                0x0000000000000de4                _isatty
 .text._lseek   0x0000000000000e0c       0x28 ../../mbed/TARGET_LPC1768/TOOLCHAIN_GCC_ARM/retarget.o
                0x0000000000000e0c                _lseek
 .text._fstat   0x0000000000000e34       0x20 ../../mbed/TARGET_LPC1768/TOOLCHAIN_GCC_ARM/retarget.o
                0x0000000000000e34                _fstat
 .text.mbed_main
                0x0000000000000e54        0x4 ../../mbed/TARGET_LPC1768/TOOLCHAIN_GCC_ARM/retarget.o
                0x0000000000000e54                mbed_main
 .text.mbed_sdk_init
                0x0000000000000e58        0x4 ../../mbed/TARGET_LPC1768/TOOLCHAIN_GCC_ARM/retarget.o
                0x0000000000000e58                mbed_sdk_init
 .text.__wrap_main
                0x0000000000000e5c       0x14 ../../mbed/TARGET_LPC1768/TOOLCHAIN_GCC_ARM/retarget.o
                0x0000000000000e5c                __wrap_main
 .text._sbrk    0x0000000000000e70       0x28 ../../mbed/TARGET_LPC1768/TOOLCHAIN_GCC_ARM/retarget.o
                0x0000000000000e70                _sbrk
 .text._exit    0x0000000000000e98       0x30 ../../mbed/TARGET_LPC1768/TOOLCHAIN_GCC_ARM/retarget.o
                0x0000000000000e98                _exit
 .text          0x0000000000000ec8       0x44 ../../mbed/TARGET_LPC1768/TOOLCHAIN_GCC_ARM/startup_LPC17xx.o
                0x0000000000000ec8                Reset_Handler
                0x0000000000000ef8                NMI_Handler
                0x0000000000000efa                HardFault_Handler
                0x0000000000000efc                MemManage_Handler
                0x0000000000000efe                BusFault_Handler
                0x0000000000000f00                UsageFault_Handler
                0x0000000000000f02                SVC_Handler
                0x0000000000000f04                DebugMon_Handler
                0x0000000000000f06                PendSV_Handler
                0x0000000000000f08                SysTick_Handler
                0x0000000000000f0a                TIMER3_IRQHandler
                0x0000000000000f0a                UART0_IRQHandler
                0x0000000000000f0a                PLL0_IRQHandler
                0x0000000000000f0a                CAN_IRQHandler
                0x0000000000000f0a                PLL1_IRQHandler
                0x0000000000000f0a                SSP0_IRQHandler
                0x0000000000000f0a                I2S_IRQHandler
                0x0000000000000f0a                I2C2_IRQHandler
                0x0000000000000f0a                RTC_IRQHandler
                0x0000000000000f0a                TIMER0_IRQHandler
                0x0000000000000f0a                SPI_IRQHandler
                0x0000000000000f0a                EINT1_IRQHandler
                0x0000000000000f0a                TIMER1_IRQHandler
                0x0000000000000f0a                UART2_IRQHandler
                0x0000000000000f0a                Default_Handler
                0x0000000000000f0a                ADC_IRQHandler
                0x0000000000000f0a                SSP1_IRQHandler
                0x0000000000000f0a                USB_IRQHandler
                0x0000000000000f0a                BOD_IRQHandler
                0x0000000000000f0a                WDT_IRQHandler
                0x0000000000000f0a                QEI_IRQHandler
                0x0000000000000f0a                EINT0_IRQHandler
                0x0000000000000f0a                DEF_IRQHandler
                0x0000000000000f0a                DMA_IRQHandler
                0x0000000000000f0a                UART3_IRQHandler
                0x0000000000000f0a                MCPWM_IRQHandler
                0x0000000000000f0a                TIMER2_IRQHandler
                0x0000000000000f0a                ENET_IRQHandler
                0x0000000000000f0a                RIT_IRQHandler
                0x0000000000000f0a                I2C0_IRQHandler
                0x0000000000000f0a                USBActivity_IRQHandler
                0x0000000000000f0a                PWM1_IRQHandler
                0x0000000000000f0a                I2C1_IRQHandler
                0x0000000000000f0a                EINT2_IRQHandler
                0x0000000000000f0a                UART1_IRQHandler
                0x0000000000000f0a                EINT3_IRQHandler
                0x0000000000000f0a                CANActivity_IRQHandler
 .text.i2c_init
                0x0000000000000f0c       0xd0 ../../mbed/TARGET_LPC1768/TOOLCHAIN_GCC_ARM/libmbed.a(i2c_api.o)
                0x0000000000000f0c                i2c_init
 .text.i2c_frequency
                0x0000000000000fdc       0x18 ../../mbed/TARGET_LPC1768/TOOLCHAIN_GCC_ARM/libmbed.a(i2c_api.o)
                0x0000000000000fdc                i2c_frequency
 .text.i2c_write
                0x0000000000000ff4       0xe4 ../../mbed/TARGET_LPC1768/TOOLCHAIN_GCC_ARM/libmbed.a(i2c_api.o)
                0x0000000000000ff4                i2c_write
 .text.uart2_irq
                0x00000000000010d8       0x64 ../../mbed/TARGET_LPC1768/TOOLCHAIN_GCC_ARM/libmbed.a(serial_api.o)
                0x00000000000010d8                uart2_irq
 .text.serial_irq_set_internal
                0x000000000000113c       0xcc ../../mbed/TARGET_LPC1768/TOOLCHAIN_GCC_ARM/libmbed.a(serial_api.o)
 .text.uart0_irq
                0x0000000000001208       0x64 ../../mbed/TARGET_LPC1768/TOOLCHAIN_GCC_ARM/libmbed.a(serial_api.o)
                0x0000000000001208                uart0_irq
 .text.uart3_irq
                0x000000000000126c       0x6c ../../mbed/TARGET_LPC1768/TOOLCHAIN_GCC_ARM/libmbed.a(serial_api.o)
                0x000000000000126c                uart3_irq
 .text.uart1_irq
                0x00000000000012d8       0x64 ../../mbed/TARGET_LPC1768/TOOLCHAIN_GCC_ARM/libmbed.a(serial_api.o)
                0x00000000000012d8                uart1_irq
 .text.serial_baud
                0x000000000000133c      0x244 ../../mbed/TARGET_LPC1768/TOOLCHAIN_GCC_ARM/libmbed.a(serial_api.o)
                0x000000000000133c                serial_baud
 .text.serial_format
                0x0000000000001580       0x78 ../../mbed/TARGET_LPC1768/TOOLCHAIN_GCC_ARM/libmbed.a(serial_api.o)
                0x0000000000001580                serial_format
 .text.serial_getc
                0x00000000000015f8       0x38 ../../mbed/TARGET_LPC1768/TOOLCHAIN_GCC_ARM/libmbed.a(serial_api.o)
                0x00000000000015f8                serial_getc
 .text.serial_writable
                0x0000000000001630       0x74 ../../mbed/TARGET_LPC1768/TOOLCHAIN_GCC_ARM/libmbed.a(serial_api.o)
                0x0000000000001630                serial_writable
 .text.serial_putc
                0x00000000000016a4       0x34 ../../mbed/TARGET_LPC1768/TOOLCHAIN_GCC_ARM/libmbed.a(serial_api.o)
                0x00000000000016a4                serial_putc
 .text.serial_set_flow_control
                0x00000000000016d8      0x12c ../../mbed/TARGET_LPC1768/TOOLCHAIN_GCC_ARM/libmbed.a(serial_api.o)
                0x00000000000016d8                serial_set_flow_control
 .text.serial_init
                0x0000000000001804      0x1bc ../../mbed/TARGET_LPC1768/TOOLCHAIN_GCC_ARM/libmbed.a(serial_api.o)
                0x0000000000001804                serial_init
 .text.us_ticker_init
                0x00000000000019c0       0x68 ../../mbed/TARGET_LPC1768/TOOLCHAIN_GCC_ARM/libmbed.a(us_ticker.o)
                0x00000000000019c0                us_ticker_init
 .text.us_ticker_read
                0x0000000000001a28       0x1c ../../mbed/TARGET_LPC1768/TOOLCHAIN_GCC_ARM/libmbed.a(us_ticker.o)
                0x0000000000001a28                us_ticker_read
 .text.us_ticker_set_interrupt
                0x0000000000001a44       0x14 ../../mbed/TARGET_LPC1768/TOOLCHAIN_GCC_ARM/libmbed.a(us_ticker.o)
                0x0000000000001a44                us_ticker_set_interrupt
 .text.us_ticker_disable_interrupt
                0x0000000000001a58       0x10 ../../mbed/TARGET_LPC1768/TOOLCHAIN_GCC_ARM/libmbed.a(us_ticker.o)
                0x0000000000001a58                us_ticker_disable_interrupt
 .text.us_ticker_clear_interrupt
                0x0000000000001a68        0xc ../../mbed/TARGET_LPC1768/TOOLCHAIN_GCC_ARM/libmbed.a(us_ticker.o)
                0x0000000000001a68                us_ticker_clear_interrupt
 .text.mbed_assert_internal
                0x0000000000001a74       0x2c ../../mbed/TARGET_LPC1768/TOOLCHAIN_GCC_ARM/libmbed.a(assert.o)
                0x0000000000001a74                mbed_assert_internal
 .text.error    0x0000000000001aa0       0x24 ../../mbed/TARGET_LPC1768/TOOLCHAIN_GCC_ARM/libmbed.a(error.o)
                0x0000000000001aa0                error
 .text.mbed_interface_connected
                0x0000000000001ac4        0x4 ../../mbed/TARGET_LPC1768/TOOLCHAIN_GCC_ARM/libmbed.a(mbed_interface.o)
                0x0000000000001ac4                mbed_interface_connected
 .text.gpio_init_in
                0x0000000000001ac8       0x24 ../../mbed/TARGET_LPC1768/TOOLCHAIN_GCC_ARM/libmbed.a(gpio.o)
                0x0000000000001ac8                gpio_init_in
 .text.gpio_init_out
                0x0000000000001aec       0x44 ../../mbed/TARGET_LPC1768/TOOLCHAIN_GCC_ARM/libmbed.a(gpio.o)
                0x0000000000001aec                gpio_init_out
 .text.gpio_init_out_ex
                0x0000000000001b30       0x54 ../../mbed/TARGET_LPC1768/TOOLCHAIN_GCC_ARM/libmbed.a(gpio.o)
                0x0000000000001b30                gpio_init_out_ex
 .text.pinmap_pinout
                0x0000000000001b84       0x40 ../../mbed/TARGET_LPC1768/TOOLCHAIN_GCC_ARM/libmbed.a(pinmap_common.o)
                0x0000000000001b84                pinmap_pinout
 .text.pinmap_merge
                0x0000000000001bc4       0x24 ../../mbed/TARGET_LPC1768/TOOLCHAIN_GCC_ARM/libmbed.a(pinmap_common.o)
                0x0000000000001bc4                pinmap_merge
 .text.pinmap_find_peripheral
                0x0000000000001be8       0x1c ../../mbed/TARGET_LPC1768/TOOLCHAIN_GCC_ARM/libmbed.a(pinmap_common.o)
                0x0000000000001be8                pinmap_find_peripheral
 .text.pinmap_peripheral
                0x0000000000001c04       0x34 ../../mbed/TARGET_LPC1768/TOOLCHAIN_GCC_ARM/libmbed.a(pinmap_common.o)
                0x0000000000001c04                pinmap_peripheral
 .text.semihost_exit
                0x0000000000001c38       0x18 ../../mbed/TARGET_LPC1768/TOOLCHAIN_GCC_ARM/libmbed.a(semihost_api.o)
                0x0000000000001c38                semihost_exit
 .text.semihost_connected
                0x0000000000001c50       0x10 ../../mbed/TARGET_LPC1768/TOOLCHAIN_GCC_ARM/libmbed.a(semihost_api.o)
                0x0000000000001c50                semihost_connected
 .text.us_ticker_irq_handler
                0x0000000000001c60       0x48 ../../mbed/TARGET_LPC1768/TOOLCHAIN_GCC_ARM/libmbed.a(us_ticker_api.o)
                0x0000000000001c60                us_ticker_irq_handler
 .text.wait_us  0x0000000000001ca8       0x18 ../../mbed/TARGET_LPC1768/TOOLCHAIN_GCC_ARM/libmbed.a(wait_api.o)
                0x0000000000001ca8                wait_us
 .text.wait_ms  0x0000000000001cc0        0xc ../../mbed/TARGET_LPC1768/TOOLCHAIN_GCC_ARM/libmbed.a(wait_api.o)
                0x0000000000001cc0                wait_ms
 .text.gpio_set
                0x0000000000001ccc       0x30 ../../mbed/TARGET_LPC1768/TOOLCHAIN_GCC_ARM/libmbed.a(gpio_api.o)
                0x0000000000001ccc                gpio_set
 .text.gpio_init
                0x0000000000001cfc       0x30 ../../mbed/TARGET_LPC1768/TOOLCHAIN_GCC_ARM/libmbed.a(gpio_api.o)
                0x0000000000001cfc                gpio_init
 .text.gpio_mode
                0x0000000000001d2c        0x8 ../../mbed/TARGET_LPC1768/TOOLCHAIN_GCC_ARM/libmbed.a(gpio_api.o)
                0x0000000000001d2c                gpio_mode
 .text.gpio_dir
                0x0000000000001d34       0x44 ../../mbed/TARGET_LPC1768/TOOLCHAIN_GCC_ARM/libmbed.a(gpio_api.o)
                0x0000000000001d34                gpio_dir
 .text.pin_function
                0x0000000000001d78       0x50 ../../mbed/TARGET_LPC1768/TOOLCHAIN_GCC_ARM/libmbed.a(pinmap.o)
                0x0000000000001d78                pin_function
 .text.pin_mode
                0x0000000000001dc8       0x78 ../../mbed/TARGET_LPC1768/TOOLCHAIN_GCC_ARM/libmbed.a(pinmap.o)
                0x0000000000001dc8                pin_mode
 .text._Znwj    0x0000000000001e40       0x22 /Developer/Tools/gcc-arm-none-eabi-4_9-2015q1/bin/../lib/gcc/arm-none-eabi/4.9.3/../../../../arm-none-eabi/lib/armv7-m/libstdc++_nano.a(new_op.o)
                0x0000000000001e40                operator new(unsigned int)
 *fill*         0x0000000000001e62        0x2 
 .text._ZSt15get_new_handlerv
                0x0000000000001e64       0x10 /Developer/Tools/gcc-arm-none-eabi-4_9-2015q1/bin/../lib/gcc/arm-none-eabi/4.9.3/../../../../arm-none-eabi/lib/armv7-m/libstdc++_nano.a(new_handler.o)
                0x0000000000001e64                std::get_new_handler()
 .text.abort    0x0000000000001e74        0xe /Developer/Tools/gcc-arm-none-eabi-4_9-2015q1/bin/../lib/gcc/arm-none-eabi/4.9.3/../../../../arm-none-eabi/lib/armv7-m/libc_nano.a(lib_a-abort.o)
                0x0000000000001e74                abort
 .text.abs      0x0000000000001e82        0x8 /Developer/Tools/gcc-arm-none-eabi-4_9-2015q1/bin/../lib/gcc/arm-none-eabi/4.9.3/../../../../arm-none-eabi/lib/armv7-m/libc_nano.a(lib_a-abs.o)
                0x0000000000001e82                abs
 .text.atof     0x0000000000001e8a        0x6 /Developer/Tools/gcc-arm-none-eabi-4_9-2015q1/bin/../lib/gcc/arm-none-eabi/4.9.3/../../../../arm-none-eabi/lib/armv7-m/libc_nano.a(lib_a-atof.o)
                0x0000000000001e8a                atof
 .text.atoi     0x0000000000001e90        0x8 /Developer/Tools/gcc-arm-none-eabi-4_9-2015q1/bin/../lib/gcc/arm-none-eabi/4.9.3/../../../../arm-none-eabi/lib/armv7-m/libc_nano.a(lib_a-atoi.o)
                0x0000000000001e90                atoi
 .text.atol     0x0000000000001e98        0x8 /Developer/Tools/gcc-arm-none-eabi-4_9-2015q1/bin/../lib/gcc/arm-none-eabi/4.9.3/../../../../arm-none-eabi/lib/armv7-m/libc_nano.a(lib_a-atol.o)
                0x0000000000001e98                atol
 .text.__errno  0x0000000000001ea0        0xc /Developer/Tools/gcc-arm-none-eabi-4_9-2015q1/bin/../lib/gcc/arm-none-eabi/4.9.3/../../../../arm-none-eabi/lib/armv7-m/libc_nano.a(lib_a-errno.o)
                0x0000000000001ea0                __errno
 .text.exit     0x0000000000001eac       0x28 /Developer/Tools/gcc-arm-none-eabi-4_9-2015q1/bin/../lib/gcc/arm-none-eabi/4.9.3/../../../../arm-none-eabi/lib/armv7-m/libc_nano.a(lib_a-exit.o)
                0x0000000000001eac                exit
 .text.__sflush_r
                0x0000000000001ed4      0x106 /Developer/Tools/gcc-arm-none-eabi-4_9-2015q1/bin/../lib/gcc/arm-none-eabi/4.9.3/../../../../arm-none-eabi/lib/armv7-m/libc_nano.a(lib_a-fflush.o)
                0x0000000000001ed4                __sflush_r
 *fill*         0x0000000000001fda        0x2 
 .text._fflush_r
                0x0000000000001fdc       0x54 /Developer/Tools/gcc-arm-none-eabi-4_9-2015q1/bin/../lib/gcc/arm-none-eabi/4.9.3/../../../../arm-none-eabi/lib/armv7-m/libc_nano.a(lib_a-fflush.o)
                0x0000000000001fdc                _fflush_r
 .text.fflush   0x0000000000002030       0x24 /Developer/Tools/gcc-arm-none-eabi-4_9-2015q1/bin/../lib/gcc/arm-none-eabi/4.9.3/../../../../arm-none-eabi/lib/armv7-m/libc_nano.a(lib_a-fflush.o)
                0x0000000000002030                fflush
 .text._cleanup_r
                0x0000000000002054        0xc /Developer/Tools/gcc-arm-none-eabi-4_9-2015q1/bin/../lib/gcc/arm-none-eabi/4.9.3/../../../../arm-none-eabi/lib/armv7-m/libc_nano.a(lib_a-findfp.o)
                0x0000000000002054                _cleanup_r
 .text.std.isra.0
                0x0000000000002060       0x48 /Developer/Tools/gcc-arm-none-eabi-4_9-2015q1/bin/../lib/gcc/arm-none-eabi/4.9.3/../../../../arm-none-eabi/lib/armv7-m/libc_nano.a(lib_a-findfp.o)
 .text.__sfmoreglue
                0x00000000000020a8       0x2c /Developer/Tools/gcc-arm-none-eabi-4_9-2015q1/bin/../lib/gcc/arm-none-eabi/4.9.3/../../../../arm-none-eabi/lib/armv7-m/libc_nano.a(lib_a-findfp.o)
                0x00000000000020a8                __sfmoreglue
 .text.__sinit  0x00000000000020d4       0x60 /Developer/Tools/gcc-arm-none-eabi-4_9-2015q1/bin/../lib/gcc/arm-none-eabi/4.9.3/../../../../arm-none-eabi/lib/armv7-m/libc_nano.a(lib_a-findfp.o)
                0x00000000000020d4                __sinit
 .text.__sfp    0x0000000000002134       0x74 /Developer/Tools/gcc-arm-none-eabi-4_9-2015q1/bin/../lib/gcc/arm-none-eabi/4.9.3/../../../../arm-none-eabi/lib/armv7-m/libc_nano.a(lib_a-findfp.o)
                0x0000000000002134                __sfp
 .text.fprintf  0x00000000000021a8       0x24 /Developer/Tools/gcc-arm-none-eabi-4_9-2015q1/bin/../lib/gcc/arm-none-eabi/4.9.3/../../../../arm-none-eabi/lib/armv7-m/libc_nano.a(lib_a-fprintf.o)
                0x00000000000021a8                fprintf
                0x00000000000021a8                fiprintf
 .text._fwalk   0x00000000000021cc       0x38 /Developer/Tools/gcc-arm-none-eabi-4_9-2015q1/bin/../lib/gcc/arm-none-eabi/4.9.3/../../../../arm-none-eabi/lib/armv7-m/libc_nano.a(lib_a-fwalk.o)
                0x00000000000021cc                _fwalk
 .text._fwalk_reent
                0x0000000000002204       0x3c /Developer/Tools/gcc-arm-none-eabi-4_9-2015q1/bin/../lib/gcc/arm-none-eabi/4.9.3/../../../../arm-none-eabi/lib/armv7-m/libc_nano.a(lib_a-fwalk.o)
                0x0000000000002204                _fwalk_reent
 .text.getchar  0x0000000000002240       0x24 /Developer/Tools/gcc-arm-none-eabi-4_9-2015q1/bin/../lib/gcc/arm-none-eabi/4.9.3/../../../../arm-none-eabi/lib/armv7-m/libc_nano.a(lib_a-getchar.o)
                0x0000000000002240                getchar
 .text.__libc_init_array
                0x0000000000002264       0x4c /Developer/Tools/gcc-arm-none-eabi-4_9-2015q1/bin/../lib/gcc/arm-none-eabi/4.9.3/../../../../arm-none-eabi/lib/armv7-m/libc_nano.a(lib_a-init.o)
                0x0000000000002264                __libc_init_array
 .text.malloc   0x00000000000022b0       0x10 /Developer/Tools/gcc-arm-none-eabi-4_9-2015q1/bin/../lib/gcc/arm-none-eabi/4.9.3/../../../../arm-none-eabi/lib/armv7-m/libc_nano.a(lib_a-malloc.o)
                0x00000000000022b0                malloc
 .text.memchr   0x00000000000022c0       0x1c /Developer/Tools/gcc-arm-none-eabi-4_9-2015q1/bin/../lib/gcc/arm-none-eabi/4.9.3/../../../../arm-none-eabi/lib/armv7-m/libc_nano.a(lib_a-memchr.o)
                0x00000000000022c0                memchr
 .text.memcmp   0x00000000000022dc       0x20 /Developer/Tools/gcc-arm-none-eabi-4_9-2015q1/bin/../lib/gcc/arm-none-eabi/4.9.3/../../../../arm-none-eabi/lib/armv7-m/libc_nano.a(lib_a-memcmp.o)
                0x00000000000022dc                memcmp
 .text.memcpy   0x00000000000022fc       0x16 /Developer/Tools/gcc-arm-none-eabi-4_9-2015q1/bin/../lib/gcc/arm-none-eabi/4.9.3/../../../../arm-none-eabi/lib/armv7-m/libc_nano.a(lib_a-memcpy.o)
                0x00000000000022fc                memcpy
 .text.memset   0x0000000000002312       0x10 /Developer/Tools/gcc-arm-none-eabi-4_9-2015q1/bin/../lib/gcc/arm-none-eabi/4.9.3/../../../../arm-none-eabi/lib/armv7-m/libc_nano.a(lib_a-memset.o)
                0x0000000000002312                memset
 *fill*         0x0000000000002322        0x2 
 .text._free_r  0x0000000000002324       0x88 /Developer/Tools/gcc-arm-none-eabi-4_9-2015q1/bin/../lib/gcc/arm-none-eabi/4.9.3/../../../../arm-none-eabi/lib/armv7-m/libc_nano.a(lib_a-nano-freer.o)
                0x0000000000002324                _free_r
 .text._malloc_r
                0x00000000000023ac       0xac /Developer/Tools/gcc-arm-none-eabi-4_9-2015q1/bin/../lib/gcc/arm-none-eabi/4.9.3/../../../../arm-none-eabi/lib/armv7-m/libc_nano.a(lib_a-nano-mallocr.o)
                0x00000000000023ac                _malloc_r
 .text.__sfputc_r
                0x0000000000002458       0x2c /Developer/Tools/gcc-arm-none-eabi-4_9-2015q1/bin/../lib/gcc/arm-none-eabi/4.9.3/../../../../arm-none-eabi/lib/armv7-m/libc_nano.a(lib_a-nano-vfprintf.o)
 .text.__sfputs_r
                0x0000000000002484       0x24 /Developer/Tools/gcc-arm-none-eabi-4_9-2015q1/bin/../lib/gcc/arm-none-eabi/4.9.3/../../../../arm-none-eabi/lib/armv7-m/libc_nano.a(lib_a-nano-vfprintf.o)
                0x0000000000002484                __sfputs_r
 .text._vfprintf_r
                0x00000000000024a8      0x210 /Developer/Tools/gcc-arm-none-eabi-4_9-2015q1/bin/../lib/gcc/arm-none-eabi/4.9.3/../../../../arm-none-eabi/lib/armv7-m/libc_nano.a(lib_a-nano-vfprintf.o)
                0x00000000000024a8                _vfiprintf_r
                0x00000000000024a8                _vfprintf_r
 .text.vfprintf
                0x00000000000026b8       0x1c /Developer/Tools/gcc-arm-none-eabi-4_9-2015q1/bin/../lib/gcc/arm-none-eabi/4.9.3/../../../../arm-none-eabi/lib/armv7-m/libc_nano.a(lib_a-nano-vfprintf.o)
                0x00000000000026b8                vfiprintf
                0x00000000000026b8                vfprintf
 .text.__cvt    0x00000000000026d4       0xbc /Developer/Tools/gcc-arm-none-eabi-4_9-2015q1/bin/../lib/gcc/arm-none-eabi/4.9.3/../../../../arm-none-eabi/lib/armv7-m/libc_nano.a(lib_a-nano-vfprintf_float.o)
                0x00000000000026d4                __cvt
 .text.__exponent
                0x0000000000002790       0x62 /Developer/Tools/gcc-arm-none-eabi-4_9-2015q1/bin/../lib/gcc/arm-none-eabi/4.9.3/../../../../arm-none-eabi/lib/armv7-m/libc_nano.a(lib_a-nano-vfprintf_float.o)
                0x0000000000002790                __exponent
 *fill*         0x00000000000027f2        0x2 
 .text._printf_float
                0x00000000000027f4      0x48c /Developer/Tools/gcc-arm-none-eabi-4_9-2015q1/bin/../lib/gcc/arm-none-eabi/4.9.3/../../../../arm-none-eabi/lib/armv7-m/libc_nano.a(lib_a-nano-vfprintf_float.o)
                0x00000000000027f4                _printf_float
 .text._printf_common
                0x0000000000002c80       0xea /Developer/Tools/gcc-arm-none-eabi-4_9-2015q1/bin/../lib/gcc/arm-none-eabi/4.9.3/../../../../arm-none-eabi/lib/armv7-m/libc_nano.a(lib_a-nano-vfprintf_i.o)
                0x0000000000002c80                _printf_common
 *fill*         0x0000000000002d6a        0x2 
 .text._printf_i
                0x0000000000002d6c      0x240 /Developer/Tools/gcc-arm-none-eabi-4_9-2015q1/bin/../lib/gcc/arm-none-eabi/4.9.3/../../../../arm-none-eabi/lib/armv7-m/libc_nano.a(lib_a-nano-vfprintf_i.o)
                0x0000000000002d6c                _printf_i
 .text._scanf_float
                0x0000000000002fac      0x3cc /Developer/Tools/gcc-arm-none-eabi-4_9-2015q1/bin/../lib/gcc/arm-none-eabi/4.9.3/../../../../arm-none-eabi/lib/armv7-m/libc_nano.a(lib_a-nano-vfscanf_float.o)
                0x0000000000002fac                _scanf_float
 .text.putchar  0x0000000000003378       0x28 /Developer/Tools/gcc-arm-none-eabi-4_9-2015q1/bin/../lib/gcc/arm-none-eabi/4.9.3/../../../../arm-none-eabi/lib/armv7-m/libc_nano.a(lib_a-putchar.o)
                0x0000000000003378                putchar
 .text._puts_r  0x00000000000033a0       0xbc /Developer/Tools/gcc-arm-none-eabi-4_9-2015q1/bin/../lib/gcc/arm-none-eabi/4.9.3/../../../../arm-none-eabi/lib/armv7-m/libc_nano.a(lib_a-puts.o)
                0x00000000000033a0                _puts_r
 .text.puts     0x000000000000345c       0x10 /Developer/Tools/gcc-arm-none-eabi-4_9-2015q1/bin/../lib/gcc/arm-none-eabi/4.9.3/../../../../arm-none-eabi/lib/armv7-m/libc_nano.a(lib_a-puts.o)
                0x000000000000345c                puts
 .text.lflush   0x000000000000346c       0x12 /Developer/Tools/gcc-arm-none-eabi-4_9-2015q1/bin/../lib/gcc/arm-none-eabi/4.9.3/../../../../arm-none-eabi/lib/armv7-m/libc_nano.a(lib_a-refill.o)
 *fill*         0x000000000000347e        0x2 
 .text.__srefill_r
                0x0000000000003480      0x10c /Developer/Tools/gcc-arm-none-eabi-4_9-2015q1/bin/../lib/gcc/arm-none-eabi/4.9.3/../../../../arm-none-eabi/lib/armv7-m/libc_nano.a(lib_a-refill.o)
                0x0000000000003480                __srefill_r
 .text.__srget_r
                0x000000000000358c       0x58 /Developer/Tools/gcc-arm-none-eabi-4_9-2015q1/bin/../lib/gcc/arm-none-eabi/4.9.3/../../../../arm-none-eabi/lib/armv7-m/libc_nano.a(lib_a-rget.o)
                0x000000000000358c                __srget_r
 .text.__fpclassifyd
                0x00000000000035e4       0x50 /Developer/Tools/gcc-arm-none-eabi-4_9-2015q1/bin/../lib/gcc/arm-none-eabi/4.9.3/../../../../arm-none-eabi/lib/armv7-m/libc_nano.a(lib_a-s_fpclassify.o)
                0x00000000000035e4                __fpclassifyd
 .text._sbrk_r  0x0000000000003634       0x20 /Developer/Tools/gcc-arm-none-eabi-4_9-2015q1/bin/../lib/gcc/arm-none-eabi/4.9.3/../../../../arm-none-eabi/lib/armv7-m/libc_nano.a(lib_a-sbrkr.o)
                0x0000000000003634                _sbrk_r
 .text.nanf     0x0000000000003654        0x8 /Developer/Tools/gcc-arm-none-eabi-4_9-2015q1/bin/../lib/gcc/arm-none-eabi/4.9.3/../../../../arm-none-eabi/lib/armv7-m/libc_nano.a(lib_a-sf_nan.o)
                0x0000000000003654                nanf
 .text._raise_r
                0x000000000000365c       0x50 /Developer/Tools/gcc-arm-none-eabi-4_9-2015q1/bin/../lib/gcc/arm-none-eabi/4.9.3/../../../../arm-none-eabi/lib/armv7-m/libc_nano.a(lib_a-signal.o)
                0x000000000000365c                _raise_r
 .text.raise    0x00000000000036ac       0x10 /Developer/Tools/gcc-arm-none-eabi-4_9-2015q1/bin/../lib/gcc/arm-none-eabi/4.9.3/../../../../arm-none-eabi/lib/armv7-m/libc_nano.a(lib_a-signal.o)
                0x00000000000036ac                raise
 .text._kill_r  0x00000000000036bc       0x24 /Developer/Tools/gcc-arm-none-eabi-4_9-2015q1/bin/../lib/gcc/arm-none-eabi/4.9.3/../../../../arm-none-eabi/lib/armv7-m/libc_nano.a(lib_a-signalr.o)
                0x00000000000036bc                _kill_r
 .text._getpid_r
                0x00000000000036e0        0x4 /Developer/Tools/gcc-arm-none-eabi-4_9-2015q1/bin/../lib/gcc/arm-none-eabi/4.9.3/../../../../arm-none-eabi/lib/armv7-m/libc_nano.a(lib_a-signalr.o)
                0x00000000000036e0                _getpid_r
 .text.sprintf  0x00000000000036e4       0x48 /Developer/Tools/gcc-arm-none-eabi-4_9-2015q1/bin/../lib/gcc/arm-none-eabi/4.9.3/../../../../arm-none-eabi/lib/armv7-m/libc_nano.a(lib_a-sprintf.o)
                0x00000000000036e4                sprintf
                0x00000000000036e4                siprintf
 .text.__sread  0x000000000000372c       0x22 /Developer/Tools/gcc-arm-none-eabi-4_9-2015q1/bin/../lib/gcc/arm-none-eabi/4.9.3/../../../../arm-none-eabi/lib/armv7-m/libc_nano.a(lib_a-stdio.o)
                0x000000000000372c                __sread
 .text.__swrite
                0x000000000000374e       0x38 /Developer/Tools/gcc-arm-none-eabi-4_9-2015q1/bin/../lib/gcc/arm-none-eabi/4.9.3/../../../../arm-none-eabi/lib/armv7-m/libc_nano.a(lib_a-stdio.o)
                0x000000000000374e                __swrite
 .text.__sseek  0x0000000000003786       0x24 /Developer/Tools/gcc-arm-none-eabi-4_9-2015q1/bin/../lib/gcc/arm-none-eabi/4.9.3/../../../../arm-none-eabi/lib/armv7-m/libc_nano.a(lib_a-stdio.o)
                0x0000000000003786                __sseek
 .text.__sclose
                0x00000000000037aa        0x8 /Developer/Tools/gcc-arm-none-eabi-4_9-2015q1/bin/../lib/gcc/arm-none-eabi/4.9.3/../../../../arm-none-eabi/lib/armv7-m/libc_nano.a(lib_a-stdio.o)
                0x00000000000037aa                __sclose
 .text          0x00000000000037b2       0x14 /Developer/Tools/gcc-arm-none-eabi-4_9-2015q1/bin/../lib/gcc/arm-none-eabi/4.9.3/../../../../arm-none-eabi/lib/armv7-m/libc_nano.a(lib_a-strcmp.o)
                0x00000000000037b2                strcmp
 .text.strlen   0x00000000000037c6       0x10 /Developer/Tools/gcc-arm-none-eabi-4_9-2015q1/bin/../lib/gcc/arm-none-eabi/4.9.3/../../../../arm-none-eabi/lib/armv7-m/libc_nano.a(lib_a-strlen.o)
                0x00000000000037c6                strlen
 .text.strncmp  0x00000000000037d6       0x32 /Developer/Tools/gcc-arm-none-eabi-4_9-2015q1/bin/../lib/gcc/arm-none-eabi/4.9.3/../../../../arm-none-eabi/lib/armv7-m/libc_nano.a(lib_a-strncmp.o)
                0x00000000000037d6                strncmp
 .text.match    0x0000000000003808       0x26 /Developer/Tools/gcc-arm-none-eabi-4_9-2015q1/bin/../lib/gcc/arm-none-eabi/4.9.3/../../../../arm-none-eabi/lib/armv7-m/libc_nano.a(lib_a-strtod.o)
 .text.sulp     0x000000000000382e       0x42 /Developer/Tools/gcc-arm-none-eabi-4_9-2015q1/bin/../lib/gcc/arm-none-eabi/4.9.3/../../../../arm-none-eabi/lib/armv7-m/libc_nano.a(lib_a-strtod.o)
 .text._strtod_r
                0x0000000000003870      0xc40 /Developer/Tools/gcc-arm-none-eabi-4_9-2015q1/bin/../lib/gcc/arm-none-eabi/4.9.3/../../../../arm-none-eabi/lib/armv7-m/libc_nano.a(lib_a-strtod.o)
                0x0000000000003870                _strtod_r
 .text.strtod   0x00000000000044b0       0x14 /Developer/Tools/gcc-arm-none-eabi-4_9-2015q1/bin/../lib/gcc/arm-none-eabi/4.9.3/../../../../arm-none-eabi/lib/armv7-m/libc_nano.a(lib_a-strtod.o)
                0x00000000000044b0                strtod
 .text._strtol_r
                0x00000000000044c4      0x10c /Developer/Tools/gcc-arm-none-eabi-4_9-2015q1/bin/../lib/gcc/arm-none-eabi/4.9.3/../../../../arm-none-eabi/lib/armv7-m/libc_nano.a(lib_a-strtol.o)
                0x00000000000044c4                _strtol_r
 .text.strtol   0x00000000000045d0       0x1c /Developer/Tools/gcc-arm-none-eabi-4_9-2015q1/bin/../lib/gcc/arm-none-eabi/4.9.3/../../../../arm-none-eabi/lib/armv7-m/libc_nano.a(lib_a-strtol.o)
                0x00000000000045d0                strtol
 .text.__swbuf_r
                0x00000000000045ec       0xa8 /Developer/Tools/gcc-arm-none-eabi-4_9-2015q1/bin/../lib/gcc/arm-none-eabi/4.9.3/../../../../arm-none-eabi/lib/armv7-m/libc_nano.a(lib_a-wbuf.o)
                0x00000000000045ec                __swbuf_r
 .text._write_r
                0x0000000000004694       0x24 /Developer/Tools/gcc-arm-none-eabi-4_9-2015q1/bin/../lib/gcc/arm-none-eabi/4.9.3/../../../../arm-none-eabi/lib/armv7-m/libc_nano.a(lib_a-writer.o)
                0x0000000000004694                _write_r
 .text.__swsetup_r
                0x00000000000046b8       0xd8 /Developer/Tools/gcc-arm-none-eabi-4_9-2015q1/bin/../lib/gcc/arm-none-eabi/4.9.3/../../../../arm-none-eabi/lib/armv7-m/libc_nano.a(lib_a-wsetup.o)
                0x00000000000046b8                __swsetup_r
 .text._close_r
                0x0000000000004790       0x20 /Developer/Tools/gcc-arm-none-eabi-4_9-2015q1/bin/../lib/gcc/arm-none-eabi/4.9.3/../../../../arm-none-eabi/lib/armv7-m/libc_nano.a(lib_a-closer.o)
                0x0000000000004790                _close_r
 .text.quorem   0x00000000000047b0      0x114 /Developer/Tools/gcc-arm-none-eabi-4_9-2015q1/bin/../lib/gcc/arm-none-eabi/4.9.3/../../../../arm-none-eabi/lib/armv7-m/libc_nano.a(lib_a-dtoa.o)
 *fill*         0x00000000000048c4        0x4 
 .text._dtoa_r  0x00000000000048c8      0xb78 /Developer/Tools/gcc-arm-none-eabi-4_9-2015q1/bin/../lib/gcc/arm-none-eabi/4.9.3/../../../../arm-none-eabi/lib/armv7-m/libc_nano.a(lib_a-dtoa.o)
                0x00000000000048c8                _dtoa_r
 .text.rshift   0x0000000000005440       0x6c /Developer/Tools/gcc-arm-none-eabi-4_9-2015q1/bin/../lib/gcc/arm-none-eabi/4.9.3/../../../../arm-none-eabi/lib/armv7-m/libc_nano.a(lib_a-gdtoa-gethex.o)
 .text.__hexdig_fun
                0x00000000000054ac       0x2a /Developer/Tools/gcc-arm-none-eabi-4_9-2015q1/bin/../lib/gcc/arm-none-eabi/4.9.3/../../../../arm-none-eabi/lib/armv7-m/libc_nano.a(lib_a-gdtoa-gethex.o)
                0x00000000000054ac                __hexdig_fun
 .text.__gethex
                0x00000000000054d6      0x44a /Developer/Tools/gcc-arm-none-eabi-4_9-2015q1/bin/../lib/gcc/arm-none-eabi/4.9.3/../../../../arm-none-eabi/lib/armv7-m/libc_nano.a(lib_a-gdtoa-gethex.o)
                0x00000000000054d6                __gethex
 .text.L_shift  0x0000000000005920       0x24 /Developer/Tools/gcc-arm-none-eabi-4_9-2015q1/bin/../lib/gcc/arm-none-eabi/4.9.3/../../../../arm-none-eabi/lib/armv7-m/libc_nano.a(lib_a-gdtoa-hexnan.o)
 .text.__hexnan
                0x0000000000005944      0x114 /Developer/Tools/gcc-arm-none-eabi-4_9-2015q1/bin/../lib/gcc/arm-none-eabi/4.9.3/../../../../arm-none-eabi/lib/armv7-m/libc_nano.a(lib_a-gdtoa-hexnan.o)
                0x0000000000005944                __hexnan
 .text._getc_r  0x0000000000005a58       0x58 /Developer/Tools/gcc-arm-none-eabi-4_9-2015q1/bin/../lib/gcc/arm-none-eabi/4.9.3/../../../../arm-none-eabi/lib/armv7-m/libc_nano.a(lib_a-getc.o)
                0x0000000000005a58                _getc_r
 .text._localeconv_r
                0x0000000000005ab0        0x8 /Developer/Tools/gcc-arm-none-eabi-4_9-2015q1/bin/../lib/gcc/arm-none-eabi/4.9.3/../../../../arm-none-eabi/lib/armv7-m/libc_nano.a(lib_a-locale.o)
                0x0000000000005ab0                _localeconv_r
 .text._lseek_r
                0x0000000000005ab8       0x24 /Developer/Tools/gcc-arm-none-eabi-4_9-2015q1/bin/../lib/gcc/arm-none-eabi/4.9.3/../../../../arm-none-eabi/lib/armv7-m/libc_nano.a(lib_a-lseekr.o)
                0x0000000000005ab8                _lseek_r
 .text.__smakebuf_r
                0x0000000000005adc       0x98 /Developer/Tools/gcc-arm-none-eabi-4_9-2015q1/bin/../lib/gcc/arm-none-eabi/4.9.3/../../../../arm-none-eabi/lib/armv7-m/libc_nano.a(lib_a-makebuf.o)
                0x0000000000005adc                __smakebuf_r
 .text.memmove  0x0000000000005b74       0x36 /Developer/Tools/gcc-arm-none-eabi-4_9-2015q1/bin/../lib/gcc/arm-none-eabi/4.9.3/../../../../arm-none-eabi/lib/armv7-m/libc_nano.a(lib_a-memmove.o)
                0x0000000000005b74                memmove
 .text._Balloc  0x0000000000005baa       0x6a /Developer/Tools/gcc-arm-none-eabi-4_9-2015q1/bin/../lib/gcc/arm-none-eabi/4.9.3/../../../../arm-none-eabi/lib/armv7-m/libc_nano.a(lib_a-mprec.o)
                0x0000000000005baa                _Balloc
 .text._Bfree   0x0000000000005c14       0x2e /Developer/Tools/gcc-arm-none-eabi-4_9-2015q1/bin/../lib/gcc/arm-none-eabi/4.9.3/../../../../arm-none-eabi/lib/armv7-m/libc_nano.a(lib_a-mprec.o)
                0x0000000000005c14                _Bfree
 .text.__multadd
                0x0000000000005c42       0x7c /Developer/Tools/gcc-arm-none-eabi-4_9-2015q1/bin/../lib/gcc/arm-none-eabi/4.9.3/../../../../arm-none-eabi/lib/armv7-m/libc_nano.a(lib_a-mprec.o)
                0x0000000000005c42                __multadd
 .text.__s2b    0x0000000000005cbe       0x80 /Developer/Tools/gcc-arm-none-eabi-4_9-2015q1/bin/../lib/gcc/arm-none-eabi/4.9.3/../../../../arm-none-eabi/lib/armv7-m/libc_nano.a(lib_a-mprec.o)
                0x0000000000005cbe                __s2b
 .text.__hi0bits
                0x0000000000005d3e       0x40 /Developer/Tools/gcc-arm-none-eabi-4_9-2015q1/bin/../lib/gcc/arm-none-eabi/4.9.3/../../../../arm-none-eabi/lib/armv7-m/libc_nano.a(lib_a-mprec.o)
                0x0000000000005d3e                __hi0bits
 .text.__lo0bits
                0x0000000000005d7e       0x5a /Developer/Tools/gcc-arm-none-eabi-4_9-2015q1/bin/../lib/gcc/arm-none-eabi/4.9.3/../../../../arm-none-eabi/lib/armv7-m/libc_nano.a(lib_a-mprec.o)
                0x0000000000005d7e                __lo0bits
 .text.__i2b    0x0000000000005dd8       0x12 /Developer/Tools/gcc-arm-none-eabi-4_9-2015q1/bin/../lib/gcc/arm-none-eabi/4.9.3/../../../../arm-none-eabi/lib/armv7-m/libc_nano.a(lib_a-mprec.o)
                0x0000000000005dd8                __i2b
 .text.__multiply
                0x0000000000005dea      0x120 /Developer/Tools/gcc-arm-none-eabi-4_9-2015q1/bin/../lib/gcc/arm-none-eabi/4.9.3/../../../../arm-none-eabi/lib/armv7-m/libc_nano.a(lib_a-mprec.o)
                0x0000000000005dea                __multiply
 *fill*         0x0000000000005f0a        0x2 
 .text.__pow5mult
                0x0000000000005f0c       0x9c /Developer/Tools/gcc-arm-none-eabi-4_9-2015q1/bin/../lib/gcc/arm-none-eabi/4.9.3/../../../../arm-none-eabi/lib/armv7-m/libc_nano.a(lib_a-mprec.o)
                0x0000000000005f0c                __pow5mult
 .text.__lshift
                0x0000000000005fa8       0xa6 /Developer/Tools/gcc-arm-none-eabi-4_9-2015q1/bin/../lib/gcc/arm-none-eabi/4.9.3/../../../../arm-none-eabi/lib/armv7-m/libc_nano.a(lib_a-mprec.o)
                0x0000000000005fa8                __lshift
 .text.__mcmp   0x000000000000604e       0x38 /Developer/Tools/gcc-arm-none-eabi-4_9-2015q1/bin/../lib/gcc/arm-none-eabi/4.9.3/../../../../arm-none-eabi/lib/armv7-m/libc_nano.a(lib_a-mprec.o)
                0x000000000000604e                __mcmp
 .text.__mdiff  0x0000000000006086       0xbe /Developer/Tools/gcc-arm-none-eabi-4_9-2015q1/bin/../lib/gcc/arm-none-eabi/4.9.3/../../../../arm-none-eabi/lib/armv7-m/libc_nano.a(lib_a-mprec.o)
                0x0000000000006086                __mdiff
 .text.__ulp    0x0000000000006144       0x48 /Developer/Tools/gcc-arm-none-eabi-4_9-2015q1/bin/../lib/gcc/arm-none-eabi/4.9.3/../../../../arm-none-eabi/lib/armv7-m/libc_nano.a(lib_a-mprec.o)
                0x0000000000006144                __ulp
 .text.__b2d    0x000000000000618c       0x9e /Developer/Tools/gcc-arm-none-eabi-4_9-2015q1/bin/../lib/gcc/arm-none-eabi/4.9.3/../../../../arm-none-eabi/lib/armv7-m/libc_nano.a(lib_a-mprec.o)
                0x000000000000618c                __b2d
 .text.__d2b    0x000000000000622a       0xa4 /Developer/Tools/gcc-arm-none-eabi-4_9-2015q1/bin/../lib/gcc/arm-none-eabi/4.9.3/../../../../arm-none-eabi/lib/armv7-m/libc_nano.a(lib_a-mprec.o)
                0x000000000000622a                __d2b
 .text.__ratio  0x00000000000062ce       0x50 /Developer/Tools/gcc-arm-none-eabi-4_9-2015q1/bin/../lib/gcc/arm-none-eabi/4.9.3/../../../../arm-none-eabi/lib/armv7-m/libc_nano.a(lib_a-mprec.o)
                0x00000000000062ce                __ratio
 .text.__copybits
                0x000000000000631e       0x34 /Developer/Tools/gcc-arm-none-eabi-4_9-2015q1/bin/../lib/gcc/arm-none-eabi/4.9.3/../../../../arm-none-eabi/lib/armv7-m/libc_nano.a(lib_a-mprec.o)
                0x000000000000631e                __copybits
 .text.__any_on
                0x0000000000006352       0x44 /Developer/Tools/gcc-arm-none-eabi-4_9-2015q1/bin/../lib/gcc/arm-none-eabi/4.9.3/../../../../arm-none-eabi/lib/armv7-m/libc_nano.a(lib_a-mprec.o)
                0x0000000000006352                __any_on
 .text._calloc_r
                0x0000000000006396       0x1c /Developer/Tools/gcc-arm-none-eabi-4_9-2015q1/bin/../lib/gcc/arm-none-eabi/4.9.3/../../../../arm-none-eabi/lib/armv7-m/libc_nano.a(lib_a-nano-callocr.o)
                0x0000000000006396                _calloc_r
 .text._realloc_r
                0x00000000000063b2       0x4c /Developer/Tools/gcc-arm-none-eabi-4_9-2015q1/bin/../lib/gcc/arm-none-eabi/4.9.3/../../../../arm-none-eabi/lib/armv7-m/libc_nano.a(lib_a-nano-reallocr.o)
                0x00000000000063b2                _realloc_r
 .text.__ssputs_r
                0x00000000000063fe       0xb2 /Developer/Tools/gcc-arm-none-eabi-4_9-2015q1/bin/../lib/gcc/arm-none-eabi/4.9.3/../../../../arm-none-eabi/lib/armv7-m/libc_nano.a(lib_a-nano-svfprintf.o)
                0x00000000000063fe                __ssputs_r
 .text._svfprintf_r
                0x00000000000064b0      0x1e4 /Developer/Tools/gcc-arm-none-eabi-4_9-2015q1/bin/../lib/gcc/arm-none-eabi/4.9.3/../../../../arm-none-eabi/lib/armv7-m/libc_nano.a(lib_a-nano-svfprintf.o)
                0x00000000000064b0                _svfprintf_r
                0x00000000000064b0                _svfiprintf_r
 .text._putc_r  0x0000000000006694       0x78 /Developer/Tools/gcc-arm-none-eabi-4_9-2015q1/bin/../lib/gcc/arm-none-eabi/4.9.3/../../../../arm-none-eabi/lib/armv7-m/libc_nano.a(lib_a-putc.o)
                0x0000000000006694                _putc_r
 .text._read_r  0x000000000000670c       0x24 /Developer/Tools/gcc-arm-none-eabi-4_9-2015q1/bin/../lib/gcc/arm-none-eabi/4.9.3/../../../../arm-none-eabi/lib/armv7-m/libc_nano.a(lib_a-readr.o)
                0x000000000000670c                _read_r
 .text._fstat_r
                0x0000000000006730       0x24 /Developer/Tools/gcc-arm-none-eabi-4_9-2015q1/bin/../lib/gcc/arm-none-eabi/4.9.3/../../../../arm-none-eabi/lib/armv7-m/libc_nano.a(lib_a-fstatr.o)
                0x0000000000006730                _fstat_r
 .text._isatty_r
                0x0000000000006754       0x20 /Developer/Tools/gcc-arm-none-eabi-4_9-2015q1/bin/../lib/gcc/arm-none-eabi/4.9.3/../../../../arm-none-eabi/lib/armv7-m/libc_nano.a(lib_a-isattyr.o)
                0x0000000000006754                _isatty_r
 .text._malloc_usable_size_r
                0x0000000000006774       0x14 /Developer/Tools/gcc-arm-none-eabi-4_9-2015q1/bin/../lib/gcc/arm-none-eabi/4.9.3/../../../../arm-none-eabi/lib/armv7-m/libc_nano.a(lib_a-nano-msizer.o)
                0x0000000000006774                _malloc_usable_size_r
 .text          0x0000000000006788      0x370 /Developer/Tools/gcc-arm-none-eabi-4_9-2015q1/bin/../lib/gcc/arm-none-eabi/4.9.3/armv7-m/libgcc.a(_arm_addsubdf3.o)
                0x0000000000006788                __aeabi_drsub
                0x0000000000006790                __subdf3
                0x0000000000006790                __aeabi_dsub
                0x0000000000006794                __aeabi_dadd
                0x0000000000006794                __adddf3
                0x0000000000006a0c                __aeabi_ui2d
                0x0000000000006a0c                __floatunsidf
                0x0000000000006a2c                __floatsidf
                0x0000000000006a2c                __aeabi_i2d
                0x0000000000006a50                __extendsfdf2
                0x0000000000006a50                __aeabi_f2d
                0x0000000000006a8c                __aeabi_ul2d
                0x0000000000006a8c                __floatundidf
                0x0000000000006a9c                __aeabi_l2d
                0x0000000000006a9c                __floatdidf
 .text          0x0000000000006af8      0x424 /Developer/Tools/gcc-arm-none-eabi-4_9-2015q1/bin/../lib/gcc/arm-none-eabi/4.9.3/armv7-m/libgcc.a(_arm_muldivdf3.o)
                0x0000000000006af8                __aeabi_dmul
                0x0000000000006af8                __muldf3
                0x0000000000006d4c                __aeabi_ddiv
                0x0000000000006d4c                __divdf3
 .text          0x0000000000006f1c      0x110 /Developer/Tools/gcc-arm-none-eabi-4_9-2015q1/bin/../lib/gcc/arm-none-eabi/4.9.3/armv7-m/libgcc.a(_arm_cmpdf2.o)
                0x0000000000006f1c                __gtdf2
                0x0000000000006f1c                __gedf2
                0x0000000000006f24                __ltdf2
                0x0000000000006f24                __ledf2
                0x0000000000006f2c                __eqdf2
                0x0000000000006f2c                __nedf2
                0x0000000000006f2c                __cmpdf2
                0x0000000000006fa8                __aeabi_cdrcmple
                0x0000000000006fb8                __aeabi_cdcmple
                0x0000000000006fb8                __aeabi_cdcmpeq
                0x0000000000006fc8                __aeabi_dcmpeq
                0x0000000000006fdc                __aeabi_dcmplt
                0x0000000000006ff0                __aeabi_dcmple
                0x0000000000007004                __aeabi_dcmpge
                0x0000000000007018                __aeabi_dcmpgt
 .text          0x000000000000702c       0x50 /Developer/Tools/gcc-arm-none-eabi-4_9-2015q1/bin/../lib/gcc/arm-none-eabi/4.9.3/armv7-m/libgcc.a(_arm_fixdfsi.o)
                0x000000000000702c                __fixdfsi
                0x000000000000702c                __aeabi_d2iz
 .text          0x000000000000707c       0x40 /Developer/Tools/gcc-arm-none-eabi-4_9-2015q1/bin/../lib/gcc/arm-none-eabi/4.9.3/armv7-m/libgcc.a(_arm_fixunsdfsi.o)
                0x000000000000707c                __fixunsdfsi
                0x000000000000707c                __aeabi_d2uiz
 .text          0x00000000000070bc       0xa0 /Developer/Tools/gcc-arm-none-eabi-4_9-2015q1/bin/../lib/gcc/arm-none-eabi/4.9.3/armv7-m/libgcc.a(_arm_truncdfsf2.o)
                0x00000000000070bc                __aeabi_d2f
                0x00000000000070bc                __truncdfsf2
 .text._getpid  0x000000000000715c       0x10 /Developer/Tools/gcc-arm-none-eabi-4_9-2015q1/bin/../lib/gcc/arm-none-eabi/4.9.3/../../../../arm-none-eabi/lib/armv7-m/libnosys.a(getpid.o)
                0x000000000000715c                _getpid
 .text._kill    0x000000000000716c       0x10 /Developer/Tools/gcc-arm-none-eabi-4_9-2015q1/bin/../lib/gcc/arm-none-eabi/4.9.3/../../../../arm-none-eabi/lib/armv7-m/libnosys.a(kill.o)
                0x000000000000716c                _kill
 *(.init)
 .init          0x000000000000717c        0x4 /Developer/Tools/gcc-arm-none-eabi-4_9-2015q1/bin/../lib/gcc/arm-none-eabi/4.9.3/armv7-m/crti.o
                0x000000000000717c                _init
 .init          0x0000000000007180        0x8 /Developer/Tools/gcc-arm-none-eabi-4_9-2015q1/bin/../lib/gcc/arm-none-eabi/4.9.3/armv7-m/crtn.o
 *(.fini)
 .fini          0x0000000000007188        0x4 /Developer/Tools/gcc-arm-none-eabi-4_9-2015q1/bin/../lib/gcc/arm-none-eabi/4.9.3/armv7-m/crti.o
                0x0000000000007188                _fini
 .fini          0x000000000000718c        0x8 /Developer/Tools/gcc-arm-none-eabi-4_9-2015q1/bin/../lib/gcc/arm-none-eabi/4.9.3/armv7-m/crtn.o
 *crtbegin.o(.ctors)
 *crtbegin?.o(.ctors)
 *(EXCLUDE_FILE(*crtend.o *crtend?.o) .ctors)
 *(SORT(.ctors.*))
 *(.ctors)
 *crtbegin.o(.dtors)
 *crtbegin?.o(.dtors)
 *(EXCLUDE_FILE(*crtend.o *crtend?.o) .dtors)
 *(SORT(.dtors.*))
 *(.dtors)
 *(.rodata*)
 .rodata.str1.1
                0x0000000000007194        0xd main.o
 .rodata.str1.1
                0x00000000000071a1       0xb7 rpc_server.o
 .rodata.str1.1
                0x0000000000007258       0x17 rpc_stream.o
                                         0x1b (size before relaxing)
 .rodata.str1.1
                0x000000000000726f       0x56 rpc_server_registration.o
 .rodata.str1.1
                0x00000000000072c5        0xa grove_example_gen.o
 *fill*         0x00000000000072cf        0x1 
 .rodata.str1.4
                0x00000000000072d0       0x80 ../../mbed/TARGET_LPC1768/TOOLCHAIN_GCC_ARM/board.o
 .rodata.PinMap_I2C_SDA
                0x0000000000007350       0x3c ../../mbed/TARGET_LPC1768/TOOLCHAIN_GCC_ARM/libmbed.a(i2c_api.o)
 .rodata.str1.4
                0x000000000000738c       0x79 ../../mbed/TARGET_LPC1768/TOOLCHAIN_GCC_ARM/libmbed.a(i2c_api.o)
                                         0x7c (size before relaxing)
 *fill*         0x0000000000007405        0x3 
 .rodata.PinMap_I2C_SCL
                0x0000000000007408       0x3c ../../mbed/TARGET_LPC1768/TOOLCHAIN_GCC_ARM/libmbed.a(i2c_api.o)
 .rodata.PinMap_UART_RTS
                0x0000000000007444       0x24 ../../mbed/TARGET_LPC1768/TOOLCHAIN_GCC_ARM/libmbed.a(serial_api.o)
 .rodata.CSWTCH.24
                0x0000000000007468       0x10 ../../mbed/TARGET_LPC1768/TOOLCHAIN_GCC_ARM/libmbed.a(serial_api.o)
 .rodata.PinMap_UART_RX
                0x0000000000007478       0x6c ../../mbed/TARGET_LPC1768/TOOLCHAIN_GCC_ARM/libmbed.a(serial_api.o)
 .rodata.str1.4
                0x00000000000074e4      0x1d0 ../../mbed/TARGET_LPC1768/TOOLCHAIN_GCC_ARM/libmbed.a(serial_api.o)
                                        0x1e8 (size before relaxing)
 .rodata.PinMap_UART_TX
                0x00000000000076b4       0x6c ../../mbed/TARGET_LPC1768/TOOLCHAIN_GCC_ARM/libmbed.a(serial_api.o)
 .rodata.PinMap_UART_CTS
                0x0000000000007720       0x24 ../../mbed/TARGET_LPC1768/TOOLCHAIN_GCC_ARM/libmbed.a(serial_api.o)
 .rodata.str1.4
                0x0000000000007744       0x31 ../../mbed/TARGET_LPC1768/TOOLCHAIN_GCC_ARM/libmbed.a(assert.o)
                                         0x34 (size before relaxing)
 .rodata.str1.4
                0x0000000000000000       0x80 ../../mbed/TARGET_LPC1768/TOOLCHAIN_GCC_ARM/libmbed.a(gpio.o)
 *fill*         0x0000000000007775        0x3 
 .rodata.str1.4
                0x0000000000007778       0x66 ../../mbed/TARGET_LPC1768/TOOLCHAIN_GCC_ARM/libmbed.a(pinmap_common.o)
                                         0x68 (size before relaxing)
 *fill*         0x00000000000077de        0x2 
 .rodata.str1.4
                0x00000000000077e0       0x7a ../../mbed/TARGET_LPC1768/TOOLCHAIN_GCC_ARM/libmbed.a(gpio_api.o)
                                         0x94 (size before relaxing)
 *fill*         0x000000000000785a        0x2 
 .rodata.str1.4
                0x000000000000785c       0x64 ../../mbed/TARGET_LPC1768/TOOLCHAIN_GCC_ARM/libmbed.a(pinmap.o)
                                         0x78 (size before relaxing)
 .rodata.__sf_fake_stdin
                0x00000000000078c0       0x20 /Developer/Tools/gcc-arm-none-eabi-4_9-2015q1/bin/../lib/gcc/arm-none-eabi/4.9.3/../../../../arm-none-eabi/lib/armv7-m/libc_nano.a(lib_a-findfp.o)
                0x00000000000078c0                __sf_fake_stdin
 .rodata.__sf_fake_stdout
                0x00000000000078e0       0x20 /Developer/Tools/gcc-arm-none-eabi-4_9-2015q1/bin/../lib/gcc/arm-none-eabi/4.9.3/../../../../arm-none-eabi/lib/armv7-m/libc_nano.a(lib_a-findfp.o)
                0x00000000000078e0                __sf_fake_stdout
 .rodata.__sf_fake_stderr
                0x0000000000007900       0x20 /Developer/Tools/gcc-arm-none-eabi-4_9-2015q1/bin/../lib/gcc/arm-none-eabi/4.9.3/../../../../arm-none-eabi/lib/armv7-m/libc_nano.a(lib_a-findfp.o)
                0x0000000000007900                __sf_fake_stderr
 .rodata.str1.1
                0x0000000000007920        0x2 /Developer/Tools/gcc-arm-none-eabi-4_9-2015q1/bin/../lib/gcc/arm-none-eabi/4.9.3/../../../../arm-none-eabi/lib/armv7-m/libc_nano.a(lib_a-impure.o)
 *fill*         0x0000000000007922        0x2 
 .rodata._global_impure_ptr
                0x0000000000007924        0x4 /Developer/Tools/gcc-arm-none-eabi-4_9-2015q1/bin/../lib/gcc/arm-none-eabi/4.9.3/../../../../arm-none-eabi/lib/armv7-m/libc_nano.a(lib_a-impure.o)
                0x0000000000007924                _global_impure_ptr
 .rodata.str1.1
                0x0000000000007928       0x11 /Developer/Tools/gcc-arm-none-eabi-4_9-2015q1/bin/../lib/gcc/arm-none-eabi/4.9.3/../../../../arm-none-eabi/lib/armv7-m/libc_nano.a(lib_a-nano-vfprintf.o)
 .rodata.str1.1
                0x0000000000007939       0x12 /Developer/Tools/gcc-arm-none-eabi-4_9-2015q1/bin/../lib/gcc/arm-none-eabi/4.9.3/../../../../arm-none-eabi/lib/armv7-m/libc_nano.a(lib_a-nano-vfprintf_float.o)
 .rodata.str1.1
                0x000000000000794b       0x22 /Developer/Tools/gcc-arm-none-eabi-4_9-2015q1/bin/../lib/gcc/arm-none-eabi/4.9.3/../../../../arm-none-eabi/lib/armv7-m/libc_nano.a(lib_a-nano-vfprintf_i.o)
 .rodata.str1.1
                0x000000000000796d        0x5 /Developer/Tools/gcc-arm-none-eabi-4_9-2015q1/bin/../lib/gcc/arm-none-eabi/4.9.3/../../../../arm-none-eabi/lib/armv7-m/libc_nano.a(lib_a-nano-vfscanf_float.o)
 *fill*         0x0000000000007972        0x2 
 .rodata.fpinan.5309
                0x0000000000007974       0x14 /Developer/Tools/gcc-arm-none-eabi-4_9-2015q1/bin/../lib/gcc/arm-none-eabi/4.9.3/../../../../arm-none-eabi/lib/armv7-m/libc_nano.a(lib_a-strtod.o)
 .rodata.str1.1
                0x0000000000000000        0x5 /Developer/Tools/gcc-arm-none-eabi-4_9-2015q1/bin/../lib/gcc/arm-none-eabi/4.9.3/../../../../arm-none-eabi/lib/armv7-m/libc_nano.a(lib_a-strtod.o)
                                          0xc (size before relaxing)
 .rodata.tinytens
                0x0000000000007988       0x28 /Developer/Tools/gcc-arm-none-eabi-4_9-2015q1/bin/../lib/gcc/arm-none-eabi/4.9.3/../../../../arm-none-eabi/lib/armv7-m/libc_nano.a(lib_a-strtod.o)
 .rodata.fpi.5273
                0x00000000000079b0       0x14 /Developer/Tools/gcc-arm-none-eabi-4_9-2015q1/bin/../lib/gcc/arm-none-eabi/4.9.3/../../../../arm-none-eabi/lib/armv7-m/libc_nano.a(lib_a-strtod.o)
 .rodata._ctype_
                0x00000000000079c4      0x101 /Developer/Tools/gcc-arm-none-eabi-4_9-2015q1/bin/../lib/gcc/arm-none-eabi/4.9.3/../../../../arm-none-eabi/lib/armv7-m/libc_nano.a(lib_a-ctype_.o)
                0x00000000000079c4                _ctype_
 .rodata.str1.1
                0x0000000000007ac5        0xd /Developer/Tools/gcc-arm-none-eabi-4_9-2015q1/bin/../lib/gcc/arm-none-eabi/4.9.3/../../../../arm-none-eabi/lib/armv7-m/libc_nano.a(lib_a-dtoa.o)
                                          0xf (size before relaxing)
 .rodata.str1.1
                0x0000000000007ad2        0x6 /Developer/Tools/gcc-arm-none-eabi-4_9-2015q1/bin/../lib/gcc/arm-none-eabi/4.9.3/../../../../arm-none-eabi/lib/armv7-m/libc_nano.a(lib_a-locale.o)
                                          0xb (size before relaxing)
 .rodata.__mprec_tens
                0x0000000000007ad8       0xc8 /Developer/Tools/gcc-arm-none-eabi-4_9-2015q1/bin/../lib/gcc/arm-none-eabi/4.9.3/../../../../arm-none-eabi/lib/armv7-m/libc_nano.a(lib_a-mprec.o)
                0x0000000000007ad8                __mprec_tens
 .rodata.__mprec_bigtens
                0x0000000000007ba0       0x28 /Developer/Tools/gcc-arm-none-eabi-4_9-2015q1/bin/../lib/gcc/arm-none-eabi/4.9.3/../../../../arm-none-eabi/lib/armv7-m/libc_nano.a(lib_a-mprec.o)
                0x0000000000007ba0                __mprec_bigtens
 .rodata.p05.5308
                0x0000000000007bc8        0xc /Developer/Tools/gcc-arm-none-eabi-4_9-2015q1/bin/../lib/gcc/arm-none-eabi/4.9.3/../../../../arm-none-eabi/lib/armv7-m/libc_nano.a(lib_a-mprec.o)
 .rodata.str1.1
                0x0000000000000000       0x11 /Developer/Tools/gcc-arm-none-eabi-4_9-2015q1/bin/../lib/gcc/arm-none-eabi/4.9.3/../../../../arm-none-eabi/lib/armv7-m/libc_nano.a(lib_a-nano-svfprintf.o)
 *(.eh_frame*)
 .eh_frame      0x0000000000007bd4        0x0 /Developer/Tools/gcc-arm-none-eabi-4_9-2015q1/bin/../lib/gcc/arm-none-eabi/4.9.3/armv7-m/crtbegin.o
 .eh_frame      0x0000000000007bd4       0x28 /Developer/Tools/gcc-arm-none-eabi-4_9-2015q1/bin/../lib/gcc/arm-none-eabi/4.9.3/../../../../arm-none-eabi/lib/armv7-m/libc_nano.a(lib_a-strcmp.o)
 .eh_frame      0x0000000000007bfc        0x4 /Developer/Tools/gcc-arm-none-eabi-4_9-2015q1/bin/../lib/gcc/arm-none-eabi/4.9.3/armv7-m/crtend.o

.glue_7         0x0000000000007c00        0x0
 .glue_7        0x0000000000000000        0x0 linker stubs

.glue_7t        0x0000000000007c00        0x0
 .glue_7t       0x0000000000000000        0x0 linker stubs

.vfp11_veneer   0x0000000000007c00        0x0
 .vfp11_veneer  0x0000000000000000        0x0 linker stubs

.v4_bx          0x0000000000007c00        0x0
 .v4_bx         0x0000000000000000        0x0 linker stubs

.iplt           0x0000000000007c00        0x0
 .iplt          0x0000000000000000        0x0 /Developer/Tools/gcc-arm-none-eabi-4_9-2015q1/bin/../lib/gcc/arm-none-eabi/4.9.3/armv7-m/crtbegin.o

.ARM.extab
 *(.ARM.extab* .gnu.linkonce.armextab.*)
                0x0000000000007c00                __exidx_start = .

.ARM.exidx      0x0000000000007c00        0x8
 *(.ARM.exidx* .gnu.linkonce.armexidx.*)
 .ARM.exidx     0x0000000000007c00        0x8 /Developer/Tools/gcc-arm-none-eabi-4_9-2015q1/bin/../lib/gcc/arm-none-eabi/4.9.3/../../../../arm-none-eabi/lib/armv7-m/crt0.o
                0x0000000000007c08                __exidx_end = .
                0x0000000000007c08                __etext = .

.rel.dyn        0x0000000000007c08        0x0
 .rel.iplt      0x0000000000000000        0x0 /Developer/Tools/gcc-arm-none-eabi-4_9-2015q1/bin/../lib/gcc/arm-none-eabi/4.9.3/armv7-m/crtbegin.o

.data           0x00000000100000c8       0xb0 load address 0x0000000000007c08
                0x00000000100000c8                __data_start__ = .
                0x00000000100000c8                Image$$RW_IRAM1$$Base = .
 *(vtable)
 *(.data*)
 .data.SystemCoreClock
                0x00000000100000c8        0x4 ../../mbed/TARGET_LPC1768/TOOLCHAIN_GCC_ARM/system_LPC17xx.o
                0x00000000100000c8                SystemCoreClock
 .data._ZZ5_sbrkE4heap
                0x00000000100000cc        0x4 ../../mbed/TARGET_LPC1768/TOOLCHAIN_GCC_ARM/retarget.o
 .data.impure_data
                0x00000000100000d0       0x60 /Developer/Tools/gcc-arm-none-eabi-4_9-2015q1/bin/../lib/gcc/arm-none-eabi/4.9.3/../../../../arm-none-eabi/lib/armv7-m/libc_nano.a(lib_a-impure.o)
 .data._impure_ptr
                0x0000000010000130        0x4 /Developer/Tools/gcc-arm-none-eabi-4_9-2015q1/bin/../lib/gcc/arm-none-eabi/4.9.3/../../../../arm-none-eabi/lib/armv7-m/libc_nano.a(lib_a-impure.o)
                0x0000000010000130                _impure_ptr
 .data.__ctype_ptr__
                0x0000000010000134        0x4 /Developer/Tools/gcc-arm-none-eabi-4_9-2015q1/bin/../lib/gcc/arm-none-eabi/4.9.3/../../../../arm-none-eabi/lib/armv7-m/libc_nano.a(lib_a-ctype_.o)
                0x0000000010000134                __ctype_ptr__
 .data.lconv    0x0000000010000138       0x38 /Developer/Tools/gcc-arm-none-eabi-4_9-2015q1/bin/../lib/gcc/arm-none-eabi/4.9.3/../../../../arm-none-eabi/lib/armv7-m/libc_nano.a(lib_a-locale.o)
                0x0000000010000170                . = ALIGN (0x4)
                0x0000000010000170                PROVIDE (__preinit_array_start, .)
 *(.preinit_array)
                0x0000000010000170                PROVIDE (__preinit_array_end, .)
                0x0000000010000170                . = ALIGN (0x4)
                0x0000000010000170                PROVIDE (__init_array_start, .)
 *(SORT(.init_array.*))
 *(.init_array)
 .init_array    0x0000000010000170        0x4 /Developer/Tools/gcc-arm-none-eabi-4_9-2015q1/bin/../lib/gcc/arm-none-eabi/4.9.3/armv7-m/crtbegin.o
                0x0000000010000174                PROVIDE (__init_array_end, .)
                0x0000000010000174                . = ALIGN (0x4)
                0x0000000010000174                PROVIDE (__fini_array_start, .)
 *(SORT(.fini_array.*))
 *(.fini_array)
 .fini_array    0x0000000010000174        0x4 /Developer/Tools/gcc-arm-none-eabi-4_9-2015q1/bin/../lib/gcc/arm-none-eabi/4.9.3/armv7-m/crtbegin.o
                0x0000000010000178                PROVIDE (__fini_array_end, .)
                0x0000000010000178                . = ALIGN (0x4)
                0x0000000010000178                __data_end__ = .

.jcr            0x0000000010000178        0x0 load address 0x0000000000007cb8
 .jcr           0x0000000010000178        0x0 /Developer/Tools/gcc-arm-none-eabi-4_9-2015q1/bin/../lib/gcc/arm-none-eabi/4.9.3/armv7-m/crtbegin.o

.igot.plt       0x0000000010000178        0x0 load address 0x0000000000007cb8
 .igot.plt      0x0000000000000000        0x0 /Developer/Tools/gcc-arm-none-eabi-4_9-2015q1/bin/../lib/gcc/arm-none-eabi/4.9.3/armv7-m/crtbegin.o

.bss            0x0000000010000178      0x2c4 load address 0x0000000000007cb8
                0x0000000010000178                __bss_start__ = .
 *(.bss*)
 .bss           0x0000000010000178       0x1c /Developer/Tools/gcc-arm-none-eabi-4_9-2015q1/bin/../lib/gcc/arm-none-eabi/4.9.3/armv7-m/crtbegin.o
 .bss.p_first_resource
                0x0000000010000194        0x4 rpc_server.o
                0x0000000010000194                p_first_resource
 .bss._ZL10grove_name
                0x0000000010000198       0x21 rpc_server.o
 .bss._ZL4buff  0x00000000100001b9       0x21 rpc_server.o
 .bss._ZL8arg_buff
                0x00000000100001da       0x10 rpc_server.o
 *fill*         0x00000000100001ea        0x2 
 .bss._ZL10p_resource
                0x00000000100001ec        0x4 rpc_server.o
 .bss._ZL2ch    0x00000000100001f0        0x1 rpc_server.o
 *fill*         0x00000000100001f1        0x3 
 .bss._ZL11parse_stage
                0x00000000100001f4        0x4 rpc_server.o
 .bss._ZL6offset
                0x00000000100001f8        0x4 rpc_server.o
 .bss._ZL8req_type
                0x00000000100001fc        0x4 rpc_server.o
 .bss._ZL10arg_offset
                0x0000000010000200        0x4 rpc_server.o
 .bss._ZL9arg_index
                0x0000000010000204        0x4 rpc_server.o
 .bss.p_cur_resource
                0x0000000010000208        0x4 rpc_server.o
                0x0000000010000208                p_cur_resource
 .bss._ZL11method_name
                0x000000001000020c       0x21 rpc_server.o
 *fill*         0x000000001000022d        0x3 
 .bss._ZL11filehandles
                0x0000000010000230      0x100 ../../mbed/TARGET_LPC1768/TOOLCHAIN_GCC_ARM/retarget.o
 .bss.stdio_uart_inited
                0x0000000010000330        0x4 ../../mbed/TARGET_LPC1768/TOOLCHAIN_GCC_ARM/libmbed.a(serial_api.o)
                0x0000000010000330                stdio_uart_inited
 .bss.irq_handler
                0x0000000010000334        0x4 ../../mbed/TARGET_LPC1768/TOOLCHAIN_GCC_ARM/libmbed.a(serial_api.o)
 .bss.uart_data
                0x0000000010000338       0xe0 ../../mbed/TARGET_LPC1768/TOOLCHAIN_GCC_ARM/libmbed.a(serial_api.o)
 .bss.us_ticker_inited
                0x0000000010000418        0x4 ../../mbed/TARGET_LPC1768/TOOLCHAIN_GCC_ARM/libmbed.a(us_ticker.o)
                0x0000000010000418                us_ticker_inited
 .bss.head      0x000000001000041c        0x4 ../../mbed/TARGET_LPC1768/TOOLCHAIN_GCC_ARM/libmbed.a(us_ticker_api.o)
 .bss.event_handler
                0x0000000010000420        0x4 ../../mbed/TARGET_LPC1768/TOOLCHAIN_GCC_ARM/libmbed.a(us_ticker_api.o)
 .bss._ZN12_GLOBAL__N_113__new_handlerE
                0x0000000010000424        0x4 /Developer/Tools/gcc-arm-none-eabi-4_9-2015q1/bin/../lib/gcc/arm-none-eabi/4.9.3/../../../../arm-none-eabi/lib/armv7-m/libstdc++_nano.a(new_handler.o)
 .bss.__malloc_sbrk_start
                0x0000000010000428        0x4 /Developer/Tools/gcc-arm-none-eabi-4_9-2015q1/bin/../lib/gcc/arm-none-eabi/4.9.3/../../../../arm-none-eabi/lib/armv7-m/libc_nano.a(lib_a-nano-mallocr.o)
                0x0000000010000428                __malloc_sbrk_start
 .bss.__malloc_free_list
                0x000000001000042c        0x4 /Developer/Tools/gcc-arm-none-eabi-4_9-2015q1/bin/../lib/gcc/arm-none-eabi/4.9.3/../../../../arm-none-eabi/lib/armv7-m/libc_nano.a(lib_a-nano-mallocr.o)
                0x000000001000042c                __malloc_free_list
 *(COMMON)
 COMMON         0x0000000010000430        0x8 ../../mbed/TARGET_LPC1768/TOOLCHAIN_GCC_ARM/libmbed.a(serial_api.o)
                0x0000000010000430                stdio_uart
 COMMON         0x0000000010000438        0x4 /Developer/Tools/gcc-arm-none-eabi-4_9-2015q1/bin/../lib/gcc/arm-none-eabi/4.9.3/../../../../arm-none-eabi/lib/armv7-m/libc_nano.a(lib_a-reent.o)
                0x0000000010000438                errno
                0x000000001000043c                __bss_end__ = .
                0x000000001000043c                Image$$RW_IRAM1$$ZI$$Limit = .

.heap           0x0000000010000440      0x800
                0x0000000010000440                __end__ = .
                0x0000000010000440                end = __end__
 *(.heap*)
 .heap          0x0000000010000440      0x800 ../../mbed/TARGET_LPC1768/TOOLCHAIN_GCC_ARM/startup_LPC17xx.o
                0x0000000010000440                __HeapBase
                0x0000000010000c40                __HeapLimit = .

.stack_dummy    0x0000000010000440      0xc00
 *(.stack)
 .stack         0x0000000010000440      0xc00 ../../mbed/TARGET_LPC1768/TOOLCHAIN_GCC_ARM/startup_LPC17xx.o
                0x0000000010008000                __StackTop = (ORIGIN (RAM) + 0x7f38)
                0x0000000010007400                __StackLimit = (__StackTop - SIZEOF (.stack_dummy))
                0x0000000010008000                PROVIDE (__stack, __StackTop)
                0x0000000000000001                ASSERT ((__StackLimit >= __HeapLimit), region RAM overflowed with stack)

.AHBSRAM0       0x000000002007c000        0x0
                0x000000002007c000                Image$$RW_IRAM2$$Base = .
 *(AHBSRAM0)
                0x000000002007c000                Image$$RW_IRAM2$$ZI$$Limit = .

.AHBSRAM1       0x0000000020080000        0x0
                0x0000000020080000                Image$$RW_IRAM3$$Base = .
 *(AHBSRAM1)
                0x0000000020080000                Image$$RW_IRAM3$$ZI$$Limit = .
OUTPUT(mbed_1768_grove_driver_framework.elf elf32-littlearm)

.ARM.attributes
                0x0000000000000000       0x29
 .ARM.attributes
                0x0000000000000000       0x1d /Developer/Tools/gcc-arm-none-eabi-4_9-2015q1/bin/../lib/gcc/arm-none-eabi/4.9.3/armv7-m/crti.o
 .ARM.attributes
                0x000000000000001d       0x2d /Developer/Tools/gcc-arm-none-eabi-4_9-2015q1/bin/../lib/gcc/arm-none-eabi/4.9.3/armv7-m/crtbegin.o
 .ARM.attributes
                0x000000000000004a       0x1b /Developer/Tools/gcc-arm-none-eabi-4_9-2015q1/bin/../lib/gcc/arm-none-eabi/4.9.3/../../../../arm-none-eabi/lib/armv7-m/crt0.o
 .ARM.attributes
                0x0000000000000065       0x33 main.o
 .ARM.attributes
                0x0000000000000098       0x33 rpc_server.o
 .ARM.attributes
                0x00000000000000cb       0x33 rpc_stream.o
 .ARM.attributes
                0x00000000000000fe       0x33 rpc_server_registration.o
 .ARM.attributes
                0x0000000000000131       0x33 grove_example.o
 .ARM.attributes
                0x0000000000000164       0x33 grove_example_class.o
 .ARM.attributes
                0x0000000000000197       0x33 grove_example_gen.o
 .ARM.attributes
                0x00000000000001ca       0x33 ../../mbed/TARGET_LPC1768/TOOLCHAIN_GCC_ARM/cmsis_nvic.o
 .ARM.attributes
                0x00000000000001fd       0x33 ../../mbed/TARGET_LPC1768/TOOLCHAIN_GCC_ARM/system_LPC17xx.o
 .ARM.attributes
                0x0000000000000230       0x33 ../../mbed/TARGET_LPC1768/TOOLCHAIN_GCC_ARM/board.o
 .ARM.attributes
                0x0000000000000263       0x33 ../../mbed/TARGET_LPC1768/TOOLCHAIN_GCC_ARM/retarget.o
 .ARM.attributes
                0x0000000000000296       0x1b ../../mbed/TARGET_LPC1768/TOOLCHAIN_GCC_ARM/startup_LPC17xx.o
 .ARM.attributes
                0x00000000000002b1       0x33 ../../mbed/TARGET_LPC1768/TOOLCHAIN_GCC_ARM/libmbed.a(i2c_api.o)
 .ARM.attributes
                0x00000000000002e4       0x33 ../../mbed/TARGET_LPC1768/TOOLCHAIN_GCC_ARM/libmbed.a(serial_api.o)
 .ARM.attributes
                0x0000000000000317       0x33 ../../mbed/TARGET_LPC1768/TOOLCHAIN_GCC_ARM/libmbed.a(us_ticker.o)
 .ARM.attributes
                0x000000000000034a       0x33 ../../mbed/TARGET_LPC1768/TOOLCHAIN_GCC_ARM/libmbed.a(assert.o)
 .ARM.attributes
                0x000000000000037d       0x33 ../../mbed/TARGET_LPC1768/TOOLCHAIN_GCC_ARM/libmbed.a(error.o)
 .ARM.attributes
                0x00000000000003b0       0x33 ../../mbed/TARGET_LPC1768/TOOLCHAIN_GCC_ARM/libmbed.a(mbed_interface.o)
 .ARM.attributes
                0x00000000000003e3       0x33 ../../mbed/TARGET_LPC1768/TOOLCHAIN_GCC_ARM/libmbed.a(gpio.o)
 .ARM.attributes
                0x0000000000000416       0x33 ../../mbed/TARGET_LPC1768/TOOLCHAIN_GCC_ARM/libmbed.a(pinmap_common.o)
 .ARM.attributes
                0x0000000000000449       0x33 ../../mbed/TARGET_LPC1768/TOOLCHAIN_GCC_ARM/libmbed.a(semihost_api.o)
 .ARM.attributes
                0x000000000000047c       0x33 ../../mbed/TARGET_LPC1768/TOOLCHAIN_GCC_ARM/libmbed.a(us_ticker_api.o)
 .ARM.attributes
                0x00000000000004af       0x33 ../../mbed/TARGET_LPC1768/TOOLCHAIN_GCC_ARM/libmbed.a(wait_api.o)
 .ARM.attributes
                0x00000000000004e2       0x33 ../../mbed/TARGET_LPC1768/TOOLCHAIN_GCC_ARM/libmbed.a(gpio_api.o)
 .ARM.attributes
                0x0000000000000515       0x33 ../../mbed/TARGET_LPC1768/TOOLCHAIN_GCC_ARM/libmbed.a(pinmap.o)
 .ARM.attributes
                0x0000000000000548       0x2d /Developer/Tools/gcc-arm-none-eabi-4_9-2015q1/bin/../lib/gcc/arm-none-eabi/4.9.3/../../../../arm-none-eabi/lib/armv7-m/libstdc++_nano.a(new_op.o)
 .ARM.attributes
                0x0000000000000575       0x2d /Developer/Tools/gcc-arm-none-eabi-4_9-2015q1/bin/../lib/gcc/arm-none-eabi/4.9.3/../../../../arm-none-eabi/lib/armv7-m/libstdc++_nano.a(new_handler.o)
 .ARM.attributes
                0x00000000000005a2       0x2d /Developer/Tools/gcc-arm-none-eabi-4_9-2015q1/bin/../lib/gcc/arm-none-eabi/4.9.3/../../../../arm-none-eabi/lib/armv7-m/libc_nano.a(lib_a-abort.o)
 .ARM.attributes
                0x00000000000005cf       0x2d /Developer/Tools/gcc-arm-none-eabi-4_9-2015q1/bin/../lib/gcc/arm-none-eabi/4.9.3/../../../../arm-none-eabi/lib/armv7-m/libc_nano.a(lib_a-abs.o)
 .ARM.attributes
                0x00000000000005fc       0x2d /Developer/Tools/gcc-arm-none-eabi-4_9-2015q1/bin/../lib/gcc/arm-none-eabi/4.9.3/../../../../arm-none-eabi/lib/armv7-m/libc_nano.a(lib_a-atof.o)
 .ARM.attributes
                0x0000000000000629       0x2d /Developer/Tools/gcc-arm-none-eabi-4_9-2015q1/bin/../lib/gcc/arm-none-eabi/4.9.3/../../../../arm-none-eabi/lib/armv7-m/libc_nano.a(lib_a-atoi.o)
 .ARM.attributes
                0x0000000000000656       0x2d /Developer/Tools/gcc-arm-none-eabi-4_9-2015q1/bin/../lib/gcc/arm-none-eabi/4.9.3/../../../../arm-none-eabi/lib/armv7-m/libc_nano.a(lib_a-atol.o)
 .ARM.attributes
                0x0000000000000683       0x2d /Developer/Tools/gcc-arm-none-eabi-4_9-2015q1/bin/../lib/gcc/arm-none-eabi/4.9.3/../../../../arm-none-eabi/lib/armv7-m/libc_nano.a(lib_a-errno.o)
 .ARM.attributes
                0x00000000000006b0       0x2d /Developer/Tools/gcc-arm-none-eabi-4_9-2015q1/bin/../lib/gcc/arm-none-eabi/4.9.3/../../../../arm-none-eabi/lib/armv7-m/libc_nano.a(lib_a-exit.o)
 .ARM.attributes
                0x00000000000006dd       0x2d /Developer/Tools/gcc-arm-none-eabi-4_9-2015q1/bin/../lib/gcc/arm-none-eabi/4.9.3/../../../../arm-none-eabi/lib/armv7-m/libc_nano.a(lib_a-fflush.o)
 .ARM.attributes
                0x000000000000070a       0x2d /Developer/Tools/gcc-arm-none-eabi-4_9-2015q1/bin/../lib/gcc/arm-none-eabi/4.9.3/../../../../arm-none-eabi/lib/armv7-m/libc_nano.a(lib_a-findfp.o)
 .ARM.attributes
                0x0000000000000737       0x2d /Developer/Tools/gcc-arm-none-eabi-4_9-2015q1/bin/../lib/gcc/arm-none-eabi/4.9.3/../../../../arm-none-eabi/lib/armv7-m/libc_nano.a(lib_a-fprintf.o)
 .ARM.attributes
                0x0000000000000764       0x2d /Developer/Tools/gcc-arm-none-eabi-4_9-2015q1/bin/../lib/gcc/arm-none-eabi/4.9.3/../../../../arm-none-eabi/lib/armv7-m/libc_nano.a(lib_a-fwalk.o)
 .ARM.attributes
                0x0000000000000791       0x2d /Developer/Tools/gcc-arm-none-eabi-4_9-2015q1/bin/../lib/gcc/arm-none-eabi/4.9.3/../../../../arm-none-eabi/lib/armv7-m/libc_nano.a(lib_a-getchar.o)
 .ARM.attributes
                0x00000000000007be       0x2d /Developer/Tools/gcc-arm-none-eabi-4_9-2015q1/bin/../lib/gcc/arm-none-eabi/4.9.3/../../../../arm-none-eabi/lib/armv7-m/libc_nano.a(lib_a-impure.o)
 .ARM.attributes
                0x00000000000007eb       0x2d /Developer/Tools/gcc-arm-none-eabi-4_9-2015q1/bin/../lib/gcc/arm-none-eabi/4.9.3/../../../../arm-none-eabi/lib/armv7-m/libc_nano.a(lib_a-init.o)
 .ARM.attributes
                0x0000000000000818       0x2d /Developer/Tools/gcc-arm-none-eabi-4_9-2015q1/bin/../lib/gcc/arm-none-eabi/4.9.3/../../../../arm-none-eabi/lib/armv7-m/libc_nano.a(lib_a-malloc.o)
 .ARM.attributes
                0x0000000000000845       0x2d /Developer/Tools/gcc-arm-none-eabi-4_9-2015q1/bin/../lib/gcc/arm-none-eabi/4.9.3/../../../../arm-none-eabi/lib/armv7-m/libc_nano.a(lib_a-memchr.o)
 .ARM.attributes
                0x0000000000000872       0x2d /Developer/Tools/gcc-arm-none-eabi-4_9-2015q1/bin/../lib/gcc/arm-none-eabi/4.9.3/../../../../arm-none-eabi/lib/armv7-m/libc_nano.a(lib_a-memcmp.o)
 .ARM.attributes
                0x000000000000089f       0x2d /Developer/Tools/gcc-arm-none-eabi-4_9-2015q1/bin/../lib/gcc/arm-none-eabi/4.9.3/../../../../arm-none-eabi/lib/armv7-m/libc_nano.a(lib_a-memcpy.o)
 .ARM.attributes
                0x00000000000008cc       0x2d /Developer/Tools/gcc-arm-none-eabi-4_9-2015q1/bin/../lib/gcc/arm-none-eabi/4.9.3/../../../../arm-none-eabi/lib/armv7-m/libc_nano.a(lib_a-memset.o)
 .ARM.attributes
                0x00000000000008f9       0x2d /Developer/Tools/gcc-arm-none-eabi-4_9-2015q1/bin/../lib/gcc/arm-none-eabi/4.9.3/../../../../arm-none-eabi/lib/armv7-m/libc_nano.a(lib_a-nano-freer.o)
 .ARM.attributes
                0x0000000000000926       0x2d /Developer/Tools/gcc-arm-none-eabi-4_9-2015q1/bin/../lib/gcc/arm-none-eabi/4.9.3/../../../../arm-none-eabi/lib/armv7-m/libc_nano.a(lib_a-nano-mallocr.o)
 .ARM.attributes
                0x0000000000000953       0x2d /Developer/Tools/gcc-arm-none-eabi-4_9-2015q1/bin/../lib/gcc/arm-none-eabi/4.9.3/../../../../arm-none-eabi/lib/armv7-m/libc_nano.a(lib_a-nano-vfprintf.o)
 .ARM.attributes
                0x0000000000000980       0x2d /Developer/Tools/gcc-arm-none-eabi-4_9-2015q1/bin/../lib/gcc/arm-none-eabi/4.9.3/../../../../arm-none-eabi/lib/armv7-m/libc_nano.a(lib_a-nano-vfprintf_float.o)
 .ARM.attributes
                0x00000000000009ad       0x2d /Developer/Tools/gcc-arm-none-eabi-4_9-2015q1/bin/../lib/gcc/arm-none-eabi/4.9.3/../../../../arm-none-eabi/lib/armv7-m/libc_nano.a(lib_a-nano-vfprintf_i.o)
 .ARM.attributes
                0x00000000000009da       0x2d /Developer/Tools/gcc-arm-none-eabi-4_9-2015q1/bin/../lib/gcc/arm-none-eabi/4.9.3/../../../../arm-none-eabi/lib/armv7-m/libc_nano.a(lib_a-nano-vfscanf_float.o)
 .ARM.attributes
                0x0000000000000a07       0x2d /Developer/Tools/gcc-arm-none-eabi-4_9-2015q1/bin/../lib/gcc/arm-none-eabi/4.9.3/../../../../arm-none-eabi/lib/armv7-m/libc_nano.a(lib_a-putchar.o)
 .ARM.attributes
                0x0000000000000a34       0x2d /Developer/Tools/gcc-arm-none-eabi-4_9-2015q1/bin/../lib/gcc/arm-none-eabi/4.9.3/../../../../arm-none-eabi/lib/armv7-m/libc_nano.a(lib_a-puts.o)
 .ARM.attributes
                0x0000000000000a61       0x2d /Developer/Tools/gcc-arm-none-eabi-4_9-2015q1/bin/../lib/gcc/arm-none-eabi/4.9.3/../../../../arm-none-eabi/lib/armv7-m/libc_nano.a(lib_a-reent.o)
 .ARM.attributes
                0x0000000000000a8e       0x2d /Developer/Tools/gcc-arm-none-eabi-4_9-2015q1/bin/../lib/gcc/arm-none-eabi/4.9.3/../../../../arm-none-eabi/lib/armv7-m/libc_nano.a(lib_a-refill.o)
 .ARM.attributes
                0x0000000000000abb       0x2d /Developer/Tools/gcc-arm-none-eabi-4_9-2015q1/bin/../lib/gcc/arm-none-eabi/4.9.3/../../../../arm-none-eabi/lib/armv7-m/libc_nano.a(lib_a-rget.o)
 .ARM.attributes
                0x0000000000000ae8       0x2d /Developer/Tools/gcc-arm-none-eabi-4_9-2015q1/bin/../lib/gcc/arm-none-eabi/4.9.3/../../../../arm-none-eabi/lib/armv7-m/libc_nano.a(lib_a-s_fpclassify.o)
 .ARM.attributes
                0x0000000000000b15       0x2d /Developer/Tools/gcc-arm-none-eabi-4_9-2015q1/bin/../lib/gcc/arm-none-eabi/4.9.3/../../../../arm-none-eabi/lib/armv7-m/libc_nano.a(lib_a-sbrkr.o)
 .ARM.attributes
                0x0000000000000b42       0x2d /Developer/Tools/gcc-arm-none-eabi-4_9-2015q1/bin/../lib/gcc/arm-none-eabi/4.9.3/../../../../arm-none-eabi/lib/armv7-m/libc_nano.a(lib_a-sf_nan.o)
 .ARM.attributes
                0x0000000000000b6f       0x2d /Developer/Tools/gcc-arm-none-eabi-4_9-2015q1/bin/../lib/gcc/arm-none-eabi/4.9.3/../../../../arm-none-eabi/lib/armv7-m/libc_nano.a(lib_a-signal.o)
 .ARM.attributes
                0x0000000000000b9c       0x2d /Developer/Tools/gcc-arm-none-eabi-4_9-2015q1/bin/../lib/gcc/arm-none-eabi/4.9.3/../../../../arm-none-eabi/lib/armv7-m/libc_nano.a(lib_a-signalr.o)
 .ARM.attributes
                0x0000000000000bc9       0x2d /Developer/Tools/gcc-arm-none-eabi-4_9-2015q1/bin/../lib/gcc/arm-none-eabi/4.9.3/../../../../arm-none-eabi/lib/armv7-m/libc_nano.a(lib_a-sprintf.o)
 .ARM.attributes
                0x0000000000000bf6       0x2d /Developer/Tools/gcc-arm-none-eabi-4_9-2015q1/bin/../lib/gcc/arm-none-eabi/4.9.3/../../../../arm-none-eabi/lib/armv7-m/libc_nano.a(lib_a-stdio.o)
 .ARM.attributes
                0x0000000000000c23       0x1b /Developer/Tools/gcc-arm-none-eabi-4_9-2015q1/bin/../lib/gcc/arm-none-eabi/4.9.3/../../../../arm-none-eabi/lib/armv7-m/libc_nano.a(lib_a-strcmp.o)
 .ARM.attributes
                0x0000000000000c3e       0x2d /Developer/Tools/gcc-arm-none-eabi-4_9-2015q1/bin/../lib/gcc/arm-none-eabi/4.9.3/../../../../arm-none-eabi/lib/armv7-m/libc_nano.a(lib_a-strlen.o)
 .ARM.attributes
                0x0000000000000c6b       0x2d /Developer/Tools/gcc-arm-none-eabi-4_9-2015q1/bin/../lib/gcc/arm-none-eabi/4.9.3/../../../../arm-none-eabi/lib/armv7-m/libc_nano.a(lib_a-strncmp.o)
 .ARM.attributes
                0x0000000000000c98       0x2d /Developer/Tools/gcc-arm-none-eabi-4_9-2015q1/bin/../lib/gcc/arm-none-eabi/4.9.3/../../../../arm-none-eabi/lib/armv7-m/libc_nano.a(lib_a-strtod.o)
 .ARM.attributes
                0x0000000000000cc5       0x2d /Developer/Tools/gcc-arm-none-eabi-4_9-2015q1/bin/../lib/gcc/arm-none-eabi/4.9.3/../../../../arm-none-eabi/lib/armv7-m/libc_nano.a(lib_a-strtol.o)
 .ARM.attributes
                0x0000000000000cf2       0x2d /Developer/Tools/gcc-arm-none-eabi-4_9-2015q1/bin/../lib/gcc/arm-none-eabi/4.9.3/../../../../arm-none-eabi/lib/armv7-m/libc_nano.a(lib_a-wbuf.o)
 .ARM.attributes
                0x0000000000000d1f       0x2d /Developer/Tools/gcc-arm-none-eabi-4_9-2015q1/bin/../lib/gcc/arm-none-eabi/4.9.3/../../../../arm-none-eabi/lib/armv7-m/libc_nano.a(lib_a-writer.o)
 .ARM.attributes
                0x0000000000000d4c       0x2d /Developer/Tools/gcc-arm-none-eabi-4_9-2015q1/bin/../lib/gcc/arm-none-eabi/4.9.3/../../../../arm-none-eabi/lib/armv7-m/libc_nano.a(lib_a-wsetup.o)
 .ARM.attributes
                0x0000000000000d79       0x2d /Developer/Tools/gcc-arm-none-eabi-4_9-2015q1/bin/../lib/gcc/arm-none-eabi/4.9.3/../../../../arm-none-eabi/lib/armv7-m/libc_nano.a(lib_a-closer.o)
 .ARM.attributes
                0x0000000000000da6       0x2d /Developer/Tools/gcc-arm-none-eabi-4_9-2015q1/bin/../lib/gcc/arm-none-eabi/4.9.3/../../../../arm-none-eabi/lib/armv7-m/libc_nano.a(lib_a-ctype_.o)
 .ARM.attributes
                0x0000000000000dd3       0x2d /Developer/Tools/gcc-arm-none-eabi-4_9-2015q1/bin/../lib/gcc/arm-none-eabi/4.9.3/../../../../arm-none-eabi/lib/armv7-m/libc_nano.a(lib_a-dtoa.o)
 .ARM.attributes
                0x0000000000000e00       0x2d /Developer/Tools/gcc-arm-none-eabi-4_9-2015q1/bin/../lib/gcc/arm-none-eabi/4.9.3/../../../../arm-none-eabi/lib/armv7-m/libc_nano.a(lib_a-gdtoa-gethex.o)
 .ARM.attributes
                0x0000000000000e2d       0x2d /Developer/Tools/gcc-arm-none-eabi-4_9-2015q1/bin/../lib/gcc/arm-none-eabi/4.9.3/../../../../arm-none-eabi/lib/armv7-m/libc_nano.a(lib_a-gdtoa-hexnan.o)
 .ARM.attributes
                0x0000000000000e5a       0x2d /Developer/Tools/gcc-arm-none-eabi-4_9-2015q1/bin/../lib/gcc/arm-none-eabi/4.9.3/../../../../arm-none-eabi/lib/armv7-m/libc_nano.a(lib_a-getc.o)
 .ARM.attributes
                0x0000000000000e87       0x2d /Developer/Tools/gcc-arm-none-eabi-4_9-2015q1/bin/../lib/gcc/arm-none-eabi/4.9.3/../../../../arm-none-eabi/lib/armv7-m/libc_nano.a(lib_a-locale.o)
 .ARM.attributes
                0x0000000000000eb4       0x2d /Developer/Tools/gcc-arm-none-eabi-4_9-2015q1/bin/../lib/gcc/arm-none-eabi/4.9.3/../../../../arm-none-eabi/lib/armv7-m/libc_nano.a(lib_a-lseekr.o)
 .ARM.attributes
                0x0000000000000ee1       0x2d /Developer/Tools/gcc-arm-none-eabi-4_9-2015q1/bin/../lib/gcc/arm-none-eabi/4.9.3/../../../../arm-none-eabi/lib/armv7-m/libc_nano.a(lib_a-makebuf.o)
 .ARM.attributes
                0x0000000000000f0e       0x2d /Developer/Tools/gcc-arm-none-eabi-4_9-2015q1/bin/../lib/gcc/arm-none-eabi/4.9.3/../../../../arm-none-eabi/lib/armv7-m/libc_nano.a(lib_a-memmove.o)
 .ARM.attributes
                0x0000000000000f3b       0x2d /Developer/Tools/gcc-arm-none-eabi-4_9-2015q1/bin/../lib/gcc/arm-none-eabi/4.9.3/../../../../arm-none-eabi/lib/armv7-m/libc_nano.a(lib_a-mprec.o)
 .ARM.attributes
                0x0000000000000f68       0x2d /Developer/Tools/gcc-arm-none-eabi-4_9-2015q1/bin/../lib/gcc/arm-none-eabi/4.9.3/../../../../arm-none-eabi/lib/armv7-m/libc_nano.a(lib_a-nano-callocr.o)
 .ARM.attributes
                0x0000000000000f95       0x2d /Developer/Tools/gcc-arm-none-eabi-4_9-2015q1/bin/../lib/gcc/arm-none-eabi/4.9.3/../../../../arm-none-eabi/lib/armv7-m/libc_nano.a(lib_a-nano-reallocr.o)
 .ARM.attributes
                0x0000000000000fc2       0x2d /Developer/Tools/gcc-arm-none-eabi-4_9-2015q1/bin/../lib/gcc/arm-none-eabi/4.9.3/../../../../arm-none-eabi/lib/armv7-m/libc_nano.a(lib_a-nano-svfprintf.o)
 .ARM.attributes
                0x0000000000000fef       0x2d /Developer/Tools/gcc-arm-none-eabi-4_9-2015q1/bin/../lib/gcc/arm-none-eabi/4.9.3/../../../../arm-none-eabi/lib/armv7-m/libc_nano.a(lib_a-putc.o)
 .ARM.attributes
                0x000000000000101c       0x2d /Developer/Tools/gcc-arm-none-eabi-4_9-2015q1/bin/../lib/gcc/arm-none-eabi/4.9.3/../../../../arm-none-eabi/lib/armv7-m/libc_nano.a(lib_a-readr.o)
 .ARM.attributes
                0x0000000000001049       0x2d /Developer/Tools/gcc-arm-none-eabi-4_9-2015q1/bin/../lib/gcc/arm-none-eabi/4.9.3/../../../../arm-none-eabi/lib/armv7-m/libc_nano.a(lib_a-fstatr.o)
 .ARM.attributes